<?xml version="1.0" encoding="utf-8"?>
<TestRun id="abc0c0e0-9d09-4420-a7a9-354fa3381bbf" name="@archlinux 2026-10-02 13:03:33" xmlns="http://microsoft.com/schemas/VisualStudio/TeamTest/2010">
  <Times creation="2026-10-02T13:03:33.3820397-05:00" queuing="2026-10-02T13:03:33.3820399-05:00" start="2026-10-02T13:03:22.5191270-05:00" finish="2026-10-02T13:03:34.3250111-05:00" />
  <TestSettings name="default" id="aa54ca43-6338-4ffb-8168-1e5924c50bf7">
    <Deployment runDeploymentRoot="_archlinux_2026-10-02_13_03_33" />
  </TestSettings>
  <Results>
    <UnitTestResult executionId="27e201b3-e0d8-4c16-81ab-f6c8f6025d69" testId="b1197f37-13b4-8011-6c53-87893a7268d2" testName="Sillar.Shared.Tests.ModuleGraphTests.Un_modulo_sin_descripcion_aborta(descripcion: &quot;&quot;)" computerName="archlinux" duration="00:00:00.0009384" startTime="2026-10-02T13:03:33.2236434-05:00" endTime="2026-10-02T13:03:33.2246973-05:00" testType="13cdc9d9-ddb5-4fa4-a97d-d965ccfc6d4b" outcome="Passed" testListId="8c84fa94-04c1-424b-9868-57a2d4851a1d" relativeResultsDirectory="27e201b3-e0d8-4c16-81ab-f6c8f6025d69" />
    <UnitTestResult executionId="fdb0de60-eafe-493d-862d-5909b455ef6d" testId="10e0b6fb-6e9d-d7b0-2f79-7a715ec05845" testName="Sillar.Shared.Tests.ModuleActivationSafetyTests.Activar_con_las_dependencias_duras_activas_si_esta_permitido" computerName="archlinux" duration="00:00:00.0062658" startTime="2026-10-02T13:03:33.0352639-05:00" endTime="2026-10-02T13:03:33.0416261-05:00" testType="13cdc9d9-ddb5-4fa4-a97d-d965ccfc6d4b" outcome="Passed" testListId="8c84fa94-04c1-424b-9868-57a2d4851a1d" relativeResultsDirectory="fdb0de60-eafe-493d-862d-5909b455ef6d" />
    <UnitTestResult executionId="77d9a328-5630-47c2-b0a8-725190ca32eb" testId="04837b08-f478-981f-c9f9-7932546ce824" testName="Sillar.Shared.Tests.ModuleGraphTests.Un_nombre_visible_vacio_aborta" computerName="archlinux" duration="00:00:00.0009809" startTime="2026-10-02T13:03:33.2356471-05:00" endTime="2026-10-02T13:03:33.2367426-05:00" testType="13cdc9d9-ddb5-4fa4-a97d-d965ccfc6d4b" outcome="Passed" testListId="8c84fa94-04c1-424b-9868-57a2d4851a1d" relativeResultsDirectory="77d9a328-5630-47c2-b0a8-725190ca32eb" />
    <UnitTestResult executionId="2222548c-a0d2-40a8-8608-02b0dc65da1f" testId="488ccede-2195-cf9d-1c41-dfb7e2c92386" testName="Sillar.Shared.Tests.ModuleActivationSafetyTests.Desactivar_en_orden_inverso_a_las_dependencias_si_esta_permitido" computerName="archlinux" duration="00:00:00.0075385" startTime="2026-10-02T13:03:33.0867238-05:00" endTime="2026-10-02T13:03:33.0943559-05:00" testType="13cdc9d9-ddb5-4fa4-a97d-d965ccfc6d4b" outcome="Passed" testListId="8c84fa94-04c1-424b-9868-57a2d4851a1d" relativeResultsDirectory="2222548c-a0d2-40a8-8608-02b0dc65da1f" />
    <UnitTestResult executionId="62af5e27-fe0f-4f25-b44b-afb9385d41a0" testId="ac4595a4-a821-fd57-ad01-7dd75804bf6f" testName="Sillar.Shared.Tests.ModuleGraphTests.Un_ciclo_a_traves_de_una_dependencia_blanda_tambien_aborta" computerName="archlinux" duration="00:00:00.0113343" startTime="2026-10-02T13:03:33.1367324-05:00" endTime="2026-10-02T13:03:33.1481608-05:00" testType="13cdc9d9-ddb5-4fa4-a97d-d965ccfc6d4b" outcome="Passed" testListId="8c84fa94-04c1-424b-9868-57a2d4851a1d" relativeResultsDirectory="62af5e27-fe0f-4f25-b44b-afb9385d41a0" />
    <UnitTestResult executionId="65f8df0a-8b57-4b14-8cbf-d8507d5f2184" testId="fc9bf48e-3821-a5da-088c-6b572082bb29" testName="Sillar.Shared.Tests.ModuleGraphTests.Un_modulo_que_depende_de_si_mismo_aborta" computerName="archlinux" duration="00:00:00.0050551" startTime="2026-10-02T13:03:33.2063065-05:00" endTime="2026-10-02T13:03:33.2114618-05:00" testType="13cdc9d9-ddb5-4fa4-a97d-d965ccfc6d4b" outcome="Passed" testListId="8c84fa94-04c1-424b-9868-57a2d4851a1d" relativeResultsDirectory="65f8df0a-8b57-4b14-8cbf-d8507d5f2184" />
    <UnitTestResult executionId="8a1e57f9-1f5f-4b19-984f-d7046d89bee9" testId="93f28bcf-55da-1d4b-7b32-f48e3788b8d2" testName="Sillar.Shared.Tests.ModuleGraphTests.Dos_modulos_con_el_mismo_codigo_abortan" computerName="archlinux" duration="00:00:00.0009296" startTime="2026-10-02T13:03:33.2274648-05:00" endTime="2026-10-02T13:03:33.2284843-05:00" testType="13cdc9d9-ddb5-4fa4-a97d-d965ccfc6d4b" outcome="Passed" testListId="8c84fa94-04c1-424b-9868-57a2d4851a1d" relativeResultsDirectory="8a1e57f9-1f5f-4b19-984f-d7046d89bee9" />
    <UnitTestResult executionId="cc297dc4-71d0-4d65-b7e3-bf95d8d135ff" testId="ccce94a3-36a5-4767-e0e7-4da062b73f88" testName="Sillar.Shared.Tests.ModuleGraphTests.Una_version_mal_formada_aborta(version: &quot;1.0&quot;)" computerName="archlinux" duration="00:00:00.0026443" startTime="2026-10-02T13:03:33.1588127-05:00" endTime="2026-10-02T13:03:33.1615493-05:00" testType="13cdc9d9-ddb5-4fa4-a97d-d965ccfc6d4b" outcome="Passed" testListId="8c84fa94-04c1-424b-9868-57a2d4851a1d" relativeResultsDirectory="cc297dc4-71d0-4d65-b7e3-bf95d8d135ff" />
    <UnitTestResult executionId="0f6ca33f-baf3-4c15-bd7e-fc59bda6909a" testId="1319230a-6437-d2cf-666c-31ddd7692db5" testName="Sillar.Shared.Tests.PagingTests.Una_pagina_por_debajo_de_uno_se_trata_como_la_primera(pedida: -3)" computerName="archlinux" duration="00:00:00.0465381" startTime="2026-10-02T13:03:32.9400104-05:00" endTime="2026-10-02T13:03:32.9866452-05:00" testType="13cdc9d9-ddb5-4fa4-a97d-d965ccfc6d4b" outcome="Passed" testListId="8c84fa94-04c1-424b-9868-57a2d4851a1d" relativeResultsDirectory="0f6ca33f-baf3-4c15-bd7e-fc59bda6909a" />
    <UnitTestResult executionId="d92fd89a-bd98-4ba2-bf1d-783af67ef002" testId="36c08052-21fb-fb3f-5666-dd1ef9abb299" testName="Sillar.Shared.Tests.ModuleActivationTests.Se_reportan_todas_las_dependencias_que_faltan_no_solo_la_primera" computerName="archlinux" duration="00:00:00.2043958" startTime="2026-10-02T13:03:32.5575062-05:00" endTime="2026-10-02T13:03:32.8553206-05:00" testType="13cdc9d9-ddb5-4fa4-a97d-d965ccfc6d4b" outcome="Passed" testListId="8c84fa94-04c1-424b-9868-57a2d4851a1d" relativeResultsDirectory="d92fd89a-bd98-4ba2-bf1d-783af67ef002" />
    <UnitTestResult executionId="0164f575-ad72-4c4b-bc23-fc00e997e7f3" testId="68536210-3ccf-339f-c081-a0bae768f131" testName="Sillar.Shared.Tests.PagingTests.El_total_de_paginas_redondea_hacia_arriba" computerName="archlinux" duration="00:00:00.0129769" startTime="2026-10-02T13:03:33.0029873-05:00" endTime="2026-10-02T13:03:33.0160580-05:00" testType="13cdc9d9-ddb5-4fa4-a97d-d965ccfc6d4b" outcome="Passed" testListId="8c84fa94-04c1-424b-9868-57a2d4851a1d" relativeResultsDirectory="0164f575-ad72-4c4b-bc23-fc00e997e7f3" />
    <UnitTestResult executionId="5fac6de6-7bc8-476f-96a8-3c6470d5f490" testId="78d08b58-8e7f-078b-ba83-c37ca244e85f" testName="Sillar.Shared.Tests.ModuleGraphTests.Una_version_mal_formada_aborta(version: &quot;&quot;)" computerName="archlinux" duration="00:00:00.0000840" startTime="2026-10-02T13:03:33.1648845-05:00" endTime="2026-10-02T13:03:33.1650375-05:00" testType="13cdc9d9-ddb5-4fa4-a97d-d965ccfc6d4b" outcome="Passed" testListId="8c84fa94-04c1-424b-9868-57a2d4851a1d" relativeResultsDirectory="5fac6de6-7bc8-476f-96a8-3c6470d5f490" />
    <UnitTestResult executionId="c2aeecb2-0c09-408c-9d33-bd40661cf847" testId="ef81a0aa-892a-4bb1-1b20-0a6d896b1d42" testName="Sillar.Shared.Tests.ModuleActivationTests.Un_modulo_activo_con_su_dependencia_dura_apagada_es_un_problema" computerName="archlinux" duration="00:00:00.1671784" startTime="2026-10-02T13:03:32.9875225-05:00" endTime="2026-10-02T13:03:33.1547883-05:00" testType="13cdc9d9-ddb5-4fa4-a97d-d965ccfc6d4b" outcome="Passed" testListId="8c84fa94-04c1-424b-9868-57a2d4851a1d" relativeResultsDirectory="c2aeecb2-0c09-408c-9d33-bd40661cf847" />
    <UnitTestResult executionId="8d936311-5165-42a1-861d-31f5381c19fc" testId="6b8fd69c-6025-42c6-d04d-28eca2cbd6e1" testName="Sillar.Shared.Tests.PagingTests.El_salto_corresponde_a_la_pagina_pedida" computerName="archlinux" duration="00:00:00.0138275" startTime="2026-10-02T13:03:32.9879725-05:00" endTime="2026-10-02T13:03:33.0018978-05:00" testType="13cdc9d9-ddb5-4fa4-a97d-d965ccfc6d4b" outcome="Passed" testListId="8c84fa94-04c1-424b-9868-57a2d4851a1d" relativeResultsDirectory="8d936311-5165-42a1-861d-31f5381c19fc" />
    <UnitTestResult executionId="1526e6de-2983-48e6-8c15-a8df60751f02" testId="bea816d5-7965-172a-e09c-6311699c3fff" testName="Sillar.Shared.Tests.PagingTests.Una_pagina_por_debajo_de_uno_se_trata_como_la_primera(pedida: 0)" computerName="archlinux" duration="00:00:00.0077925" startTime="2026-10-02T13:03:32.9313871-05:00" endTime="2026-10-02T13:03:32.9392973-05:00" testType="13cdc9d9-ddb5-4fa4-a97d-d965ccfc6d4b" outcome="Passed" testListId="8c84fa94-04c1-424b-9868-57a2d4851a1d" relativeResultsDirectory="1526e6de-2983-48e6-8c15-a8df60751f02" />
    <UnitTestResult executionId="389d6324-dd75-4f02-becc-a2167e311675" testId="590d9aa4-f46d-c561-144d-fba1f483dde5" testName="Sillar.Shared.Tests.ModuleActiveButUndeclaredTests.Lo_inactivo_y_ausente_no_es_un_problema" computerName="archlinux" duration="00:00:00.0570860" startTime="2026-10-02T13:03:32.9335932-05:00" endTime="2026-10-02T13:03:32.9907910-05:00" testType="13cdc9d9-ddb5-4fa4-a97d-d965ccfc6d4b" outcome="Passed" testListId="8c84fa94-04c1-424b-9868-57a2d4851a1d" relativeResultsDirectory="389d6324-dd75-4f02-becc-a2167e311675" />
    <UnitTestResult executionId="a1b3c33f-ca81-4168-bfa3-7194bb151e6b" testId="94f5a452-f888-9e47-df0b-74088622f9f7" testName="Sillar.Shared.Tests.ModuleActiveButUndeclaredTests.Un_codigo_activo_que_el_binario_no_trae_se_nombra" computerName="archlinux" duration="00:00:00.0142739" startTime="2026-10-02T13:03:33.0068201-05:00" endTime="2026-10-02T13:03:33.0211764-05:00" testType="13cdc9d9-ddb5-4fa4-a97d-d965ccfc6d4b" outcome="Passed" testListId="8c84fa94-04c1-424b-9868-57a2d4851a1d" relativeResultsDirectory="a1b3c33f-ca81-4168-bfa3-7194bb151e6b" />
    <UnitTestResult executionId="607e9f7b-a5b5-42fe-81b0-3f48ad67c325" testId="59443519-e3d6-8473-6e54-824209896f76" testName="Sillar.Shared.Tests.ModuleGraphTests.Una_dependencia_dura_hacia_un_modulo_inexistente_aborta" computerName="archlinux" duration="00:00:00.0050384" startTime="2026-10-02T13:03:33.2129217-05:00" endTime="2026-10-02T13:03:33.2180493-05:00" testType="13cdc9d9-ddb5-4fa4-a97d-d965ccfc6d4b" outcome="Passed" testListId="8c84fa94-04c1-424b-9868-57a2d4851a1d" relativeResultsDirectory="607e9f7b-a5b5-42fe-81b0-3f48ad67c325" />
    <UnitTestResult executionId="b5ad0a03-e8aa-498c-ab29-11dcadf807cd" testId="d8044fd6-ef55-eafe-e2fb-7b9e9295a55b" testName="Sillar.Shared.Tests.PagingTests.Un_tamano_de_cero_o_negativo_se_lleva_al_minimo" computerName="archlinux" duration="00:00:00.0004946" startTime="2026-10-02T13:03:33.0431961-05:00" endTime="2026-10-02T13:03:33.0438073-05:00" testType="13cdc9d9-ddb5-4fa4-a97d-d965ccfc6d4b" outcome="Passed" testListId="8c84fa94-04c1-424b-9868-57a2d4851a1d" relativeResultsDirectory="b5ad0a03-e8aa-498c-ab29-11dcadf807cd" />
    <UnitTestResult executionId="ef15abb8-4d89-4330-8abd-387dee06cad1" testId="68bc265c-6377-17e5-58d5-1c504a28887c" testName="Sillar.Shared.Tests.ModuleGraphTests.Una_dependencia_blanda_inexistente_solo_avisa" computerName="archlinux" duration="00:00:00.0010503" startTime="2026-10-02T13:03:33.1997988-05:00" endTime="2026-10-02T13:03:33.2009389-05:00" testType="13cdc9d9-ddb5-4fa4-a97d-d965ccfc6d4b" outcome="Passed" testListId="8c84fa94-04c1-424b-9868-57a2d4851a1d" relativeResultsDirectory="ef15abb8-4d89-4330-8abd-387dee06cad1" />
    <UnitTestResult executionId="8044c734-e6b5-492d-9852-fe732df30777" testId="b0515811-2006-9b1d-9ffe-c026c6b1eb25" testName="Sillar.Shared.Tests.ModuleGraphTests.Una_version_mal_formada_aborta(version: &quot;v1.0.0&quot;)" computerName="archlinux" duration="00:00:00.0009009" startTime="2026-10-02T13:03:33.1530050-05:00" endTime="2026-10-02T13:03:33.1540036-05:00" testType="13cdc9d9-ddb5-4fa4-a97d-d965ccfc6d4b" outcome="Passed" testListId="8c84fa94-04c1-424b-9868-57a2d4851a1d" relativeResultsDirectory="8044c734-e6b5-492d-9852-fe732df30777" />
    <UnitTestResult executionId="6546b214-4fff-4652-bb31-f7ea34a9123f" testId="8da20823-6df2-1cb7-f77d-da02bfebdd7c" testName="Sillar.Shared.Tests.ModuleGraphTests.Un_modulo_sin_descripcion_aborta(descripcion: &quot;   &quot;)" computerName="archlinux" duration="00:00:00.0006683" startTime="2026-10-02T13:03:33.2255135-05:00" endTime="2026-10-02T13:03:33.2262682-05:00" testType="13cdc9d9-ddb5-4fa4-a97d-d965ccfc6d4b" outcome="Passed" testListId="8c84fa94-04c1-424b-9868-57a2d4851a1d" relativeResultsDirectory="6546b214-4fff-4652-bb31-f7ea34a9123f" />
    <UnitTestResult executionId="0ae7fd27-2093-4478-a831-25fe8351b478" testId="6d6a9c16-62d6-bc5c-dc66-749a867666e6" testName="Sillar.Shared.Tests.ModuleGraphTests.El_orden_deja_cada_modulo_detras_de_sus_dependencias" computerName="archlinux" duration="00:00:00.0889385" startTime="2026-10-02T13:03:33.0217313-05:00" endTime="2026-10-02T13:03:33.1107619-05:00" testType="13cdc9d9-ddb5-4fa4-a97d-d965ccfc6d4b" outcome="Passed" testListId="8c84fa94-04c1-424b-9868-57a2d4851a1d" relativeResultsDirectory="0ae7fd27-2093-4478-a831-25fe8351b478" />
    <UnitTestResult executionId="4ce96f96-aea8-4d07-9f37-6481b66cd0b8" testId="cec57de5-0193-5644-f9c6-d015f7bfb1d6" testName="Sillar.Shared.Tests.ModuleGraphTests.Un_codigo_que_no_sirve_como_schema_aborta(codigo: &quot;Catalog&quot;)" computerName="archlinux" duration="00:00:00.0000779" startTime="2026-10-02T13:03:32.9256531-05:00" endTime="2026-10-02T13:03:32.9258326-05:00" testType="13cdc9d9-ddb5-4fa4-a97d-d965ccfc6d4b" outcome="Passed" testListId="8c84fa94-04c1-424b-9868-57a2d4851a1d" relativeResultsDirectory="4ce96f96-aea8-4d07-9f37-6481b66cd0b8" />
    <UnitTestResult executionId="8a69ff7b-0b5d-4a40-bc79-294f46d0a90f" testId="3822b417-8217-1330-ebc7-23c1f17c1f5d" testName="Sillar.Shared.Tests.ModuleActiveButUndeclaredTests.Sin_ningun_codigo_activo_no_hay_nada_que_reportar" computerName="archlinux" duration="00:00:00.0004427" startTime="2026-10-02T13:03:33.0330292-05:00" endTime="2026-10-02T13:03:33.0335646-05:00" testType="13cdc9d9-ddb5-4fa4-a97d-d965ccfc6d4b" outcome="Passed" testListId="8c84fa94-04c1-424b-9868-57a2d4851a1d" relativeResultsDirectory="8a69ff7b-0b5d-4a40-bc79-294f46d0a90f" />
    <UnitTestResult executionId="2d348c07-39c2-48cf-a6b4-df0a0c3cb934" testId="5240cc20-edff-569d-49c7-eaf48c16b3fb" testName="Sillar.Shared.Tests.PagingTests.Sin_pedir_nada_se_devuelve_la_primera_pagina_de_cincuenta" computerName="archlinux" duration="00:00:00.0115219" startTime="2026-10-02T13:03:33.0170663-05:00" endTime="2026-10-02T13:03:33.0286842-05:00" testType="13cdc9d9-ddb5-4fa4-a97d-d965ccfc6d4b" outcome="Passed" testListId="8c84fa94-04c1-424b-9868-57a2d4851a1d" relativeResultsDirectory="2d348c07-39c2-48cf-a6b4-df0a0c3cb934" />
    <UnitTestResult executionId="040a3f8f-f78c-4535-b860-dbc56cf37bfb" testId="897e1a2f-1fbc-6666-3981-9a607e9c2bea" testName="Sillar.Shared.Tests.ModuleActivationTests.Una_dependencia_blanda_apagada_no_es_un_problema" computerName="archlinux" duration="00:00:00.0089184" startTime="2026-10-02T13:03:33.1631980-05:00" endTime="2026-10-02T13:03:33.1722757-05:00" testType="13cdc9d9-ddb5-4fa4-a97d-d965ccfc6d4b" outcome="Passed" testListId="8c84fa94-04c1-424b-9868-57a2d4851a1d" relativeResultsDirectory="040a3f8f-f78c-4535-b860-dbc56cf37bfb" />
    <UnitTestResult executionId="b9f68c80-bafe-4628-97ec-7ae0dc5c73e9" testId="12cc2df7-4072-fe76-e69a-db3d62aad2d1" testName="Sillar.Shared.Tests.ModuleGraphTests.El_orden_no_depende_de_como_lleguen_los_modulos" computerName="archlinux" duration="00:00:00.0139083" startTime="2026-10-02T13:03:33.1794788-05:00" endTime="2026-10-02T13:03:33.1935026-05:00" testType="13cdc9d9-ddb5-4fa4-a97d-d965ccfc6d4b" outcome="Passed" testListId="8c84fa94-04c1-424b-9868-57a2d4851a1d" relativeResultsDirectory="b9f68c80-bafe-4628-97ec-7ae0dc5c73e9" />
    <UnitTestResult executionId="b6c7e096-9a85-4ad5-9eb5-01932572648f" testId="84990c2a-9af3-9ee2-607c-0fd6a2fd79d0" testName="Sillar.Shared.Tests.PagingTests.No_se_puede_pedir_mas_del_maximo" computerName="archlinux" duration="00:00:00.0003505" startTime="2026-10-02T13:03:33.0296164-05:00" endTime="2026-10-02T13:03:33.0300348-05:00" testType="13cdc9d9-ddb5-4fa4-a97d-d965ccfc6d4b" outcome="Passed" testListId="8c84fa94-04c1-424b-9868-57a2d4851a1d" relativeResultsDirectory="b6c7e096-9a85-4ad5-9eb5-01932572648f" />
    <UnitTestResult executionId="999c013a-8f84-471a-874c-ef20306d9a13" testId="81ebc2f9-29ef-bba7-9397-a8f1ca3136bb" testName="Sillar.Shared.Tests.ModuleGraphTests.Un_codigo_que_no_sirve_como_schema_aborta(codigo: &quot;c&quot;)" computerName="archlinux" duration="00:00:00.0000927" startTime="2026-10-02T13:03:32.9278999-05:00" endTime="2026-10-02T13:03:32.9280688-05:00" testType="13cdc9d9-ddb5-4fa4-a97d-d965ccfc6d4b" outcome="Passed" testListId="8c84fa94-04c1-424b-9868-57a2d4851a1d" relativeResultsDirectory="999c013a-8f84-471a-874c-ef20306d9a13" />
    <UnitTestResult executionId="b0536d16-ef63-4870-9a09-4ef5993cc563" testId="5e41e984-39a5-b636-ff5c-5bbd9223c593" testName="Sillar.Shared.Tests.ModuleGraphTests.Sin_CORE_no_se_puede_arrancar" computerName="archlinux" duration="00:00:00.0601908" startTime="2026-10-02T13:03:32.9463952-05:00" endTime="2026-10-02T13:03:33.0066961-05:00" testType="13cdc9d9-ddb5-4fa4-a97d-d965ccfc6d4b" outcome="Passed" testListId="8c84fa94-04c1-424b-9868-57a2d4851a1d" relativeResultsDirectory="b0536d16-ef63-4870-9a09-4ef5993cc563" />
    <UnitTestResult executionId="91835ee7-32f5-4733-a298-bc7a5c6109f5" testId="736b37b7-cacf-0607-5289-a85dc6ae5d18" testName="Sillar.Shared.Tests.ModuleActivationSafetyTests.Desactivar_CORE_dejaria_a_todos_los_activos_sin_su_dependencia_dura" computerName="archlinux" duration="00:00:00.1934032" startTime="2026-10-02T13:03:32.5592835-05:00" endTime="2026-10-02T13:03:32.8544323-05:00" testType="13cdc9d9-ddb5-4fa4-a97d-d965ccfc6d4b" outcome="Passed" testListId="8c84fa94-04c1-424b-9868-57a2d4851a1d" relativeResultsDirectory="91835ee7-32f5-4733-a298-bc7a5c6109f5" />
    <UnitTestResult executionId="012b3d7d-6c90-4025-b4c5-85cfaef0f497" testId="e7e70748-e0a9-a819-6080-ed02f4f95840" testName="Sillar.Shared.Tests.ModuleActivationSafetyTests.Activar_con_una_dependencia_dura_inactiva_no_esta_permitido" computerName="archlinux" duration="00:00:00.0088650" startTime="2026-10-02T13:03:33.0715543-05:00" endTime="2026-10-02T13:03:33.0805315-05:00" testType="13cdc9d9-ddb5-4fa4-a97d-d965ccfc6d4b" outcome="Passed" testListId="8c84fa94-04c1-424b-9868-57a2d4851a1d" relativeResultsDirectory="012b3d7d-6c90-4025-b4c5-85cfaef0f497" />
    <UnitTestResult executionId="f14247a0-2745-4f8f-9318-b9c255481d7b" testId="8881ef95-2e1f-3540-310c-de8c6ff458e7" testName="Sillar.Shared.Tests.ModuleActiveButUndeclaredTests.Se_nombran_todos_los_que_faltan_no_solo_el_primero" computerName="archlinux" duration="00:00:00.2995970" startTime="2026-10-02T13:03:32.5593729-05:00" endTime="2026-10-02T13:03:32.9222840-05:00" testType="13cdc9d9-ddb5-4fa4-a97d-d965ccfc6d4b" outcome="Passed" testListId="8c84fa94-04c1-424b-9868-57a2d4851a1d" relativeResultsDirectory="f14247a0-2745-4f8f-9318-b9c255481d7b" />
    <UnitTestResult executionId="0a346372-ebc1-4389-8a30-a5d0eed13822" testId="0965a50e-e2d1-f990-7d9a-a1485cae9c5c" testName="Sillar.Shared.Tests.ModuleGraphTests.Declarar_la_misma_dependencia_dura_y_blanda_avisa_y_manda_la_dura" computerName="archlinux" duration="00:00:00.0069498" startTime="2026-10-02T13:03:33.1204484-05:00" endTime="2026-10-02T13:03:33.1275022-05:00" testType="13cdc9d9-ddb5-4fa4-a97d-d965ccfc6d4b" outcome="Passed" testListId="8c84fa94-04c1-424b-9868-57a2d4851a1d" relativeResultsDirectory="0a346372-ebc1-4389-8a30-a5d0eed13822" />
    <UnitTestResult executionId="a0de5963-c036-4068-9e7b-d190d8ab5cdd" testId="d37e74f9-080f-6c69-48f4-cc6d2cd8ac1a" testName="Sillar.Shared.Tests.ModuleActivationTests.Con_todas_las_dependencias_duras_activas_no_hay_problema" computerName="archlinux" duration="00:00:00.0085778" startTime="2026-10-02T13:03:32.9377290-05:00" endTime="2026-10-02T13:03:32.9463913-05:00" testType="13cdc9d9-ddb5-4fa4-a97d-d965ccfc6d4b" outcome="Passed" testListId="8c84fa94-04c1-424b-9868-57a2d4851a1d" relativeResultsDirectory="a0de5963-c036-4068-9e7b-d190d8ab5cdd" />
    <UnitTestResult executionId="faed8b0d-6250-4a60-aba2-dcebdcecd824" testId="550abe88-116b-48d6-b766-0782b689b6fd" testName="Sillar.Shared.Tests.ModuleGraphTests.Un_codigo_que_no_sirve_como_schema_aborta(codigo: &quot;catalogo_con_un_nombre_larguisimo_que_pasa_de_cuar&quot;···)" computerName="archlinux" duration="00:00:00.0001249" startTime="2026-10-02T13:03:32.9175712-05:00" endTime="2026-10-02T13:03:32.9177746-05:00" testType="13cdc9d9-ddb5-4fa4-a97d-d965ccfc6d4b" outcome="Passed" testListId="8c84fa94-04c1-424b-9868-57a2d4851a1d" relativeResultsDirectory="faed8b0d-6250-4a60-aba2-dcebdcecd824" />
    <UnitTestResult executionId="71de57ad-23d5-4b64-8260-7734bf55bef3" testId="a2a28616-0682-f4ad-36ed-49b699157dd3" testName="Sillar.Shared.Tests.ModuleActivationTests.Lo_que_esta_apagado_no_se_juzga" computerName="archlinux" duration="00:00:00.0060016" startTime="2026-10-02T13:03:33.1560519-05:00" endTime="2026-10-02T13:03:33.1621550-05:00" testType="13cdc9d9-ddb5-4fa4-a97d-d965ccfc6d4b" outcome="Passed" testListId="8c84fa94-04c1-424b-9868-57a2d4851a1d" relativeResultsDirectory="71de57ad-23d5-4b64-8260-7734bf55bef3" />
    <UnitTestResult executionId="d0242e2a-9e9e-4909-9e0d-ffb8e104a982" testId="dcfe20ed-1a29-fb82-3d96-b24d3cd26adc" testName="Sillar.Shared.Tests.ModuleGraphTests.Una_descripcion_que_no_cabe_en_la_columna_aborta" computerName="archlinux" duration="00:00:00.0054259" startTime="2026-10-02T13:03:33.1140413-05:00" endTime="2026-10-02T13:03:33.1195626-05:00" testType="13cdc9d9-ddb5-4fa4-a97d-d965ccfc6d4b" outcome="Passed" testListId="8c84fa94-04c1-424b-9868-57a2d4851a1d" relativeResultsDirectory="d0242e2a-9e9e-4909-9e0d-ffb8e104a982" />
    <UnitTestResult executionId="89bce541-f3bf-47a9-9182-939084dd696e" testId="2f61a5d3-b229-ac57-7f79-9bb245aa06f9" testName="Sillar.Shared.Tests.ModuleActivationSafetyTests.Una_dependencia_blanda_inactiva_no_impide_activar" computerName="archlinux" duration="00:00:00.0004166" startTime="2026-10-02T13:03:33.0953382-05:00" endTime="2026-10-02T13:03:33.0958594-05:00" testType="13cdc9d9-ddb5-4fa4-a97d-d965ccfc6d4b" outcome="Passed" testListId="8c84fa94-04c1-424b-9868-57a2d4851a1d" relativeResultsDirectory="89bce541-f3bf-47a9-9182-939084dd696e" />
    <UnitTestResult executionId="21702ac8-9ffa-4bab-8c64-2279f6327b0a" testId="98b8381d-aa05-770b-25a1-0ee936632906" testName="Sillar.Shared.Tests.ModuleActivationSafetyTests.Una_dependencia_blanda_no_impide_desactivar_al_otro" computerName="archlinux" duration="00:00:00.0041257" startTime="2026-10-02T13:03:33.0816657-05:00" endTime="2026-10-02T13:03:33.0858960-05:00" testType="13cdc9d9-ddb5-4fa4-a97d-d965ccfc6d4b" outcome="Passed" testListId="8c84fa94-04c1-424b-9868-57a2d4851a1d" relativeResultsDirectory="21702ac8-9ffa-4bab-8c64-2279f6327b0a" />
    <UnitTestResult executionId="48be68f7-9eda-459a-a9fb-68860c3f7d1a" testId="3782fb3b-3ee0-5cf1-60b8-8a9600a94e83" testName="Sillar.Shared.Tests.ModuleGraphTests.Una_posicion_negativa_en_el_panel_aborta" computerName="archlinux" duration="00:00:00.0054460" startTime="2026-10-02T13:03:33.1702677-05:00" endTime="2026-10-02T13:03:33.1758092-05:00" testType="13cdc9d9-ddb5-4fa4-a97d-d965ccfc6d4b" outcome="Passed" testListId="8c84fa94-04c1-424b-9868-57a2d4851a1d" relativeResultsDirectory="48be68f7-9eda-459a-a9fb-68860c3f7d1a" />
    <UnitTestResult executionId="a7ebb7df-22ed-4f37-8625-f2d4741f11e6" testId="b8859730-9205-8415-fcd4-b320fd8306e8" testName="Sillar.Shared.Tests.ModuleGraphTests.Un_codigo_que_no_sirve_como_schema_aborta(codigo: &quot;1catalog&quot;)" computerName="archlinux" duration="00:00:00.0001335" startTime="2026-10-02T13:03:32.9185109-05:00" endTime="2026-10-02T13:03:32.9187295-05:00" testType="13cdc9d9-ddb5-4fa4-a97d-d965ccfc6d4b" outcome="Passed" testListId="8c84fa94-04c1-424b-9868-57a2d4851a1d" relativeResultsDirectory="a7ebb7df-22ed-4f37-8625-f2d4741f11e6" />
    <UnitTestResult executionId="1c02ce30-0716-4e3b-a0b6-531dbb51321b" testId="1a00dd40-0eea-8390-16a3-799cc01f2e14" testName="Sillar.Shared.Tests.ModuleActivationSafetyTests.Desactivar_un_modulo_del_que_otro_activo_depende_duro_no_esta_permitido" computerName="archlinux" duration="00:00:00.0145832" startTime="2026-10-02T13:03:33.0486438-05:00" endTime="2026-10-02T13:03:33.0633163-05:00" testType="13cdc9d9-ddb5-4fa4-a97d-d965ccfc6d4b" outcome="Passed" testListId="8c84fa94-04c1-424b-9868-57a2d4851a1d" relativeResultsDirectory="1c02ce30-0716-4e3b-a0b6-531dbb51321b" />
    <UnitTestResult executionId="7aa3b6f2-b93f-489f-8239-e8dc4c851e31" testId="d467bf78-a629-0aff-b47e-49b55ed8f267" testName="Sillar.Shared.Tests.ModuleGraphTests.Un_codigo_que_no_sirve_como_schema_aborta(codigo: &quot;&quot;)" computerName="archlinux" duration="00:00:00.0032361" startTime="2026-10-02T13:03:32.9133642-05:00" endTime="2026-10-02T13:03:32.9167276-05:00" testType="13cdc9d9-ddb5-4fa4-a97d-d965ccfc6d4b" outcome="Passed" testListId="8c84fa94-04c1-424b-9868-57a2d4851a1d" relativeResultsDirectory="7aa3b6f2-b93f-489f-8239-e8dc4c851e31" />
    <UnitTestResult executionId="f6454c45-f035-4d91-b7d6-7802627c5a89" testId="b0b443d1-5b18-3356-1a14-f2a90360e039" testName="Sillar.Shared.Tests.ModuleGraphTests.Un_grafo_correcto_es_valido" computerName="archlinux" duration="00:00:00.0009595" startTime="2026-10-02T13:03:33.2296662-05:00" endTime="2026-10-02T13:03:33.2307103-05:00" testType="13cdc9d9-ddb5-4fa4-a97d-d965ccfc6d4b" outcome="Passed" testListId="8c84fa94-04c1-424b-9868-57a2d4851a1d" relativeResultsDirectory="f6454c45-f035-4d91-b7d6-7802627c5a89" />
    <UnitTestResult executionId="82a5b2a7-d28e-47df-b693-f5895383d128" testId="44c2d245-0f45-6b37-6a40-169c76931e9d" testName="Sillar.Shared.Tests.ModuleGraphTests.Sin_ningun_modulo_no_se_puede_arrancar" computerName="archlinux" duration="00:00:00.0068583" startTime="2026-10-02T13:03:33.1286570-05:00" endTime="2026-10-02T13:03:33.1356137-05:00" testType="13cdc9d9-ddb5-4fa4-a97d-d965ccfc6d4b" outcome="Passed" testListId="8c84fa94-04c1-424b-9868-57a2d4851a1d" relativeResultsDirectory="82a5b2a7-d28e-47df-b693-f5895383d128" />
    <UnitTestResult executionId="8b662367-1893-4ebc-9696-59cf49393c6c" testId="97c5dbc6-ca35-410a-b003-27a8abd686b1" testName="Sillar.Shared.Tests.PagingTests.La_ultima_pagina_no_tiene_siguiente" computerName="archlinux" duration="00:00:00.1921221" startTime="2026-10-02T13:03:32.5611953-05:00" endTime="2026-10-02T13:03:32.8553045-05:00" testType="13cdc9d9-ddb5-4fa4-a97d-d965ccfc6d4b" outcome="Passed" testListId="8c84fa94-04c1-424b-9868-57a2d4851a1d" relativeResultsDirectory="8b662367-1893-4ebc-9696-59cf49393c6c" />
    <UnitTestResult executionId="bbc56c88-655c-43a0-a701-e10d0026314b" testId="52c9bf4b-979e-e930-21d2-7bf6ed1d0b24" testName="Sillar.Shared.Tests.ModuleActiveButUndeclaredTests.Si_todo_lo_activo_en_la_base_esta_declarado_no_hay_problema" computerName="archlinux" duration="00:00:00.0018066" startTime="2026-10-02T13:03:32.9956758-05:00" endTime="2026-10-02T13:03:32.9975730-05:00" testType="13cdc9d9-ddb5-4fa4-a97d-d965ccfc6d4b" outcome="Passed" testListId="8c84fa94-04c1-424b-9868-57a2d4851a1d" relativeResultsDirectory="bbc56c88-655c-43a0-a701-e10d0026314b" />
    <UnitTestResult executionId="b1f381b0-50a8-4856-8da4-ab76b041d897" testId="4e3c92d7-4031-a1e8-2541-d6c846a63e24" testName="Sillar.Shared.Tests.PagingTests.Sin_resultados_no_hay_paginas_ni_siguiente" computerName="archlinux" duration="00:00:00.0126854" startTime="2026-10-02T13:03:33.0556541-05:00" endTime="2026-10-02T13:03:33.0684334-05:00" testType="13cdc9d9-ddb5-4fa4-a97d-d965ccfc6d4b" outcome="Passed" testListId="8c84fa94-04c1-424b-9868-57a2d4851a1d" relativeResultsDirectory="b1f381b0-50a8-4856-8da4-ab76b041d897" />
    <UnitTestResult executionId="da493b80-d901-45b5-a8d4-11cf586661cb" testId="8a433eff-0a41-1548-3a9f-a54b7456975a" testName="Sillar.Shared.Tests.ModuleGraphTests.Un_codigo_que_no_sirve_como_schema_aborta(codigo: &quot;cata-logo&quot;)" computerName="archlinux" duration="00:00:00.2043669" startTime="2026-10-02T13:03:32.5594010-05:00" endTime="2026-10-02T13:03:32.8552722-05:00" testType="13cdc9d9-ddb5-4fa4-a97d-d965ccfc6d4b" outcome="Passed" testListId="8c84fa94-04c1-424b-9868-57a2d4851a1d" relativeResultsDirectory="da493b80-d901-45b5-a8d4-11cf586661cb" />
    <UnitTestResult executionId="d13d8deb-b3df-4587-a54d-d3986fb1f5f8" testId="1b0db285-facc-fc45-a4b7-b194de82760f" testName="Sillar.Shared.Tests.ModuleActivationSafetyTests.Ninguna_secuencia_de_operaciones_permitidas_deja_el_sistema_sin_arrancar" computerName="archlinux" duration="00:00:00.0793061" startTime="2026-10-02T13:03:32.9437314-05:00" endTime="2026-10-02T13:03:33.0231595-05:00" testType="13cdc9d9-ddb5-4fa4-a97d-d965ccfc6d4b" outcome="Passed" testListId="8c84fa94-04c1-424b-9868-57a2d4851a1d" relativeResultsDirectory="d13d8deb-b3df-4587-a54d-d3986fb1f5f8" />
    <UnitTestResult executionId="d8e820b9-ce50-4745-8488-50a130588fa7" testId="cfa60d82-97a8-e5fe-b46e-daaf6fa9a6e1" testName="Sillar.Shared.Tests.ModuleGraphTests.Un_ciclo_aborta_e_indica_el_camino" computerName="archlinux" duration="00:00:00.0020721" startTime="2026-10-02T13:03:33.2319703-05:00" endTime="2026-10-02T13:03:33.2341314-05:00" testType="13cdc9d9-ddb5-4fa4-a97d-d965ccfc6d4b" outcome="Passed" testListId="8c84fa94-04c1-424b-9868-57a2d4851a1d" relativeResultsDirectory="d8e820b9-ce50-4745-8488-50a130588fa7" />
    <UnitTestResult executionId="7b8acd04-0a3e-41b3-9b66-f699b42a90a0" testId="e4f97c39-115a-8132-9f74-15dd134bfc1a" testName="Sillar.Shared.Tests.ModuleGraphTests.Un_modulo_que_no_declara_CORE_aborta" computerName="archlinux" duration="00:00:00.0008973" startTime="2026-10-02T13:03:33.2380580-05:00" endTime="2026-10-02T13:03:33.2390401-05:00" testType="13cdc9d9-ddb5-4fa4-a97d-d965ccfc6d4b" outcome="Passed" testListId="8c84fa94-04c1-424b-9868-57a2d4851a1d" relativeResultsDirectory="7b8acd04-0a3e-41b3-9b66-f699b42a90a0" />
  </Results>
  <TestDefinitions>
    <UnitTest name="Sillar.Shared.Tests.ModuleGraphTests.Un_modulo_sin_descripcion_aborta(descripcion: &quot;   &quot;)" storage="/home/jp777/sillar-qa-m04/backend/sillar.shared.tests/bin/debug/net10.0/sillar.shared.tests.dll" id="8da20823-6df2-1cb7-f77d-da02bfebdd7c">
      <Execution id="6546b214-4fff-4652-bb31-f7ea34a9123f" />
      <TestMethod codeBase="/home/JP777/sillar-qa-m04/backend/Sillar.Shared.Tests/bin/Debug/net10.0/Sillar.Shared.Tests.dll" adapterTypeName="executor://xunit/VsTestRunner3/netcore/" className="Sillar.Shared.Tests.ModuleGraphTests" name="Un_modulo_sin_descripcion_aborta" />
    </UnitTest>
    <UnitTest name="Sillar.Shared.Tests.ModuleGraphTests.Un_codigo_que_no_sirve_como_schema_aborta(codigo: &quot;&quot;)" storage="/home/jp777/sillar-qa-m04/backend/sillar.shared.tests/bin/debug/net10.0/sillar.shared.tests.dll" id="d467bf78-a629-0aff-b47e-49b55ed8f267">
      <Execution id="7aa3b6f2-b93f-489f-8239-e8dc4c851e31" />
      <TestMethod codeBase="/home/JP777/sillar-qa-m04/backend/Sillar.Shared.Tests/bin/Debug/net10.0/Sillar.Shared.Tests.dll" adapterTypeName="executor://xunit/VsTestRunner3/netcore/" className="Sillar.Shared.Tests.ModuleGraphTests" name="Un_codigo_que_no_sirve_como_schema_aborta" />
    </UnitTest>
    <UnitTest name="Sillar.Shared.Tests.ModuleActivationTests.Con_todas_las_dependencias_duras_activas_no_hay_problema" storage="/home/jp777/sillar-qa-m04/backend/sillar.shared.tests/bin/debug/net10.0/sillar.shared.tests.dll" id="d37e74f9-080f-6c69-48f4-cc6d2cd8ac1a">
      <Execution id="a0de5963-c036-4068-9e7b-d190d8ab5cdd" />
      <TestMethod codeBase="/home/JP777/sillar-qa-m04/backend/Sillar.Shared.Tests/bin/Debug/net10.0/Sillar.Shared.Tests.dll" adapterTypeName="executor://xunit/VsTestRunner3/netcore/" className="Sillar.Shared.Tests.ModuleActivationTests" name="Con_todas_las_dependencias_duras_activas_no_hay_problema" />
    </UnitTest>
    <UnitTest name="Sillar.Shared.Tests.ModuleActiveButUndeclaredTests.Si_todo_lo_activo_en_la_base_esta_declarado_no_hay_problema" storage="/home/jp777/sillar-qa-m04/backend/sillar.shared.tests/bin/debug/net10.0/sillar.shared.tests.dll" id="52c9bf4b-979e-e930-21d2-7bf6ed1d0b24">
      <Execution id="bbc56c88-655c-43a0-a701-e10d0026314b" />
      <TestMethod codeBase="/home/JP777/sillar-qa-m04/backend/Sillar.Shared.Tests/bin/Debug/net10.0/Sillar.Shared.Tests.dll" adapterTypeName="executor://xunit/VsTestRunner3/netcore/" className="Sillar.Shared.Tests.ModuleActiveButUndeclaredTests" name="Si_todo_lo_activo_en_la_base_esta_declarado_no_hay_problema" />
    </UnitTest>
    <UnitTest name="Sillar.Shared.Tests.ModuleActivationSafetyTests.Activar_con_las_dependencias_duras_activas_si_esta_permitido" storage="/home/jp777/sillar-qa-m04/backend/sillar.shared.tests/bin/debug/net10.0/sillar.shared.tests.dll" id="10e0b6fb-6e9d-d7b0-2f79-7a715ec05845">
      <Execution id="fdb0de60-eafe-493d-862d-5909b455ef6d" />
      <TestMethod codeBase="/home/JP777/sillar-qa-m04/backend/Sillar.Shared.Tests/bin/Debug/net10.0/Sillar.Shared.Tests.dll" adapterTypeName="executor://xunit/VsTestRunner3/netcore/" className="Sillar.Shared.Tests.ModuleActivationSafetyTests" name="Activar_con_las_dependencias_duras_activas_si_esta_permitido" />
    </UnitTest>
    <UnitTest name="Sillar.Shared.Tests.ModuleActivationSafetyTests.Activar_con_una_dependencia_dura_inactiva_no_esta_permitido" storage="/home/jp777/sillar-qa-m04/backend/sillar.shared.tests/bin/debug/net10.0/sillar.shared.tests.dll" id="e7e70748-e0a9-a819-6080-ed02f4f95840">
      <Execution id="012b3d7d-6c90-4025-b4c5-85cfaef0f497" />
      <TestMethod codeBase="/home/JP777/sillar-qa-m04/backend/Sillar.Shared.Tests/bin/Debug/net10.0/Sillar.Shared.Tests.dll" adapterTypeName="executor://xunit/VsTestRunner3/netcore/" className="Sillar.Shared.Tests.ModuleActivationSafetyTests" name="Activar_con_una_dependencia_dura_inactiva_no_esta_permitido" />
    </UnitTest>
    <UnitTest name="Sillar.Shared.Tests.PagingTests.El_total_de_paginas_redondea_hacia_arriba" storage="/home/jp777/sillar-qa-m04/backend/sillar.shared.tests/bin/debug/net10.0/sillar.shared.tests.dll" id="68536210-3ccf-339f-c081-a0bae768f131">
      <Execution id="0164f575-ad72-4c4b-bc23-fc00e997e7f3" />
      <TestMethod codeBase="/home/JP777/sillar-qa-m04/backend/Sillar.Shared.Tests/bin/Debug/net10.0/Sillar.Shared.Tests.dll" adapterTypeName="executor://xunit/VsTestRunner3/netcore/" className="Sillar.Shared.Tests.PagingTests" name="El_total_de_paginas_redondea_hacia_arriba" />
    </UnitTest>
    <UnitTest name="Sillar.Shared.Tests.PagingTests.Una_pagina_por_debajo_de_uno_se_trata_como_la_primera(pedida: 0)" storage="/home/jp777/sillar-qa-m04/backend/sillar.shared.tests/bin/debug/net10.0/sillar.shared.tests.dll" id="bea816d5-7965-172a-e09c-6311699c3fff">
      <Execution id="1526e6de-2983-48e6-8c15-a8df60751f02" />
      <TestMethod codeBase="/home/JP777/sillar-qa-m04/backend/Sillar.Shared.Tests/bin/Debug/net10.0/Sillar.Shared.Tests.dll" adapterTypeName="executor://xunit/VsTestRunner3/netcore/" className="Sillar.Shared.Tests.PagingTests" name="Una_pagina_por_debajo_de_uno_se_trata_como_la_primera" />
    </UnitTest>
    <UnitTest name="Sillar.Shared.Tests.ModuleActivationSafetyTests.Una_dependencia_blanda_no_impide_desactivar_al_otro" storage="/home/jp777/sillar-qa-m04/backend/sillar.shared.tests/bin/debug/net10.0/sillar.shared.tests.dll" id="98b8381d-aa05-770b-25a1-0ee936632906">
      <Execution id="21702ac8-9ffa-4bab-8c64-2279f6327b0a" />
      <TestMethod codeBase="/home/JP777/sillar-qa-m04/backend/Sillar.Shared.Tests/bin/Debug/net10.0/Sillar.Shared.Tests.dll" adapterTypeName="executor://xunit/VsTestRunner3/netcore/" className="Sillar.Shared.Tests.ModuleActivationSafetyTests" name="Una_dependencia_blanda_no_impide_desactivar_al_otro" />
    </UnitTest>
    <UnitTest name="Sillar.Shared.Tests.ModuleGraphTests.Una_version_mal_formada_aborta(version: &quot;v1.0.0&quot;)" storage="/home/jp777/sillar-qa-m04/backend/sillar.shared.tests/bin/debug/net10.0/sillar.shared.tests.dll" id="b0515811-2006-9b1d-9ffe-c026c6b1eb25">
      <Execution id="8044c734-e6b5-492d-9852-fe732df30777" />
      <TestMethod codeBase="/home/JP777/sillar-qa-m04/backend/Sillar.Shared.Tests/bin/Debug/net10.0/Sillar.Shared.Tests.dll" adapterTypeName="executor://xunit/VsTestRunner3/netcore/" className="Sillar.Shared.Tests.ModuleGraphTests" name="Una_version_mal_formada_aborta" />
    </UnitTest>
    <UnitTest name="Sillar.Shared.Tests.PagingTests.El_salto_corresponde_a_la_pagina_pedida" storage="/home/jp777/sillar-qa-m04/backend/sillar.shared.tests/bin/debug/net10.0/sillar.shared.tests.dll" id="6b8fd69c-6025-42c6-d04d-28eca2cbd6e1">
      <Execution id="8d936311-5165-42a1-861d-31f5381c19fc" />
      <TestMethod codeBase="/home/JP777/sillar-qa-m04/backend/Sillar.Shared.Tests/bin/Debug/net10.0/Sillar.Shared.Tests.dll" adapterTypeName="executor://xunit/VsTestRunner3/netcore/" className="Sillar.Shared.Tests.PagingTests" name="El_salto_corresponde_a_la_pagina_pedida" />
    </UnitTest>
    <UnitTest name="Sillar.Shared.Tests.ModuleGraphTests.Una_posicion_negativa_en_el_panel_aborta" storage="/home/jp777/sillar-qa-m04/backend/sillar.shared.tests/bin/debug/net10.0/sillar.shared.tests.dll" id="3782fb3b-3ee0-5cf1-60b8-8a9600a94e83">
      <Execution id="48be68f7-9eda-459a-a9fb-68860c3f7d1a" />
      <TestMethod codeBase="/home/JP777/sillar-qa-m04/backend/Sillar.Shared.Tests/bin/Debug/net10.0/Sillar.Shared.Tests.dll" adapterTypeName="executor://xunit/VsTestRunner3/netcore/" className="Sillar.Shared.Tests.ModuleGraphTests" name="Una_posicion_negativa_en_el_panel_aborta" />
    </UnitTest>
    <UnitTest name="Sillar.Shared.Tests.ModuleGraphTests.Un_nombre_visible_vacio_aborta" storage="/home/jp777/sillar-qa-m04/backend/sillar.shared.tests/bin/debug/net10.0/sillar.shared.tests.dll" id="04837b08-f478-981f-c9f9-7932546ce824">
      <Execution id="77d9a328-5630-47c2-b0a8-725190ca32eb" />
      <TestMethod codeBase="/home/JP777/sillar-qa-m04/backend/Sillar.Shared.Tests/bin/Debug/net10.0/Sillar.Shared.Tests.dll" adapterTypeName="executor://xunit/VsTestRunner3/netcore/" className="Sillar.Shared.Tests.ModuleGraphTests" name="Un_nombre_visible_vacio_aborta" />
    </UnitTest>
    <UnitTest name="Sillar.Shared.Tests.ModuleGraphTests.Declarar_la_misma_dependencia_dura_y_blanda_avisa_y_manda_la_dura" storage="/home/jp777/sillar-qa-m04/backend/sillar.shared.tests/bin/debug/net10.0/sillar.shared.tests.dll" id="0965a50e-e2d1-f990-7d9a-a1485cae9c5c">
      <Execution id="0a346372-ebc1-4389-8a30-a5d0eed13822" />
      <TestMethod codeBase="/home/JP777/sillar-qa-m04/backend/Sillar.Shared.Tests/bin/Debug/net10.0/Sillar.Shared.Tests.dll" adapterTypeName="executor://xunit/VsTestRunner3/netcore/" className="Sillar.Shared.Tests.ModuleGraphTests" name="Declarar_la_misma_dependencia_dura_y_blanda_avisa_y_manda_la_dura" />
    </UnitTest>
    <UnitTest name="Sillar.Shared.Tests.ModuleActivationSafetyTests.Desactivar_un_modulo_del_que_otro_activo_depende_duro_no_esta_permitido" storage="/home/jp777/sillar-qa-m04/backend/sillar.shared.tests/bin/debug/net10.0/sillar.shared.tests.dll" id="1a00dd40-0eea-8390-16a3-799cc01f2e14">
      <Execution id="1c02ce30-0716-4e3b-a0b6-531dbb51321b" />
      <TestMethod codeBase="/home/JP777/sillar-qa-m04/backend/Sillar.Shared.Tests/bin/Debug/net10.0/Sillar.Shared.Tests.dll" adapterTypeName="executor://xunit/VsTestRunner3/netcore/" className="Sillar.Shared.Tests.ModuleActivationSafetyTests" name="Desactivar_un_modulo_del_que_otro_activo_depende_duro_no_esta_permitido" />
    </UnitTest>
    <UnitTest name="Sillar.Shared.Tests.ModuleActivationTests.Se_reportan_todas_las_dependencias_que_faltan_no_solo_la_primera" storage="/home/jp777/sillar-qa-m04/backend/sillar.shared.tests/bin/debug/net10.0/sillar.shared.tests.dll" id="36c08052-21fb-fb3f-5666-dd1ef9abb299">
      <Execution id="d92fd89a-bd98-4ba2-bf1d-783af67ef002" />
      <TestMethod codeBase="/home/JP777/sillar-qa-m04/backend/Sillar.Shared.Tests/bin/Debug/net10.0/Sillar.Shared.Tests.dll" adapterTypeName="executor://xunit/VsTestRunner3/netcore/" className="Sillar.Shared.Tests.ModuleActivationTests" name="Se_reportan_todas_las_dependencias_que_faltan_no_solo_la_primera" />
    </UnitTest>
    <UnitTest name="Sillar.Shared.Tests.PagingTests.Sin_pedir_nada_se_devuelve_la_primera_pagina_de_cincuenta" storage="/home/jp777/sillar-qa-m04/backend/sillar.shared.tests/bin/debug/net10.0/sillar.shared.tests.dll" id="5240cc20-edff-569d-49c7-eaf48c16b3fb">
      <Execution id="2d348c07-39c2-48cf-a6b4-df0a0c3cb934" />
      <TestMethod codeBase="/home/JP777/sillar-qa-m04/backend/Sillar.Shared.Tests/bin/Debug/net10.0/Sillar.Shared.Tests.dll" adapterTypeName="executor://xunit/VsTestRunner3/netcore/" className="Sillar.Shared.Tests.PagingTests" name="Sin_pedir_nada_se_devuelve_la_primera_pagina_de_cincuenta" />
    </UnitTest>
    <UnitTest name="Sillar.Shared.Tests.ModuleActivationTests.Una_dependencia_blanda_apagada_no_es_un_problema" storage="/home/jp777/sillar-qa-m04/backend/sillar.shared.tests/bin/debug/net10.0/sillar.shared.tests.dll" id="897e1a2f-1fbc-6666-3981-9a607e9c2bea">
      <Execution id="040a3f8f-f78c-4535-b860-dbc56cf37bfb" />
      <TestMethod codeBase="/home/JP777/sillar-qa-m04/backend/Sillar.Shared.Tests/bin/Debug/net10.0/Sillar.Shared.Tests.dll" adapterTypeName="executor://xunit/VsTestRunner3/netcore/" className="Sillar.Shared.Tests.ModuleActivationTests" name="Una_dependencia_blanda_apagada_no_es_un_problema" />
    </UnitTest>
    <UnitTest name="Sillar.Shared.Tests.ModuleGraphTests.Un_grafo_correcto_es_valido" storage="/home/jp777/sillar-qa-m04/backend/sillar.shared.tests/bin/debug/net10.0/sillar.shared.tests.dll" id="b0b443d1-5b18-3356-1a14-f2a90360e039">
      <Execution id="f6454c45-f035-4d91-b7d6-7802627c5a89" />
      <TestMethod codeBase="/home/JP777/sillar-qa-m04/backend/Sillar.Shared.Tests/bin/Debug/net10.0/Sillar.Shared.Tests.dll" adapterTypeName="executor://xunit/VsTestRunner3/netcore/" className="Sillar.Shared.Tests.ModuleGraphTests" name="Un_grafo_correcto_es_valido" />
    </UnitTest>
    <UnitTest name="Sillar.Shared.Tests.PagingTests.Sin_resultados_no_hay_paginas_ni_siguiente" storage="/home/jp777/sillar-qa-m04/backend/sillar.shared.tests/bin/debug/net10.0/sillar.shared.tests.dll" id="4e3c92d7-4031-a1e8-2541-d6c846a63e24">
      <Execution id="b1f381b0-50a8-4856-8da4-ab76b041d897" />
      <TestMethod codeBase="/home/JP777/sillar-qa-m04/backend/Sillar.Shared.Tests/bin/Debug/net10.0/Sillar.Shared.Tests.dll" adapterTypeName="executor://xunit/VsTestRunner3/netcore/" className="Sillar.Shared.Tests.PagingTests" name="Sin_resultados_no_hay_paginas_ni_siguiente" />
    </UnitTest>
    <UnitTest name="Sillar.Shared.Tests.ModuleGraphTests.Sin_ningun_modulo_no_se_puede_arrancar" storage="/home/jp777/sillar-qa-m04/backend/sillar.shared.tests/bin/debug/net10.0/sillar.shared.tests.dll" id="44c2d245-0f45-6b37-6a40-169c76931e9d">
      <Execution id="82a5b2a7-d28e-47df-b693-f5895383d128" />
      <TestMethod codeBase="/home/JP777/sillar-qa-m04/backend/Sillar.Shared.Tests/bin/Debug/net10.0/Sillar.Shared.Tests.dll" adapterTypeName="executor://xunit/VsTestRunner3/netcore/" className="Sillar.Shared.Tests.ModuleGraphTests" name="Sin_ningun_modulo_no_se_puede_arrancar" />
    </UnitTest>
    <UnitTest name="Sillar.Shared.Tests.ModuleGraphTests.El_orden_deja_cada_modulo_detras_de_sus_dependencias" storage="/home/jp777/sillar-qa-m04/backend/sillar.shared.tests/bin/debug/net10.0/sillar.shared.tests.dll" id="6d6a9c16-62d6-bc5c-dc66-749a867666e6">
      <Execution id="0ae7fd27-2093-4478-a831-25fe8351b478" />
      <TestMethod codeBase="/home/JP777/sillar-qa-m04/backend/Sillar.Shared.Tests/bin/Debug/net10.0/Sillar.Shared.Tests.dll" adapterTypeName="executor://xunit/VsTestRunner3/netcore/" className="Sillar.Shared.Tests.ModuleGraphTests" name="El_orden_deja_cada_modulo_detras_de_sus_dependencias" />
    </UnitTest>
    <UnitTest name="Sillar.Shared.Tests.ModuleGraphTests.Una_dependencia_dura_hacia_un_modulo_inexistente_aborta" storage="/home/jp777/sillar-qa-m04/backend/sillar.shared.tests/bin/debug/net10.0/sillar.shared.tests.dll" id="59443519-e3d6-8473-6e54-824209896f76">
      <Execution id="607e9f7b-a5b5-42fe-81b0-3f48ad67c325" />
      <TestMethod codeBase="/home/JP777/sillar-qa-m04/backend/Sillar.Shared.Tests/bin/Debug/net10.0/Sillar.Shared.Tests.dll" adapterTypeName="executor://xunit/VsTestRunner3/netcore/" className="Sillar.Shared.Tests.ModuleGraphTests" name="Una_dependencia_dura_hacia_un_modulo_inexistente_aborta" />
    </UnitTest>
    <UnitTest name="Sillar.Shared.Tests.ModuleGraphTests.Un_modulo_sin_descripcion_aborta(descripcion: &quot;&quot;)" storage="/home/jp777/sillar-qa-m04/backend/sillar.shared.tests/bin/debug/net10.0/sillar.shared.tests.dll" id="b1197f37-13b4-8011-6c53-87893a7268d2">
      <Execution id="27e201b3-e0d8-4c16-81ab-f6c8f6025d69" />
      <TestMethod codeBase="/home/JP777/sillar-qa-m04/backend/Sillar.Shared.Tests/bin/Debug/net10.0/Sillar.Shared.Tests.dll" adapterTypeName="executor://xunit/VsTestRunner3/netcore/" className="Sillar.Shared.Tests.ModuleGraphTests" name="Un_modulo_sin_descripcion_aborta" />
    </UnitTest>
    <UnitTest name="Sillar.Shared.Tests.ModuleGraphTests.Sin_CORE_no_se_puede_arrancar" storage="/home/jp777/sillar-qa-m04/backend/sillar.shared.tests/bin/debug/net10.0/sillar.shared.tests.dll" id="5e41e984-39a5-b636-ff5c-5bbd9223c593">
      <Execution id="b0536d16-ef63-4870-9a09-4ef5993cc563" />
      <TestMethod codeBase="/home/JP777/sillar-qa-m04/backend/Sillar.Shared.Tests/bin/Debug/net10.0/Sillar.Shared.Tests.dll" adapterTypeName="executor://xunit/VsTestRunner3/netcore/" className="Sillar.Shared.Tests.ModuleGraphTests" name="Sin_CORE_no_se_puede_arrancar" />
    </UnitTest>
    <UnitTest name="Sillar.Shared.Tests.ModuleGraphTests.Dos_modulos_con_el_mismo_codigo_abortan" storage="/home/jp777/sillar-qa-m04/backend/sillar.shared.tests/bin/debug/net10.0/sillar.shared.tests.dll" id="93f28bcf-55da-1d4b-7b32-f48e3788b8d2">
      <Execution id="8a1e57f9-1f5f-4b19-984f-d7046d89bee9" />
      <TestMethod codeBase="/home/JP777/sillar-qa-m04/backend/Sillar.Shared.Tests/bin/Debug/net10.0/Sillar.Shared.Tests.dll" adapterTypeName="executor://xunit/VsTestRunner3/netcore/" className="Sillar.Shared.Tests.ModuleGraphTests" name="Dos_modulos_con_el_mismo_codigo_abortan" />
    </UnitTest>
    <UnitTest name="Sillar.Shared.Tests.ModuleGraphTests.Un_ciclo_aborta_e_indica_el_camino" storage="/home/jp777/sillar-qa-m04/backend/sillar.shared.tests/bin/debug/net10.0/sillar.shared.tests.dll" id="cfa60d82-97a8-e5fe-b46e-daaf6fa9a6e1">
      <Execution id="d8e820b9-ce50-4745-8488-50a130588fa7" />
      <TestMethod codeBase="/home/JP777/sillar-qa-m04/backend/Sillar.Shared.Tests/bin/Debug/net10.0/Sillar.Shared.Tests.dll" adapterTypeName="executor://xunit/VsTestRunner3/netcore/" className="Sillar.Shared.Tests.ModuleGraphTests" name="Un_ciclo_aborta_e_indica_el_camino" />
    </UnitTest>
    <UnitTest name="Sillar.Shared.Tests.ModuleGraphTests.Una_version_mal_formada_aborta(version: &quot;&quot;)" storage="/home/jp777/sillar-qa-m04/backend/sillar.shared.tests/bin/debug/net10.0/sillar.shared.tests.dll" id="78d08b58-8e7f-078b-ba83-c37ca244e85f">
      <Execution id="5fac6de6-7bc8-476f-96a8-3c6470d5f490" />
      <TestMethod codeBase="/home/JP777/sillar-qa-m04/backend/Sillar.Shared.Tests/bin/Debug/net10.0/Sillar.Shared.Tests.dll" adapterTypeName="executor://xunit/VsTestRunner3/netcore/" className="Sillar.Shared.Tests.ModuleGraphTests" name="Una_version_mal_formada_aborta" />
    </UnitTest>
    <UnitTest name="Sillar.Shared.Tests.ModuleActiveButUndeclaredTests.Un_codigo_activo_que_el_binario_no_trae_se_nombra" storage="/home/jp777/sillar-qa-m04/backend/sillar.shared.tests/bin/debug/net10.0/sillar.shared.tests.dll" id="94f5a452-f888-9e47-df0b-74088622f9f7">
      <Execution id="a1b3c33f-ca81-4168-bfa3-7194bb151e6b" />
      <TestMethod codeBase="/home/JP777/sillar-qa-m04/backend/Sillar.Shared.Tests/bin/Debug/net10.0/Sillar.Shared.Tests.dll" adapterTypeName="executor://xunit/VsTestRunner3/netcore/" className="Sillar.Shared.Tests.ModuleActiveButUndeclaredTests" name="Un_codigo_activo_que_el_binario_no_trae_se_nombra" />
    </UnitTest>
    <UnitTest name="Sillar.Shared.Tests.ModuleActivationSafetyTests.Desactivar_en_orden_inverso_a_las_dependencias_si_esta_permitido" storage="/home/jp777/sillar-qa-m04/backend/sillar.shared.tests/bin/debug/net10.0/sillar.shared.tests.dll" id="488ccede-2195-cf9d-1c41-dfb7e2c92386">
      <Execution id="2222548c-a0d2-40a8-8608-02b0dc65da1f" />
      <TestMethod codeBase="/home/JP777/sillar-qa-m04/backend/Sillar.Shared.Tests/bin/Debug/net10.0/Sillar.Shared.Tests.dll" adapterTypeName="executor://xunit/VsTestRunner3/netcore/" className="Sillar.Shared.Tests.ModuleActivationSafetyTests" name="Desactivar_en_orden_inverso_a_las_dependencias_si_esta_permitido" />
    </UnitTest>
    <UnitTest name="Sillar.Shared.Tests.ModuleGraphTests.Un_codigo_que_no_sirve_como_schema_aborta(codigo: &quot;catalogo_con_un_nombre_larguisimo_que_pasa_de_cuar&quot;···)" storage="/home/jp777/sillar-qa-m04/backend/sillar.shared.tests/bin/debug/net10.0/sillar.shared.tests.dll" id="550abe88-116b-48d6-b766-0782b689b6fd">
      <Execution id="faed8b0d-6250-4a60-aba2-dcebdcecd824" />
      <TestMethod codeBase="/home/JP777/sillar-qa-m04/backend/Sillar.Shared.Tests/bin/Debug/net10.0/Sillar.Shared.Tests.dll" adapterTypeName="executor://xunit/VsTestRunner3/netcore/" className="Sillar.Shared.Tests.ModuleGraphTests" name="Un_codigo_que_no_sirve_como_schema_aborta" />
    </UnitTest>
    <UnitTest name="Sillar.Shared.Tests.ModuleActivationSafetyTests.Desactivar_CORE_dejaria_a_todos_los_activos_sin_su_dependencia_dura" storage="/home/jp777/sillar-qa-m04/backend/sillar.shared.tests/bin/debug/net10.0/sillar.shared.tests.dll" id="736b37b7-cacf-0607-5289-a85dc6ae5d18">
      <Execution id="91835ee7-32f5-4733-a298-bc7a5c6109f5" />
      <TestMethod codeBase="/home/JP777/sillar-qa-m04/backend/Sillar.Shared.Tests/bin/Debug/net10.0/Sillar.Shared.Tests.dll" adapterTypeName="executor://xunit/VsTestRunner3/netcore/" className="Sillar.Shared.Tests.ModuleActivationSafetyTests" name="Desactivar_CORE_dejaria_a_todos_los_activos_sin_su_dependencia_dura" />
    </UnitTest>
    <UnitTest name="Sillar.Shared.Tests.ModuleActivationSafetyTests.Ninguna_secuencia_de_operaciones_permitidas_deja_el_sistema_sin_arrancar" storage="/home/jp777/sillar-qa-m04/backend/sillar.shared.tests/bin/debug/net10.0/sillar.shared.tests.dll" id="1b0db285-facc-fc45-a4b7-b194de82760f">
      <Execution id="d13d8deb-b3df-4587-a54d-d3986fb1f5f8" />
      <TestMethod codeBase="/home/JP777/sillar-qa-m04/backend/Sillar.Shared.Tests/bin/Debug/net10.0/Sillar.Shared.Tests.dll" adapterTypeName="executor://xunit/VsTestRunner3/netcore/" className="Sillar.Shared.Tests.ModuleActivationSafetyTests" name="Ninguna_secuencia_de_operaciones_permitidas_deja_el_sistema_sin_arrancar" />
    </UnitTest>
    <UnitTest name="Sillar.Shared.Tests.ModuleGraphTests.Una_descripcion_que_no_cabe_en_la_columna_aborta" storage="/home/jp777/sillar-qa-m04/backend/sillar.shared.tests/bin/debug/net10.0/sillar.shared.tests.dll" id="dcfe20ed-1a29-fb82-3d96-b24d3cd26adc">
      <Execution id="d0242e2a-9e9e-4909-9e0d-ffb8e104a982" />
      <TestMethod codeBase="/home/JP777/sillar-qa-m04/backend/Sillar.Shared.Tests/bin/Debug/net10.0/Sillar.Shared.Tests.dll" adapterTypeName="executor://xunit/VsTestRunner3/netcore/" className="Sillar.Shared.Tests.ModuleGraphTests" name="Una_descripcion_que_no_cabe_en_la_columna_aborta" />
    </UnitTest>
    <UnitTest name="Sillar.Shared.Tests.PagingTests.No_se_puede_pedir_mas_del_maximo" storage="/home/jp777/sillar-qa-m04/backend/sillar.shared.tests/bin/debug/net10.0/sillar.shared.tests.dll" id="84990c2a-9af3-9ee2-607c-0fd6a2fd79d0">
      <Execution id="b6c7e096-9a85-4ad5-9eb5-01932572648f" />
      <TestMethod codeBase="/home/JP777/sillar-qa-m04/backend/Sillar.Shared.Tests/bin/Debug/net10.0/Sillar.Shared.Tests.dll" adapterTypeName="executor://xunit/VsTestRunner3/netcore/" className="Sillar.Shared.Tests.PagingTests" name="No_se_puede_pedir_mas_del_maximo" />
    </UnitTest>
    <UnitTest name="Sillar.Shared.Tests.ModuleActivationTests.Un_modulo_activo_con_su_dependencia_dura_apagada_es_un_problema" storage="/home/jp777/sillar-qa-m04/backend/sillar.shared.tests/bin/debug/net10.0/sillar.shared.tests.dll" id="ef81a0aa-892a-4bb1-1b20-0a6d896b1d42">
      <Execution id="c2aeecb2-0c09-408c-9d33-bd40661cf847" />
      <TestMethod codeBase="/home/JP777/sillar-qa-m04/backend/Sillar.Shared.Tests/bin/Debug/net10.0/Sillar.Shared.Tests.dll" adapterTypeName="executor://xunit/VsTestRunner3/netcore/" className="Sillar.Shared.Tests.ModuleActivationTests" name="Un_modulo_activo_con_su_dependencia_dura_apagada_es_un_problema" />
    </UnitTest>
    <UnitTest name="Sillar.Shared.Tests.ModuleGraphTests.Un_codigo_que_no_sirve_como_schema_aborta(codigo: &quot;1catalog&quot;)" storage="/home/jp777/sillar-qa-m04/backend/sillar.shared.tests/bin/debug/net10.0/sillar.shared.tests.dll" id="b8859730-9205-8415-fcd4-b320fd8306e8">
      <Execution id="a7ebb7df-22ed-4f37-8625-f2d4741f11e6" />
      <TestMethod codeBase="/home/JP777/sillar-qa-m04/backend/Sillar.Shared.Tests/bin/Debug/net10.0/Sillar.Shared.Tests.dll" adapterTypeName="executor://xunit/VsTestRunner3/netcore/" className="Sillar.Shared.Tests.ModuleGraphTests" name="Un_codigo_que_no_sirve_como_schema_aborta" />
    </UnitTest>
    <UnitTest name="Sillar.Shared.Tests.ModuleGraphTests.Un_codigo_que_no_sirve_como_schema_aborta(codigo: &quot;Catalog&quot;)" storage="/home/jp777/sillar-qa-m04/backend/sillar.shared.tests/bin/debug/net10.0/sillar.shared.tests.dll" id="cec57de5-0193-5644-f9c6-d015f7bfb1d6">
      <Execution id="4ce96f96-aea8-4d07-9f37-6481b66cd0b8" />
      <TestMethod codeBase="/home/JP777/sillar-qa-m04/backend/Sillar.Shared.Tests/bin/Debug/net10.0/Sillar.Shared.Tests.dll" adapterTypeName="executor://xunit/VsTestRunner3/netcore/" className="Sillar.Shared.Tests.ModuleGraphTests" name="Un_codigo_que_no_sirve_como_schema_aborta" />
    </UnitTest>
    <UnitTest name="Sillar.Shared.Tests.PagingTests.Un_tamano_de_cero_o_negativo_se_lleva_al_minimo" storage="/home/jp777/sillar-qa-m04/backend/sillar.shared.tests/bin/debug/net10.0/sillar.shared.tests.dll" id="d8044fd6-ef55-eafe-e2fb-7b9e9295a55b">
      <Execution id="b5ad0a03-e8aa-498c-ab29-11dcadf807cd" />
      <TestMethod codeBase="/home/JP777/sillar-qa-m04/backend/Sillar.Shared.Tests/bin/Debug/net10.0/Sillar.Shared.Tests.dll" adapterTypeName="executor://xunit/VsTestRunner3/netcore/" className="Sillar.Shared.Tests.PagingTests" name="Un_tamano_de_cero_o_negativo_se_lleva_al_minimo" />
    </UnitTest>
    <UnitTest name="Sillar.Shared.Tests.ModuleActiveButUndeclaredTests.Sin_ningun_codigo_activo_no_hay_nada_que_reportar" storage="/home/jp777/sillar-qa-m04/backend/sillar.shared.tests/bin/debug/net10.0/sillar.shared.tests.dll" id="3822b417-8217-1330-ebc7-23c1f17c1f5d">
      <Execution id="8a69ff7b-0b5d-4a40-bc79-294f46d0a90f" />
      <TestMethod codeBase="/home/JP777/sillar-qa-m04/backend/Sillar.Shared.Tests/bin/Debug/net10.0/Sillar.Shared.Tests.dll" adapterTypeName="executor://xunit/VsTestRunner3/netcore/" className="Sillar.Shared.Tests.ModuleActiveButUndeclaredTests" name="Sin_ningun_codigo_activo_no_hay_nada_que_reportar" />
    </UnitTest>
    <UnitTest name="Sillar.Shared.Tests.ModuleGraphTests.Un_modulo_que_depende_de_si_mismo_aborta" storage="/home/jp777/sillar-qa-m04/backend/sillar.shared.tests/bin/debug/net10.0/sillar.shared.tests.dll" id="fc9bf48e-3821-a5da-088c-6b572082bb29">
      <Execution id="65f8df0a-8b57-4b14-8cbf-d8507d5f2184" />
      <TestMethod codeBase="/home/JP777/sillar-qa-m04/backend/Sillar.Shared.Tests/bin/Debug/net10.0/Sillar.Shared.Tests.dll" adapterTypeName="executor://xunit/VsTestRunner3/netcore/" className="Sillar.Shared.Tests.ModuleGraphTests" name="Un_modulo_que_depende_de_si_mismo_aborta" />
    </UnitTest>
    <UnitTest name="Sillar.Shared.Tests.ModuleGraphTests.Una_version_mal_formada_aborta(version: &quot;1.0&quot;)" storage="/home/jp777/sillar-qa-m04/backend/sillar.shared.tests/bin/debug/net10.0/sillar.shared.tests.dll" id="ccce94a3-36a5-4767-e0e7-4da062b73f88">
      <Execution id="cc297dc4-71d0-4d65-b7e3-bf95d8d135ff" />
      <TestMethod codeBase="/home/JP777/sillar-qa-m04/backend/Sillar.Shared.Tests/bin/Debug/net10.0/Sillar.Shared.Tests.dll" adapterTypeName="executor://xunit/VsTestRunner3/netcore/" className="Sillar.Shared.Tests.ModuleGraphTests" name="Una_version_mal_formada_aborta" />
    </UnitTest>
    <UnitTest name="Sillar.Shared.Tests.ModuleActiveButUndeclaredTests.Se_nombran_todos_los_que_faltan_no_solo_el_primero" storage="/home/jp777/sillar-qa-m04/backend/sillar.shared.tests/bin/debug/net10.0/sillar.shared.tests.dll" id="8881ef95-2e1f-3540-310c-de8c6ff458e7">
      <Execution id="f14247a0-2745-4f8f-9318-b9c255481d7b" />
      <TestMethod codeBase="/home/JP777/sillar-qa-m04/backend/Sillar.Shared.Tests/bin/Debug/net10.0/Sillar.Shared.Tests.dll" adapterTypeName="executor://xunit/VsTestRunner3/netcore/" className="Sillar.Shared.Tests.ModuleActiveButUndeclaredTests" name="Se_nombran_todos_los_que_faltan_no_solo_el_primero" />
    </UnitTest>
    <UnitTest name="Sillar.Shared.Tests.ModuleGraphTests.El_orden_no_depende_de_como_lleguen_los_modulos" storage="/home/jp777/sillar-qa-m04/backend/sillar.shared.tests/bin/debug/net10.0/sillar.shared.tests.dll" id="12cc2df7-4072-fe76-e69a-db3d62aad2d1">
      <Execution id="b9f68c80-bafe-4628-97ec-7ae0dc5c73e9" />
      <TestMethod codeBase="/home/JP777/sillar-qa-m04/backend/Sillar.Shared.Tests/bin/Debug/net10.0/Sillar.Shared.Tests.dll" adapterTypeName="executor://xunit/VsTestRunner3/netcore/" className="Sillar.Shared.Tests.ModuleGraphTests" name="El_orden_no_depende_de_como_lleguen_los_modulos" />
    </UnitTest>
    <UnitTest name="Sillar.Shared.Tests.ModuleActiveButUndeclaredTests.Lo_inactivo_y_ausente_no_es_un_problema" storage="/home/jp777/sillar-qa-m04/backend/sillar.shared.tests/bin/debug/net10.0/sillar.shared.tests.dll" id="590d9aa4-f46d-c561-144d-fba1f483dde5">
      <Execution id="389d6324-dd75-4f02-becc-a2167e311675" />
      <TestMethod codeBase="/home/JP777/sillar-qa-m04/backend/Sillar.Shared.Tests/bin/Debug/net10.0/Sillar.Shared.Tests.dll" adapterTypeName="executor://xunit/VsTestRunner3/netcore/" className="Sillar.Shared.Tests.ModuleActiveButUndeclaredTests" name="Lo_inactivo_y_ausente_no_es_un_problema" />
    </UnitTest>
    <UnitTest name="Sillar.Shared.Tests.ModuleActivationSafetyTests.Una_dependencia_blanda_inactiva_no_impide_activar" storage="/home/jp777/sillar-qa-m04/backend/sillar.shared.tests/bin/debug/net10.0/sillar.shared.tests.dll" id="2f61a5d3-b229-ac57-7f79-9bb245aa06f9">
      <Execution id="89bce541-f3bf-47a9-9182-939084dd696e" />
      <TestMethod codeBase="/home/JP777/sillar-qa-m04/backend/Sillar.Shared.Tests/bin/Debug/net10.0/Sillar.Shared.Tests.dll" adapterTypeName="executor://xunit/VsTestRunner3/netcore/" className="Sillar.Shared.Tests.ModuleActivationSafetyTests" name="Una_dependencia_blanda_inactiva_no_impide_activar" />
    </UnitTest>
    <UnitTest name="Sillar.Shared.Tests.ModuleGraphTests.Un_codigo_que_no_sirve_como_schema_aborta(codigo: &quot;c&quot;)" storage="/home/jp777/sillar-qa-m04/backend/sillar.shared.tests/bin/debug/net10.0/sillar.shared.tests.dll" id="81ebc2f9-29ef-bba7-9397-a8f1ca3136bb">
      <Execution id="999c013a-8f84-471a-874c-ef20306d9a13" />
      <TestMethod codeBase="/home/JP777/sillar-qa-m04/backend/Sillar.Shared.Tests/bin/Debug/net10.0/Sillar.Shared.Tests.dll" adapterTypeName="executor://xunit/VsTestRunner3/netcore/" className="Sillar.Shared.Tests.ModuleGraphTests" name="Un_codigo_que_no_sirve_como_schema_aborta" />
    </UnitTest>
    <UnitTest name="Sillar.Shared.Tests.ModuleGraphTests.Un_codigo_que_no_sirve_como_schema_aborta(codigo: &quot;cata-logo&quot;)" storage="/home/jp777/sillar-qa-m04/backend/sillar.shared.tests/bin/debug/net10.0/sillar.shared.tests.dll" id="8a433eff-0a41-1548-3a9f-a54b7456975a">
      <Execution id="da493b80-d901-45b5-a8d4-11cf586661cb" />
      <TestMethod codeBase="/home/JP777/sillar-qa-m04/backend/Sillar.Shared.Tests/bin/Debug/net10.0/Sillar.Shared.Tests.dll" adapterTypeName="executor://xunit/VsTestRunner3/netcore/" className="Sillar.Shared.Tests.ModuleGraphTests" name="Un_codigo_que_no_sirve_como_schema_aborta" />
    </UnitTest>
    <UnitTest name="Sillar.Shared.Tests.ModuleGraphTests.Un_modulo_que_no_declara_CORE_aborta" storage="/home/jp777/sillar-qa-m04/backend/sillar.shared.tests/bin/debug/net10.0/sillar.shared.tests.dll" id="e4f97c39-115a-8132-9f74-15dd134bfc1a">
      <Execution id="7b8acd04-0a3e-41b3-9b66-f699b42a90a0" />
      <TestMethod codeBase="/home/JP777/sillar-qa-m04/backend/Sillar.Shared.Tests/bin/Debug/net10.0/Sillar.Shared.Tests.dll" adapterTypeName="executor://xunit/VsTestRunner3/netcore/" className="Sillar.Shared.Tests.ModuleGraphTests" name="Un_modulo_que_no_declara_CORE_aborta" />
    </UnitTest>
    <UnitTest name="Sillar.Shared.Tests.ModuleGraphTests.Un_ciclo_a_traves_de_una_dependencia_blanda_tambien_aborta" storage="/home/jp777/sillar-qa-m04/backend/sillar.shared.tests/bin/debug/net10.0/sillar.shared.tests.dll" id="ac4595a4-a821-fd57-ad01-7dd75804bf6f">
      <Execution id="62af5e27-fe0f-4f25-b44b-afb9385d41a0" />
      <TestMethod codeBase="/home/JP777/sillar-qa-m04/backend/Sillar.Shared.Tests/bin/Debug/net10.0/Sillar.Shared.Tests.dll" adapterTypeName="executor://xunit/VsTestRunner3/netcore/" className="Sillar.Shared.Tests.ModuleGraphTests" name="Un_ciclo_a_traves_de_una_dependencia_blanda_tambien_aborta" />
    </UnitTest>
    <UnitTest name="Sillar.Shared.Tests.PagingTests.Una_pagina_por_debajo_de_uno_se_trata_como_la_primera(pedida: -3)" storage="/home/jp777/sillar-qa-m04/backend/sillar.shared.tests/bin/debug/net10.0/sillar.shared.tests.dll" id="1319230a-6437-d2cf-666c-31ddd7692db5">
      <Execution id="0f6ca33f-baf3-4c15-bd7e-fc59bda6909a" />
      <TestMethod codeBase="/home/JP777/sillar-qa-m04/backend/Sillar.Shared.Tests/bin/Debug/net10.0/Sillar.Shared.Tests.dll" adapterTypeName="executor://xunit/VsTestRunner3/netcore/" className="Sillar.Shared.Tests.PagingTests" name="Una_pagina_por_debajo_de_uno_se_trata_como_la_primera" />
    </UnitTest>
    <UnitTest name="Sillar.Shared.Tests.PagingTests.La_ultima_pagina_no_tiene_siguiente" storage="/home/jp777/sillar-qa-m04/backend/sillar.shared.tests/bin/debug/net10.0/sillar.shared.tests.dll" id="97c5dbc6-ca35-410a-b003-27a8abd686b1">
      <Execution id="8b662367-1893-4ebc-9696-59cf49393c6c" />
      <TestMethod codeBase="/home/JP777/sillar-qa-m04/backend/Sillar.Shared.Tests/bin/Debug/net10.0/Sillar.Shared.Tests.dll" adapterTypeName="executor://xunit/VsTestRunner3/netcore/" className="Sillar.Shared.Tests.PagingTests" name="La_ultima_pagina_no_tiene_siguiente" />
    </UnitTest>
    <UnitTest name="Sillar.Shared.Tests.ModuleActivationTests.Lo_que_esta_apagado_no_se_juzga" storage="/home/jp777/sillar-qa-m04/backend/sillar.shared.tests/bin/debug/net10.0/sillar.shared.tests.dll" id="a2a28616-0682-f4ad-36ed-49b699157dd3">
      <Execution id="71de57ad-23d5-4b64-8260-7734bf55bef3" />
      <TestMethod codeBase="/home/JP777/sillar-qa-m04/backend/Sillar.Shared.Tests/bin/Debug/net10.0/Sillar.Shared.Tests.dll" adapterTypeName="executor://xunit/VsTestRunner3/netcore/" className="Sillar.Shared.Tests.ModuleActivationTests" name="Lo_que_esta_apagado_no_se_juzga" />
    </UnitTest>
    <UnitTest name="Sillar.Shared.Tests.ModuleGraphTests.Una_dependencia_blanda_inexistente_solo_avisa" storage="/home/jp777/sillar-qa-m04/backend/sillar.shared.tests/bin/debug/net10.0/sillar.shared.tests.dll" id="68bc265c-6377-17e5-58d5-1c504a28887c">
      <Execution id="ef15abb8-4d89-4330-8abd-387dee06cad1" />
      <TestMethod codeBase="/home/JP777/sillar-qa-m04/backend/Sillar.Shared.Tests/bin/Debug/net10.0/Sillar.Shared.Tests.dll" adapterTypeName="executor://xunit/VsTestRunner3/netcore/" className="Sillar.Shared.Tests.ModuleGraphTests" name="Una_dependencia_blanda_inexistente_solo_avisa" />
    </UnitTest>
  </TestDefinitions>
  <TestEntries>
    <TestEntry testId="b1197f37-13b4-8011-6c53-87893a7268d2" executionId="27e201b3-e0d8-4c16-81ab-f6c8f6025d69" testListId="8c84fa94-04c1-424b-9868-57a2d4851a1d" />
    <TestEntry testId="10e0b6fb-6e9d-d7b0-2f79-7a715ec05845" executionId="fdb0de60-eafe-493d-862d-5909b455ef6d" testListId="8c84fa94-04c1-424b-9868-57a2d4851a1d" />
    <TestEntry testId="04837b08-f478-981f-c9f9-7932546ce824" executionId="77d9a328-5630-47c2-b0a8-725190ca32eb" testListId="8c84fa94-04c1-424b-9868-57a2d4851a1d" />
    <TestEntry testId="488ccede-2195-cf9d-1c41-dfb7e2c92386" executionId="2222548c-a0d2-40a8-8608-02b0dc65da1f" testListId="8c84fa94-04c1-424b-9868-57a2d4851a1d" />
    <TestEntry testId="ac4595a4-a821-fd57-ad01-7dd75804bf6f" executionId="62af5e27-fe0f-4f25-b44b-afb9385d41a0" testListId="8c84fa94-04c1-424b-9868-57a2d4851a1d" />
    <TestEntry testId="fc9bf48e-3821-a5da-088c-6b572082bb29" executionId="65f8df0a-8b57-4b14-8cbf-d8507d5f2184" testListId="8c84fa94-04c1-424b-9868-57a2d4851a1d" />
    <TestEntry testId="93f28bcf-55da-1d4b-7b32-f48e3788b8d2" executionId="8a1e57f9-1f5f-4b19-984f-d7046d89bee9" testListId="8c84fa94-04c1-424b-9868-57a2d4851a1d" />
    <TestEntry testId="ccce94a3-36a5-4767-e0e7-4da062b73f88" executionId="cc297dc4-71d0-4d65-b7e3-bf95d8d135ff" testListId="8c84fa94-04c1-424b-9868-57a2d4851a1d" />
    <TestEntry testId="1319230a-6437-d2cf-666c-31ddd7692db5" executionId="0f6ca33f-baf3-4c15-bd7e-fc59bda6909a" testListId="8c84fa94-04c1-424b-9868-57a2d4851a1d" />
    <TestEntry testId="36c08052-21fb-fb3f-5666-dd1ef9abb299" executionId="d92fd89a-bd98-4ba2-bf1d-783af67ef002" testListId="8c84fa94-04c1-424b-9868-57a2d4851a1d" />
    <TestEntry testId="68536210-3ccf-339f-c081-a0bae768f131" executionId="0164f575-ad72-4c4b-bc23-fc00e997e7f3" testListId="8c84fa94-04c1-424b-9868-57a2d4851a1d" />
    <TestEntry testId="78d08b58-8e7f-078b-ba83-c37ca244e85f" executionId="5fac6de6-7bc8-476f-96a8-3c6470d5f490" testListId="8c84fa94-04c1-424b-9868-57a2d4851a1d" />
    <TestEntry testId="ef81a0aa-892a-4bb1-1b20-0a6d896b1d42" executionId="c2aeecb2-0c09-408c-9d33-bd40661cf847" testListId="8c84fa94-04c1-424b-9868-57a2d4851a1d" />
    <TestEntry testId="6b8fd69c-6025-42c6-d04d-28eca2cbd6e1" executionId="8d936311-5165-42a1-861d-31f5381c19fc" testListId="8c84fa94-04c1-424b-9868-57a2d4851a1d" />
    <TestEntry testId="bea816d5-7965-172a-e09c-6311699c3fff" executionId="1526e6de-2983-48e6-8c15-a8df60751f02" testListId="8c84fa94-04c1-424b-9868-57a2d4851a1d" />
    <TestEntry testId="590d9aa4-f46d-c561-144d-fba1f483dde5" executionId="389d6324-dd75-4f02-becc-a2167e311675" testListId="8c84fa94-04c1-424b-9868-57a2d4851a1d" />
    <TestEntry testId="94f5a452-f888-9e47-df0b-74088622f9f7" executionId="a1b3c33f-ca81-4168-bfa3-7194bb151e6b" testListId="8c84fa94-04c1-424b-9868-57a2d4851a1d" />
    <TestEntry testId="59443519-e3d6-8473-6e54-824209896f76" executionId="607e9f7b-a5b5-42fe-81b0-3f48ad67c325" testListId="8c84fa94-04c1-424b-9868-57a2d4851a1d" />
    <TestEntry testId="d8044fd6-ef55-eafe-e2fb-7b9e9295a55b" executionId="b5ad0a03-e8aa-498c-ab29-11dcadf807cd" testListId="8c84fa94-04c1-424b-9868-57a2d4851a1d" />
    <TestEntry testId="68bc265c-6377-17e5-58d5-1c504a28887c" executionId="ef15abb8-4d89-4330-8abd-387dee06cad1" testListId="8c84fa94-04c1-424b-9868-57a2d4851a1d" />
    <TestEntry testId="b0515811-2006-9b1d-9ffe-c026c6b1eb25" executionId="8044c734-e6b5-492d-9852-fe732df30777" testListId="8c84fa94-04c1-424b-9868-57a2d4851a1d" />
    <TestEntry testId="8da20823-6df2-1cb7-f77d-da02bfebdd7c" executionId="6546b214-4fff-4652-bb31-f7ea34a9123f" testListId="8c84fa94-04c1-424b-9868-57a2d4851a1d" />
    <TestEntry testId="6d6a9c16-62d6-bc5c-dc66-749a867666e6" executionId="0ae7fd27-2093-4478-a831-25fe8351b478" testListId="8c84fa94-04c1-424b-9868-57a2d4851a1d" />
    <TestEntry testId="cec57de5-0193-5644-f9c6-d015f7bfb1d6" executionId="4ce96f96-aea8-4d07-9f37-6481b66cd0b8" testListId="8c84fa94-04c1-424b-9868-57a2d4851a1d" />
    <TestEntry testId="3822b417-8217-1330-ebc7-23c1f17c1f5d" executionId="8a69ff7b-0b5d-4a40-bc79-294f46d0a90f" testListId="8c84fa94-04c1-424b-9868-57a2d4851a1d" />
    <TestEntry testId="5240cc20-edff-569d-49c7-eaf48c16b3fb" executionId="2d348c07-39c2-48cf-a6b4-df0a0c3cb934" testListId="8c84fa94-04c1-424b-9868-57a2d4851a1d" />
    <TestEntry testId="897e1a2f-1fbc-6666-3981-9a607e9c2bea" executionId="040a3f8f-f78c-4535-b860-dbc56cf37bfb" testListId="8c84fa94-04c1-424b-9868-57a2d4851a1d" />
    <TestEntry testId="12cc2df7-4072-fe76-e69a-db3d62aad2d1" executionId="b9f68c80-bafe-4628-97ec-7ae0dc5c73e9" testListId="8c84fa94-04c1-424b-9868-57a2d4851a1d" />
    <TestEntry testId="84990c2a-9af3-9ee2-607c-0fd6a2fd79d0" executionId="b6c7e096-9a85-4ad5-9eb5-01932572648f" testListId="8c84fa94-04c1-424b-9868-57a2d4851a1d" />
    <TestEntry testId="81ebc2f9-29ef-bba7-9397-a8f1ca3136bb" executionId="999c013a-8f84-471a-874c-ef20306d9a13" testListId="8c84fa94-04c1-424b-9868-57a2d4851a1d" />
    <TestEntry testId="5e41e984-39a5-b636-ff5c-5bbd9223c593" executionId="b0536d16-ef63-4870-9a09-4ef5993cc563" testListId="8c84fa94-04c1-424b-9868-57a2d4851a1d" />
    <TestEntry testId="736b37b7-cacf-0607-5289-a85dc6ae5d18" executionId="91835ee7-32f5-4733-a298-bc7a5c6109f5" testListId="8c84fa94-04c1-424b-9868-57a2d4851a1d" />
    <TestEntry testId="e7e70748-e0a9-a819-6080-ed02f4f95840" executionId="012b3d7d-6c90-4025-b4c5-85cfaef0f497" testListId="8c84fa94-04c1-424b-9868-57a2d4851a1d" />
    <TestEntry testId="8881ef95-2e1f-3540-310c-de8c6ff458e7" executionId="f14247a0-2745-4f8f-9318-b9c255481d7b" testListId="8c84fa94-04c1-424b-9868-57a2d4851a1d" />
    <TestEntry testId="0965a50e-e2d1-f990-7d9a-a1485cae9c5c" executionId="0a346372-ebc1-4389-8a30-a5d0eed13822" testListId="8c84fa94-04c1-424b-9868-57a2d4851a1d" />
    <TestEntry testId="d37e74f9-080f-6c69-48f4-cc6d2cd8ac1a" executionId="a0de5963-c036-4068-9e7b-d190d8ab5cdd" testListId="8c84fa94-04c1-424b-9868-57a2d4851a1d" />
    <TestEntry testId="550abe88-116b-48d6-b766-0782b689b6fd" executionId="faed8b0d-6250-4a60-aba2-dcebdcecd824" testListId="8c84fa94-04c1-424b-9868-57a2d4851a1d" />
    <TestEntry testId="a2a28616-0682-f4ad-36ed-49b699157dd3" executionId="71de57ad-23d5-4b64-8260-7734bf55bef3" testListId="8c84fa94-04c1-424b-9868-57a2d4851a1d" />
    <TestEntry testId="dcfe20ed-1a29-fb82-3d96-b24d3cd26adc" executionId="d0242e2a-9e9e-4909-9e0d-ffb8e104a982" testListId="8c84fa94-04c1-424b-9868-57a2d4851a1d" />
    <TestEntry testId="2f61a5d3-b229-ac57-7f79-9bb245aa06f9" executionId="89bce541-f3bf-47a9-9182-939084dd696e" testListId="8c84fa94-04c1-424b-9868-57a2d4851a1d" />
    <TestEntry testId="98b8381d-aa05-770b-25a1-0ee936632906" executionId="21702ac8-9ffa-4bab-8c64-2279f6327b0a" testListId="8c84fa94-04c1-424b-9868-57a2d4851a1d" />
    <TestEntry testId="3782fb3b-3ee0-5cf1-60b8-8a9600a94e83" executionId="48be68f7-9eda-459a-a9fb-68860c3f7d1a" testListId="8c84fa94-04c1-424b-9868-57a2d4851a1d" />
    <TestEntry testId="b8859730-9205-8415-fcd4-b320fd8306e8" executionId="a7ebb7df-22ed-4f37-8625-f2d4741f11e6" testListId="8c84fa94-04c1-424b-9868-57a2d4851a1d" />
    <TestEntry testId="1a00dd40-0eea-8390-16a3-799cc01f2e14" executionId="1c02ce30-0716-4e3b-a0b6-531dbb51321b" testListId="8c84fa94-04c1-424b-9868-57a2d4851a1d" />
    <TestEntry testId="d467bf78-a629-0aff-b47e-49b55ed8f267" executionId="7aa3b6f2-b93f-489f-8239-e8dc4c851e31" testListId="8c84fa94-04c1-424b-9868-57a2d4851a1d" />
    <TestEntry testId="b0b443d1-5b18-3356-1a14-f2a90360e039" executionId="f6454c45-f035-4d91-b7d6-7802627c5a89" testListId="8c84fa94-04c1-424b-9868-57a2d4851a1d" />
    <TestEntry testId="44c2d245-0f45-6b37-6a40-169c76931e9d" executionId="82a5b2a7-d28e-47df-b693-f5895383d128" testListId="8c84fa94-04c1-424b-9868-57a2d4851a1d" />
    <TestEntry testId="97c5dbc6-ca35-410a-b003-27a8abd686b1" executionId="8b662367-1893-4ebc-9696-59cf49393c6c" testListId="8c84fa94-04c1-424b-9868-57a2d4851a1d" />
    <TestEntry testId="52c9bf4b-979e-e930-21d2-7bf6ed1d0b24" executionId="bbc56c88-655c-43a0-a701-e10d0026314b" testListId="8c84fa94-04c1-424b-9868-57a2d4851a1d" />
    <TestEntry testId="4e3c92d7-4031-a1e8-2541-d6c846a63e24" executionId="b1f381b0-50a8-4856-8da4-ab76b041d897" testListId="8c84fa94-04c1-424b-9868-57a2d4851a1d" />
    <TestEntry testId="8a433eff-0a41-1548-3a9f-a54b7456975a" executionId="da493b80-d901-45b5-a8d4-11cf586661cb" testListId="8c84fa94-04c1-424b-9868-57a2d4851a1d" />
    <TestEntry testId="1b0db285-facc-fc45-a4b7-b194de82760f" executionId="d13d8deb-b3df-4587-a54d-d3986fb1f5f8" testListId="8c84fa94-04c1-424b-9868-57a2d4851a1d" />
    <TestEntry testId="cfa60d82-97a8-e5fe-b46e-daaf6fa9a6e1" executionId="d8e820b9-ce50-4745-8488-50a130588fa7" testListId="8c84fa94-04c1-424b-9868-57a2d4851a1d" />
    <TestEntry testId="e4f97c39-115a-8132-9f74-15dd134bfc1a" executionId="7b8acd04-0a3e-41b3-9b66-f699b42a90a0" testListId="8c84fa94-04c1-424b-9868-57a2d4851a1d" />
  </TestEntries>
  <TestLists>
    <TestList name="Results Not in a List" id="8c84fa94-04c1-424b-9868-57a2d4851a1d" />
    <TestList name="All Loaded Results" id="19431567-8539-422a-85d7-44ee4e166bda" />
  </TestLists>
  <ResultSummary outcome="Completed">
    <Counters total="54" executed="54" passed="54" failed="0" error="0" timeout="0" aborted="0" inconclusive="0" passedButRunAborted="0" notRunnable="0" notExecuted="0" disconnected="0" warning="0" completed="0" inProgress="0" pending="0" />
    <Output>
      <StdOut>[xUnit.net 00:00:00.03] xUnit.net VSTest Adapter v3.1.5+1b188a7b0a (64-bit .NET 10.0.10)
[xUnit.net 00:00:02.83]   Discovering: Sillar.Shared.Tests
[xUnit.net 00:00:05.05]   Discovered:  Sillar.Shared.Tests
[xUnit.net 00:00:06.70]   Starting:    Sillar.Shared.Tests
[xUnit.net 00:00:08.00]   Finished:    Sillar.Shared.Tests (ID = '626cfb4e88ee111816ea30def419c0d200221f900cd3a78f84394fe601f535e5')
</StdOut>
    </Output>
  </ResultSummary>
</TestRun>