<?xml version="1.0" encoding="utf-8"?>
<TestRun id="bfc163f6-aec1-4c45-afd8-4ddc1b61f34d" name="@archlinux 2026-10-06 18:34:15" xmlns="http://microsoft.com/schemas/VisualStudio/TeamTest/2010">
  <Times creation="2026-10-06T18:34:15.6529798-05:00" queuing="2026-10-06T18:34:15.6529801-05:00" start="2026-10-06T18:34:00.2413452-05:00" finish="2026-10-06T18:34:40.8307079-05:00" />
  <TestSettings name="default" id="503d4782-12d0-4829-a3a3-c36e6919772b">
    <Deployment runDeploymentRoot="_archlinux_2026-10-06_18_34_15" />
  </TestSettings>
  <Results>
    <UnitTestResult executionId="2dfd60f4-fc9d-4338-8cc6-cb6840256794" testId="bca26902-3de5-da70-a9c5-c5a66dc79180" testName="Sillar.Modules.Catalog.Tests.ItemPricingTests.El_minimo_cuenta_lo_que_se_hereda_no_solo_lo_propio" computerName="archlinux" duration="00:00:00.2869067" startTime="2026-10-06T18:34:14.8852860-05:00" endTime="2026-10-06T18:34:15.2460803-05:00" testType="13cdc9d9-ddb5-4fa4-a97d-d965ccfc6d4b" outcome="Passed" testListId="8c84fa94-04c1-424b-9868-57a2d4851a1d" relativeResultsDirectory="2dfd60f4-fc9d-4338-8cc6-cb6840256794" />
    <UnitTestResult executionId="d87dec9e-3161-4e7e-a8f4-ebf74e0a2879" testId="7a2729f3-085a-b6b7-c9f4-2994b03de1bb" testName="Sillar.Modules.Catalog.Tests.SlugGeneratorTests.Formatos_validos_pasan(slug: &quot;plumon-de-pizarra-verde&quot;)" computerName="archlinux" duration="00:00:00.2273264" startTime="2026-10-06T18:34:14.8846791-05:00" endTime="2026-10-06T18:34:15.2217825-05:00" testType="13cdc9d9-ddb5-4fa4-a97d-d965ccfc6d4b" outcome="Passed" testListId="8c84fa94-04c1-424b-9868-57a2d4851a1d" relativeResultsDirectory="d87dec9e-3161-4e7e-a8f4-ebf74e0a2879" />
    <UnitTestResult executionId="7f93f9f4-f4e2-4b52-bae1-ee407c08166b" testId="225066bf-d959-ea4d-9999-4013d74caa80" testName="Sillar.Modules.Catalog.Tests.ItemPricingTests.Un_producto_sin_presentaciones_ensena_su_precio_de_lista" computerName="archlinux" duration="00:00:00.0013064" startTime="2026-10-06T18:34:15.3570409-05:00" endTime="2026-10-06T18:34:15.3584941-05:00" testType="13cdc9d9-ddb5-4fa4-a97d-d965ccfc6d4b" outcome="Passed" testListId="8c84fa94-04c1-424b-9868-57a2d4851a1d" relativeResultsDirectory="7f93f9f4-f4e2-4b52-bae1-ee407c08166b" />
    <UnitTestResult executionId="e5c9ef93-63cc-4ed0-9d42-ec400eaa9356" testId="f6a34728-0b06-6625-de29-7bf2a5f38378" testName="Sillar.Modules.Catalog.Tests.CatalogContractPostgresTests.BuscarPorCodigo_traduce_con_inner_join_y_respeta_actividad_y_proyeccion" computerName="archlinux" duration="00:00:00.5799895" startTime="2026-10-06T18:34:38.1478979-05:00" endTime="2026-10-06T18:34:38.7280257-05:00" testType="13cdc9d9-ddb5-4fa4-a97d-d965ccfc6d4b" outcome="Passed" testListId="8c84fa94-04c1-424b-9868-57a2d4851a1d" relativeResultsDirectory="e5c9ef93-63cc-4ed0-9d42-ec400eaa9356" />
    <UnitTestResult executionId="e9cea175-b329-47b3-82cf-4fd48744945b" testId="6b5b105f-3da1-597e-4f46-ab5185e7d14a" testName="Sillar.Modules.Catalog.Tests.SlugGeneratorTests.Un_nombre_simple_se_pasa_a_minusculas_y_guiones" computerName="archlinux" duration="00:00:00.0202012" startTime="2026-10-06T18:34:15.3891914-05:00" endTime="2026-10-06T18:34:15.4095218-05:00" testType="13cdc9d9-ddb5-4fa4-a97d-d965ccfc6d4b" outcome="Passed" testListId="8c84fa94-04c1-424b-9868-57a2d4851a1d" relativeResultsDirectory="e9cea175-b329-47b3-82cf-4fd48744945b" />
    <UnitTestResult executionId="c29a7871-4e07-4844-85f2-2b3e3fa24817" testId="036eecb8-1445-2cb2-686c-00ba15a992be" testName="Sillar.Modules.Catalog.Tests.SlugGeneratorTests.No_hay_guion_al_principio_ni_al_final" computerName="archlinux" duration="00:00:00.0005651" startTime="2026-10-06T18:34:15.4304334-05:00" endTime="2026-10-06T18:34:15.4311332-05:00" testType="13cdc9d9-ddb5-4fa4-a97d-d965ccfc6d4b" outcome="Passed" testListId="8c84fa94-04c1-424b-9868-57a2d4851a1d" relativeResultsDirectory="c29a7871-4e07-4844-85f2-2b3e3fa24817" />
    <UnitTestResult executionId="bb61a60f-34c8-465d-b571-a990ec02e3e8" testId="0fbd9708-ac00-ba0b-c6f0-dd06a4f76911" testName="Sillar.Modules.Catalog.Tests.ProductEventTests.Cambiar_las_categorias_avisa" computerName="archlinux" duration="00:00:02.6736371" startTime="2026-10-06T18:34:35.6968313-05:00" endTime="2026-10-06T18:34:38.3707119-05:00" testType="13cdc9d9-ddb5-4fa4-a97d-d965ccfc6d4b" outcome="Passed" testListId="8c84fa94-04c1-424b-9868-57a2d4851a1d" relativeResultsDirectory="bb61a60f-34c8-465d-b571-a990ec02e3e8" />
    <UnitTestResult executionId="15f0617e-a90e-4ecf-9784-331e308a8b21" testId="0cfb2ee4-8f5c-9edb-aaa1-94f7ae76831d" testName="Sillar.Modules.Catalog.Tests.SlugGeneratorTests.La_ene_con_virgulilla_pliega_a_ene" computerName="archlinux" duration="00:00:00.0004140" startTime="2026-10-06T18:34:15.4480240-05:00" endTime="2026-10-06T18:34:15.4485468-05:00" testType="13cdc9d9-ddb5-4fa4-a97d-d965ccfc6d4b" outcome="Passed" testListId="8c84fa94-04c1-424b-9868-57a2d4851a1d" relativeResultsDirectory="15f0617e-a90e-4ecf-9784-331e308a8b21" />
    <UnitTestResult executionId="48a2e7ac-e15d-4546-9906-5a4bd144f26d" testId="d0824c5a-51c2-4b39-2201-8a65f32b0787" testName="Sillar.Modules.Catalog.Tests.CategoryTreeTests.Asignar_un_padre_sin_relacion_no_es_ciclo" computerName="archlinux" duration="00:00:00.0183927" startTime="2026-10-06T18:34:15.3184932-05:00" endTime="2026-10-06T18:34:15.3489092-05:00" testType="13cdc9d9-ddb5-4fa4-a97d-d965ccfc6d4b" outcome="Passed" testListId="8c84fa94-04c1-424b-9868-57a2d4851a1d" relativeResultsDirectory="48a2e7ac-e15d-4546-9906-5a4bd144f26d" />
    <UnitTestResult executionId="a2d5e146-f9c7-44c7-9261-040538cf2aa7" testId="68c41954-91d1-c0a2-0919-fc7e8db87d83" testName="Sillar.Modules.Catalog.Tests.CatalogContractPostgresTests.ItemExisteYEstaActivo_traduce_en_postgresql_y_distingue_activa_inactiva_e_inexistente" computerName="archlinux" duration="00:00:20.1315356" startTime="2026-10-06T18:34:15.4487579-05:00" endTime="2026-10-06T18:34:35.6150714-05:00" testType="13cdc9d9-ddb5-4fa4-a97d-d965ccfc6d4b" outcome="Passed" testListId="8c84fa94-04c1-424b-9868-57a2d4851a1d" relativeResultsDirectory="a2d5e146-f9c7-44c7-9261-040538cf2aa7" />
    <UnitTestResult executionId="0f86d176-e836-418d-9f55-32098c40f520" testId="20db998c-d83d-f66e-33a1-1c69311e70b6" testName="Sillar.Modules.Catalog.Tests.CatalogContractPostgresTests.Buscar_traduce_con_inner_join_full_text_filtros_orden_y_limite_cero" computerName="archlinux" duration="00:00:00.3197984" startTime="2026-10-06T18:34:37.8212336-05:00" endTime="2026-10-06T18:34:38.1411534-05:00" testType="13cdc9d9-ddb5-4fa4-a97d-d965ccfc6d4b" outcome="Passed" testListId="8c84fa94-04c1-424b-9868-57a2d4851a1d" relativeResultsDirectory="0f86d176-e836-418d-9f55-32098c40f520" />
    <UnitTestResult executionId="f5bcdfe6-f41b-4e84-9b71-a44efaf7ac40" testId="dcfdb57b-16a6-ccd9-1b80-018370264732" testName="Sillar.Modules.Catalog.Tests.ItemPricingTests.Si_todas_las_presentaciones_cuestan_igual_la_tarjeta_no_dice_desde" computerName="archlinux" duration="00:00:00.0160516" startTime="2026-10-06T18:34:15.3092268-05:00" endTime="2026-10-06T18:34:15.3254470-05:00" testType="13cdc9d9-ddb5-4fa4-a97d-d965ccfc6d4b" outcome="Passed" testListId="8c84fa94-04c1-424b-9868-57a2d4851a1d" relativeResultsDirectory="f5bcdfe6-f41b-4e84-9b71-a44efaf7ac40" />
    <UnitTestResult executionId="03bc77bc-8362-44b1-90f1-0af9f9572811" testId="0070f335-173c-fc37-978a-1cecff14b292" testName="Sillar.Modules.Catalog.Tests.ProductItemRulesTests.El_mensaje_no_es_un_error_generico" computerName="archlinux" duration="00:00:00.0023052" startTime="2026-10-06T18:34:15.2834181-05:00" endTime="2026-10-06T18:34:15.2858285-05:00" testType="13cdc9d9-ddb5-4fa4-a97d-d965ccfc6d4b" outcome="Passed" testListId="8c84fa94-04c1-424b-9868-57a2d4851a1d" relativeResultsDirectory="03bc77bc-8362-44b1-90f1-0af9f9572811" />
    <UnitTestResult executionId="2d8d72ee-70fc-4751-a908-4bdb46cc564f" testId="06abe881-2361-367c-ae39-0bd04a41d051" testName="Sillar.Modules.Catalog.Tests.ProductItemRulesTests.Si_no_es_la_ultima_no_hay_bloqueo" computerName="archlinux" duration="00:00:00.2168937" startTime="2026-10-06T18:34:14.8847039-05:00" endTime="2026-10-06T18:34:15.2216855-05:00" testType="13cdc9d9-ddb5-4fa4-a97d-d965ccfc6d4b" outcome="Passed" testListId="8c84fa94-04c1-424b-9868-57a2d4851a1d" relativeResultsDirectory="2d8d72ee-70fc-4751-a908-4bdb46cc564f" />
    <UnitTestResult executionId="1028de44-c032-44e0-b6c4-bbdaf9a700c2" testId="eaa09eb1-937d-28a7-e182-35b541566732" testName="Sillar.Modules.Catalog.Tests.CatalogTranslationTests.Un_producto_que_no_existe_se_relee_como_nulo" computerName="archlinux" duration="00:00:00.2958104" startTime="2026-10-06T18:34:37.0513985-05:00" endTime="2026-10-06T18:34:37.3473204-05:00" testType="13cdc9d9-ddb5-4fa4-a97d-d965ccfc6d4b" outcome="Passed" testListId="8c84fa94-04c1-424b-9868-57a2d4851a1d" relativeResultsDirectory="1028de44-c032-44e0-b6c4-bbdaf9a700c2" />
    <UnitTestResult executionId="94932127-ecc0-4985-afcc-e18356051212" testId="719ebb39-ee20-5ea2-e543-a1ee7f2cb083" testName="Sillar.Modules.Catalog.Tests.ProductEventTests.Dar_de_baja_y_reactivar_avisan_los_dos" computerName="archlinux" duration="00:00:00.9494494" startTime="2026-10-06T18:34:38.3758838-05:00" endTime="2026-10-06T18:34:39.3254555-05:00" testType="13cdc9d9-ddb5-4fa4-a97d-d965ccfc6d4b" outcome="Passed" testListId="8c84fa94-04c1-424b-9868-57a2d4851a1d" relativeResultsDirectory="94932127-ecc0-4985-afcc-e18356051212" />
    <UnitTestResult executionId="58f53358-d5b9-4a97-8fe0-9c4495ff5b7d" testId="2f3e224b-6b09-10d5-169b-a7870cb124c6" testName="Sillar.Modules.Catalog.Tests.SlugGeneratorTests.Las_tildes_desaparecen_sin_dejar_hueco" computerName="archlinux" duration="00:00:00.0003792" startTime="2026-10-06T18:34:15.4579186-05:00" endTime="2026-10-06T18:34:15.4584038-05:00" testType="13cdc9d9-ddb5-4fa4-a97d-d965ccfc6d4b" outcome="Passed" testListId="8c84fa94-04c1-424b-9868-57a2d4851a1d" relativeResultsDirectory="58f53358-d5b9-4a97-8fe0-9c4495ff5b7d" />
    <UnitTestResult executionId="7581bf69-a91e-4bed-89c3-458e3cbcd17c" testId="37cb07fb-8931-7be0-2134-69bec00c1893" testName="Sillar.Modules.Catalog.Tests.CatalogTranslationTests.Buscar_para_seleccion_se_traduce_y_se_ejecuta" computerName="archlinux" duration="00:00:01.3513284" startTime="2026-10-06T18:34:35.6894174-05:00" endTime="2026-10-06T18:34:37.0408813-05:00" testType="13cdc9d9-ddb5-4fa4-a97d-d965ccfc6d4b" outcome="Passed" testListId="8c84fa94-04c1-424b-9868-57a2d4851a1d" relativeResultsDirectory="7581bf69-a91e-4bed-89c3-458e3cbcd17c" />
    <UnitTestResult executionId="149e626b-5d59-4e77-8b00-56591ce6a54c" testId="f72fa5e9-c5d2-0eed-8e8c-75c6b9ef4f06" testName="Sillar.Modules.Catalog.Tests.SlugGeneratorTests.Formatos_validos_pasan(slug: &quot;a4-100-hojas&quot;)" computerName="archlinux" duration="00:00:00.0062565" startTime="2026-10-06T18:34:15.2743565-05:00" endTime="2026-10-06T18:34:15.2808594-05:00" testType="13cdc9d9-ddb5-4fa4-a97d-d965ccfc6d4b" outcome="Passed" testListId="8c84fa94-04c1-424b-9868-57a2d4851a1d" relativeResultsDirectory="149e626b-5d59-4e77-8b00-56591ce6a54c" />
    <UnitTestResult executionId="510dad56-68b6-44f3-b7a5-d80e180d6f17" testId="2bdd2ded-69dd-7774-e4b7-132f37df4a1c" testName="Sillar.Modules.Catalog.Tests.CategoryTreeTests.Ser_padre_de_si_misma_es_ciclo" computerName="archlinux" duration="00:00:00.0350124" startTime="2026-10-06T18:34:15.2818653-05:00" endTime="2026-10-06T18:34:15.3170015-05:00" testType="13cdc9d9-ddb5-4fa4-a97d-d965ccfc6d4b" outcome="Passed" testListId="8c84fa94-04c1-424b-9868-57a2d4851a1d" relativeResultsDirectory="510dad56-68b6-44f3-b7a5-d80e180d6f17" />
    <UnitTestResult executionId="64a072f4-23e7-46d2-9fe1-772b82ad8ae5" testId="7f8a3268-2896-fb2a-0b2d-647407bdd603" testName="Sillar.Modules.Catalog.Tests.CategoryTreeTests.Un_ciclo_largo_tambien_se_detecta" computerName="archlinux" duration="00:00:00.0071360" startTime="2026-10-06T18:34:15.3691946-05:00" endTime="2026-10-06T18:34:15.3764534-05:00" testType="13cdc9d9-ddb5-4fa4-a97d-d965ccfc6d4b" outcome="Passed" testListId="8c84fa94-04c1-424b-9868-57a2d4851a1d" relativeResultsDirectory="64a072f4-23e7-46d2-9fe1-772b82ad8ae5" />
    <UnitTestResult executionId="d43b3f67-9ace-458d-bed1-3db6e2e1949a" testId="904c5cfe-3bca-7bd9-1fc8-f24396882279" testName="Sillar.Modules.Catalog.Tests.ItemPricingTests.Si_cuestan_distinto_la_tarjeta_ensena_el_minimo_con_desde" computerName="archlinux" duration="00:00:00.0010090" startTime="2026-10-06T18:34:15.3841938-05:00" endTime="2026-10-06T18:34:15.3853378-05:00" testType="13cdc9d9-ddb5-4fa4-a97d-d965ccfc6d4b" outcome="Passed" testListId="8c84fa94-04c1-424b-9868-57a2d4851a1d" relativeResultsDirectory="d43b3f67-9ace-458d-bed1-3db6e2e1949a" />
    <UnitTestResult executionId="a31bb1d6-bb29-4cc7-b414-22b6c4a2fa93" testId="3ab3664a-380e-6a90-fab4-78eca20e2457" testName="Sillar.Modules.Catalog.Tests.CategoryTreeTests.Mover_una_hoja_a_otra_rama_no_es_ciclo" computerName="archlinux" duration="00:00:00.0176192" startTime="2026-10-06T18:34:15.3500037-05:00" endTime="2026-10-06T18:34:15.3677602-05:00" testType="13cdc9d9-ddb5-4fa4-a97d-d965ccfc6d4b" outcome="Passed" testListId="8c84fa94-04c1-424b-9868-57a2d4851a1d" relativeResultsDirectory="a31bb1d6-bb29-4cc7-b414-22b6c4a2fa93" />
    <UnitTestResult executionId="31d4c328-9d0d-4519-bc1d-9300ad735ef5" testId="01afd638-d6d1-4997-df87-30cbe17d18c4" testName="Sillar.Modules.Catalog.Tests.CategoryTreeTests.Asignar_una_raiz_nueva_no_es_ciclo" computerName="archlinux" duration="00:00:00.2248692" startTime="2026-10-06T18:34:14.8832161-05:00" endTime="2026-10-06T18:34:15.2218135-05:00" testType="13cdc9d9-ddb5-4fa4-a97d-d965ccfc6d4b" outcome="Passed" testListId="8c84fa94-04c1-424b-9868-57a2d4851a1d" relativeResultsDirectory="31d4c328-9d0d-4519-bc1d-9300ad735ef5" />
    <UnitTestResult executionId="ae1cbdbe-637a-499b-ad1e-9febcb55c8f9" testId="dfd49495-f4a4-8cc7-235d-bb080e8d99af" testName="Sillar.Modules.Catalog.Tests.BreadcrumbTests.Sin_categoria_principal_se_usa_otra_activa_igual" computerName="archlinux" duration="00:00:00.0006185" startTime="2026-10-06T18:34:15.4171149-05:00" endTime="2026-10-06T18:34:15.4178613-05:00" testType="13cdc9d9-ddb5-4fa4-a97d-d965ccfc6d4b" outcome="Passed" testListId="8c84fa94-04c1-424b-9868-57a2d4851a1d" relativeResultsDirectory="ae1cbdbe-637a-499b-ad1e-9febcb55c8f9" />
    <UnitTestResult executionId="ac14cb1d-6deb-4709-9c5e-4415ab945c43" testId="2e61bcca-f7de-6fe7-bf3b-533b545a561e" testName="Sillar.Modules.Catalog.Tests.ItemPricingTests.Una_sola_a_consultar_deja_toda_la_tarjeta_a_consultar" computerName="archlinux" duration="00:00:00.0049131" startTime="2026-10-06T18:34:15.4587465-05:00" endTime="2026-10-06T18:34:15.4637988-05:00" testType="13cdc9d9-ddb5-4fa4-a97d-d965ccfc6d4b" outcome="Passed" testListId="8c84fa94-04c1-424b-9868-57a2d4851a1d" relativeResultsDirectory="ac14cb1d-6deb-4709-9c5e-4415ab945c43" />
    <UnitTestResult executionId="70f1486f-8c6c-4560-9c48-8b55288898ab" testId="8e466450-fa11-71bb-62a6-8eba51b381cf" testName="Sillar.Modules.Catalog.Tests.SlugGeneratorTests.Formatos_invalidos_no_pasan(slug: &quot;artesco--verde&quot;)" computerName="archlinux" duration="00:00:00.0000730" startTime="2026-10-06T18:34:15.3732696-05:00" endTime="2026-10-06T18:34:15.3734381-05:00" testType="13cdc9d9-ddb5-4fa4-a97d-d965ccfc6d4b" outcome="Passed" testListId="8c84fa94-04c1-424b-9868-57a2d4851a1d" relativeResultsDirectory="70f1486f-8c6c-4560-9c48-8b55288898ab" />
    <UnitTestResult executionId="f213e3c8-1818-4dd8-a1cc-df15920422de" testId="8a4dc72f-f743-ab20-6a56-d3019835e91c" testName="Sillar.Modules.Catalog.Tests.BreadcrumbTests.La_ruta_sube_de_la_categoria_hasta_la_raiz" computerName="archlinux" duration="00:00:00.0045822" startTime="2026-10-06T18:34:15.4265983-05:00" endTime="2026-10-06T18:34:15.4313210-05:00" testType="13cdc9d9-ddb5-4fa4-a97d-d965ccfc6d4b" outcome="Passed" testListId="8c84fa94-04c1-424b-9868-57a2d4851a1d" relativeResultsDirectory="f213e3c8-1818-4dd8-a1cc-df15920422de" />
    <UnitTestResult executionId="067a3b14-1018-4d08-98e0-5bbe055050e2" testId="72a76db7-0812-1ed2-5720-a2c99e88f54b" testName="Sillar.Modules.Catalog.Tests.CatalogTranslationTests.Obtener_para_seleccion_se_traduce_y_devuelve_lo_mismo_que_buscar" computerName="archlinux" duration="00:00:00.2033995" startTime="2026-10-06T18:34:37.4765956-05:00" endTime="2026-10-06T18:34:37.6801612-05:00" testType="13cdc9d9-ddb5-4fa4-a97d-d965ccfc6d4b" outcome="Passed" testListId="8c84fa94-04c1-424b-9868-57a2d4851a1d" relativeResultsDirectory="067a3b14-1018-4d08-98e0-5bbe055050e2" />
    <UnitTestResult executionId="a51f9afa-5e49-402b-806c-e7908caeb1cd" testId="ecc63db2-174f-2697-35d0-8f72f4d9ff20" testName="Sillar.Modules.Catalog.Tests.SlugGeneratorTests.Formatos_validos_pasan(slug: &quot;artesco&quot;)" computerName="archlinux" duration="00:00:00.0000869" startTime="2026-10-06T18:34:15.2817272-05:00" endTime="2026-10-06T18:34:15.2819084-05:00" testType="13cdc9d9-ddb5-4fa4-a97d-d965ccfc6d4b" outcome="Passed" testListId="8c84fa94-04c1-424b-9868-57a2d4851a1d" relativeResultsDirectory="a51f9afa-5e49-402b-806c-e7908caeb1cd" />
    <UnitTestResult executionId="da22085c-14d1-4358-aa71-0366ff51956c" testId="3412e393-4e6b-f4d2-990c-800f1d545733" testName="Sillar.Modules.Catalog.Tests.SlugGeneratorTests.Formatos_invalidos_no_pasan(slug: &quot;artesco-&quot;)" computerName="archlinux" duration="00:00:00.0003745" startTime="2026-10-06T18:34:15.3140225-05:00" endTime="2026-10-06T18:34:15.3145453-05:00" testType="13cdc9d9-ddb5-4fa4-a97d-d965ccfc6d4b" outcome="Passed" testListId="8c84fa94-04c1-424b-9868-57a2d4851a1d" relativeResultsDirectory="da22085c-14d1-4358-aa71-0366ff51956c" />
    <UnitTestResult executionId="7d52be91-96ab-47b5-a25b-7da1ffac04d3" testId="c3557039-9c1b-6333-8399-bc3add178452" testName="Sillar.Modules.Catalog.Tests.ItemPricingTests.Gratis_es_un_precio_y_puede_ser_el_minimo" computerName="archlinux" duration="00:00:00.0088242" startTime="2026-10-06T18:34:15.3312519-05:00" endTime="2026-10-06T18:34:15.3402339-05:00" testType="13cdc9d9-ddb5-4fa4-a97d-d965ccfc6d4b" outcome="Passed" testListId="8c84fa94-04c1-424b-9868-57a2d4851a1d" relativeResultsDirectory="7d52be91-96ab-47b5-a25b-7da1ffac04d3" />
    <UnitTestResult executionId="2c5c21ca-0c85-44e4-a042-ef078c33817c" testId="e156d8d9-6b64-7afe-1266-8cec9f28a53b" testName="Sillar.Modules.Catalog.Tests.ProductItemRulesTests.Si_es_la_ultima_el_mensaje_propone_desactivar_el_producto" computerName="archlinux" duration="00:00:00.0291115" startTime="2026-10-06T18:34:15.3155271-05:00" endTime="2026-10-06T18:34:15.3447735-05:00" testType="13cdc9d9-ddb5-4fa4-a97d-d965ccfc6d4b" outcome="Passed" testListId="8c84fa94-04c1-424b-9868-57a2d4851a1d" relativeResultsDirectory="2c5c21ca-0c85-44e4-a042-ef078c33817c" />
    <UnitTestResult executionId="68aa909c-5344-42d3-bd45-39f84fc30cf5" testId="351a578f-16d6-e5d0-d74f-774450bdbf38" testName="Sillar.Modules.Catalog.Tests.SlugGeneratorTests.Formatos_invalidos_no_pasan(slug: &quot;artesco verde&quot;)" computerName="archlinux" duration="00:00:00.0000811" startTime="2026-10-06T18:34:15.3518421-05:00" endTime="2026-10-06T18:34:15.3520325-05:00" testType="13cdc9d9-ddb5-4fa4-a97d-d965ccfc6d4b" outcome="Passed" testListId="8c84fa94-04c1-424b-9868-57a2d4851a1d" relativeResultsDirectory="68aa909c-5344-42d3-bd45-39f84fc30cf5" />
    <UnitTestResult executionId="985117c1-5efc-4530-b401-97aea2c5d574" testId="7f51a919-3363-f801-e162-367c229df11b" testName="Sillar.Modules.Catalog.Tests.ItemPricingTests.Con_precio_propio_lo_usa_a_el" computerName="archlinux" duration="00:00:00.0548125" startTime="2026-10-06T18:34:15.3919613-05:00" endTime="2026-10-06T18:34:15.4468555-05:00" testType="13cdc9d9-ddb5-4fa4-a97d-d965ccfc6d4b" outcome="Passed" testListId="8c84fa94-04c1-424b-9868-57a2d4851a1d" relativeResultsDirectory="985117c1-5efc-4530-b401-97aea2c5d574" />
    <UnitTestResult executionId="991b2ca5-f5a3-42aa-8ead-da339a46d720" testId="8c497596-a137-d21c-fe2e-260d40567e71" testName="Sillar.Modules.Catalog.Tests.BreadcrumbTests.Si_la_principal_esta_inactiva_se_usa_otra_activa_del_producto" computerName="archlinux" duration="00:00:00.0093326" startTime="2026-10-06T18:34:15.4324981-05:00" endTime="2026-10-06T18:34:15.4419611-05:00" testType="13cdc9d9-ddb5-4fa4-a97d-d965ccfc6d4b" outcome="Passed" testListId="8c84fa94-04c1-424b-9868-57a2d4851a1d" relativeResultsDirectory="991b2ca5-f5a3-42aa-8ead-da339a46d720" />
    <UnitTestResult executionId="fa20233c-91e0-43d7-be4a-e5468aade1cc" testId="6425a3da-a61a-a832-6761-c2e4d138e56f" testName="Sillar.Modules.Catalog.Tests.SlugGeneratorTests.Formatos_invalidos_no_pasan(slug: &quot;&quot;)" computerName="archlinux" duration="00:00:00.0209099" startTime="2026-10-06T18:34:15.3298008-05:00" endTime="2026-10-06T18:34:15.3508482-05:00" testType="13cdc9d9-ddb5-4fa4-a97d-d965ccfc6d4b" outcome="Passed" testListId="8c84fa94-04c1-424b-9868-57a2d4851a1d" relativeResultsDirectory="fa20233c-91e0-43d7-be4a-e5468aade1cc" />
    <UnitTestResult executionId="1e2ad3ed-4cfd-436e-a211-b0ea9caeea28" testId="71bf11ce-e0ae-eee8-b3ef-44f64c94741d" testName="Sillar.Modules.Catalog.Tests.CatalogTranslationTests.La_busqueda_no_distingue_tildes_ni_mayusculas" computerName="archlinux" duration="00:00:20.6238297" startTime="2026-10-06T18:34:14.8844485-05:00" endTime="2026-10-06T18:34:35.6157691-05:00" testType="13cdc9d9-ddb5-4fa4-a97d-d965ccfc6d4b" outcome="Passed" testListId="8c84fa94-04c1-424b-9868-57a2d4851a1d" relativeResultsDirectory="1e2ad3ed-4cfd-436e-a211-b0ea9caeea28" />
    <UnitTestResult executionId="90362d86-5975-4610-a54e-51d4eaee7a12" testId="cef807fc-6d22-9745-26f2-e3f872497c16" testName="Sillar.Modules.Catalog.Tests.CatalogSelectionTests.Pedir_mas_del_tope_devuelve_el_tope" computerName="archlinux" duration="00:00:00.0045075" startTime="2026-10-06T18:34:15.2840906-05:00" endTime="2026-10-06T18:34:15.3061566-05:00" testType="13cdc9d9-ddb5-4fa4-a97d-d965ccfc6d4b" outcome="Passed" testListId="8c84fa94-04c1-424b-9868-57a2d4851a1d" relativeResultsDirectory="90362d86-5975-4610-a54e-51d4eaee7a12" />
    <UnitTestResult executionId="5f515371-3269-476e-a03c-d7ec3be9fce2" testId="6fa20617-800a-69c6-a3f5-68e78f3b8d39" testName="Sillar.Modules.Catalog.Tests.ItemPricingTests.Sin_precio_propio_usa_el_de_lista" computerName="archlinux" duration="00:00:00.0007225" startTime="2026-10-06T18:34:15.4524051-05:00" endTime="2026-10-06T18:34:15.4532670-05:00" testType="13cdc9d9-ddb5-4fa4-a97d-d965ccfc6d4b" outcome="Passed" testListId="8c84fa94-04c1-424b-9868-57a2d4851a1d" relativeResultsDirectory="5f515371-3269-476e-a03c-d7ec3be9fce2" />
    <UnitTestResult executionId="764a76e1-d7f7-4cf8-a8eb-fce071c40987" testId="ad04d6be-7f35-84ae-84c2-0739d1866272" testName="Sillar.Modules.Catalog.Tests.SlugGeneratorTests.Formatos_invalidos_no_pasan(slug: &quot;Artesco&quot;)" computerName="archlinux" duration="00:00:00.0002876" startTime="2026-10-06T18:34:15.3615160-05:00" endTime="2026-10-06T18:34:15.3619681-05:00" testType="13cdc9d9-ddb5-4fa4-a97d-d965ccfc6d4b" outcome="Passed" testListId="8c84fa94-04c1-424b-9868-57a2d4851a1d" relativeResultsDirectory="764a76e1-d7f7-4cf8-a8eb-fce071c40987" />
    <UnitTestResult executionId="10d10bce-6a63-40d1-a6f6-1a4c2a91803d" testId="10682205-ee8e-fb72-3738-50ca0acc17b6" testName="Sillar.Modules.Catalog.Tests.CatalogSelectionTests.Pedir_cero_o_menos_devuelve_uno" computerName="archlinux" duration="00:00:00.2372397" startTime="2026-10-06T18:34:14.8847367-05:00" endTime="2026-10-06T18:34:15.2200751-05:00" testType="13cdc9d9-ddb5-4fa4-a97d-d965ccfc6d4b" outcome="Passed" testListId="8c84fa94-04c1-424b-9868-57a2d4851a1d" relativeResultsDirectory="10d10bce-6a63-40d1-a6f6-1a4c2a91803d" />
    <UnitTestResult executionId="99d101bf-2758-4df5-8319-ee4c24fca7b5" testId="5ee00fba-1662-cd7a-e382-cd5ed0429995" testName="Sillar.Modules.Catalog.Tests.ProductEventTests.Editar_una_presentacion_avisa_de_que_cambio_el_producto" computerName="archlinux" duration="00:00:20.6233162" startTime="2026-10-06T18:34:14.8844926-05:00" endTime="2026-10-06T18:34:35.6159640-05:00" testType="13cdc9d9-ddb5-4fa4-a97d-d965ccfc6d4b" outcome="Passed" testListId="8c84fa94-04c1-424b-9868-57a2d4851a1d" relativeResultsDirectory="99d101bf-2758-4df5-8319-ee4c24fca7b5" />
    <UnitTestResult executionId="269a1651-e672-4d6f-8cec-b8890dcc6d4f" testId="e641ea8c-0561-5d9d-1a7e-60ab1212c4d6" testName="Sillar.Modules.Catalog.Tests.BreadcrumbTests.La_ruta_se_corta_en_el_primer_antecesor_inactivo_sin_incluirlo" computerName="archlinux" duration="00:00:00.4315495" startTime="2026-10-06T18:34:14.8866760-05:00" endTime="2026-10-06T18:34:15.3907902-05:00" testType="13cdc9d9-ddb5-4fa4-a97d-d965ccfc6d4b" outcome="Passed" testListId="8c84fa94-04c1-424b-9868-57a2d4851a1d" relativeResultsDirectory="269a1651-e672-4d6f-8cec-b8890dcc6d4f" />
    <UnitTestResult executionId="bac00707-aa41-404a-86ea-5e80d3e66765" testId="1bdb82fe-c6ee-d7de-43da-c4cf87e532c9" testName="Sillar.Modules.Catalog.Tests.CatalogSelectionTests.Un_limite_razonable_se_respeta" computerName="archlinux" duration="00:00:00.0005070" startTime="2026-10-06T18:34:15.3192673-05:00" endTime="2026-10-06T18:34:15.3199245-05:00" testType="13cdc9d9-ddb5-4fa4-a97d-d965ccfc6d4b" outcome="Passed" testListId="8c84fa94-04c1-424b-9868-57a2d4851a1d" relativeResultsDirectory="bac00707-aa41-404a-86ea-5e80d3e66765" />
    <UnitTestResult executionId="fc2c3750-eaaf-465b-84da-d9c51653a88b" testId="5671b32f-d550-d1c9-d98f-21ca78837fbd" testName="Sillar.Modules.Catalog.Tests.ItemPricingTests.Cero_no_es_lo_mismo_que_nulo" computerName="archlinux" duration="00:00:00.0063393" startTime="2026-10-06T18:34:15.4652730-05:00" endTime="2026-10-06T18:34:15.4717502-05:00" testType="13cdc9d9-ddb5-4fa4-a97d-d965ccfc6d4b" outcome="Passed" testListId="8c84fa94-04c1-424b-9868-57a2d4851a1d" relativeResultsDirectory="fc2c3750-eaaf-465b-84da-d9c51653a88b" />
    <UnitTestResult executionId="cfdb1864-2340-4745-89d2-5f0d4cfdc9ad" testId="b4abb21e-27ff-e7c3-3155-7b0bfed1e7f5" testName="Sillar.Modules.Catalog.Tests.ItemPricingTests.Nulo_en_los_dos_es_consultar_precio_no_cero" computerName="archlinux" duration="00:00:00.0082430" startTime="2026-10-06T18:34:15.3703776-05:00" endTime="2026-10-06T18:34:15.3787507-05:00" testType="13cdc9d9-ddb5-4fa4-a97d-d965ccfc6d4b" outcome="Passed" testListId="8c84fa94-04c1-424b-9868-57a2d4851a1d" relativeResultsDirectory="cfdb1864-2340-4745-89d2-5f0d4cfdc9ad" />
    <UnitTestResult executionId="fbbd23c3-2f0d-4965-8d47-fee03f81ebe3" testId="fbd54478-bd74-d589-4dae-5da4bf38a61b" testName="Sillar.Modules.Catalog.Tests.CatalogContractPostgresTests.VariantesDe_traduce_con_inner_join_y_conserva_solo_item_activo_y_orden" computerName="archlinux" duration="00:00:01.7304217" startTime="2026-10-06T18:34:35.6910205-05:00" endTime="2026-10-06T18:34:37.4215760-05:00" testType="13cdc9d9-ddb5-4fa4-a97d-d965ccfc6d4b" outcome="Passed" testListId="8c84fa94-04c1-424b-9868-57a2d4851a1d" relativeResultsDirectory="fbbd23c3-2f0d-4965-8d47-fee03f81ebe3" />
    <UnitTestResult executionId="c8c3750a-9ba8-40f7-831a-ac45b413d5e5" testId="bb8d0115-9b65-698d-846c-51b49537bffb" testName="Sillar.Modules.Catalog.Tests.SlugGeneratorTests.Formatos_invalidos_no_pasan(slug: &quot;-artesco&quot;)" computerName="archlinux" duration="00:00:00.0000727" startTime="2026-10-06T18:34:15.3743312-05:00" endTime="2026-10-06T18:34:15.3744972-05:00" testType="13cdc9d9-ddb5-4fa4-a97d-d965ccfc6d4b" outcome="Passed" testListId="8c84fa94-04c1-424b-9868-57a2d4851a1d" relativeResultsDirectory="c8c3750a-9ba8-40f7-831a-ac45b413d5e5" />
    <UnitTestResult executionId="8ef14c0f-49f6-4234-9094-89022185aa1f" testId="a218a2bd-1be5-1e15-7b3b-c0fbfc41989b" testName="Sillar.Modules.Catalog.Tests.CatalogTranslationTests.Un_producto_de_baja_no_se_puede_elegir_pero_si_releer" computerName="archlinux" duration="00:00:00.1126690" startTime="2026-10-06T18:34:37.3595094-05:00" endTime="2026-10-06T18:34:37.4724035-05:00" testType="13cdc9d9-ddb5-4fa4-a97d-d965ccfc6d4b" outcome="Passed" testListId="8c84fa94-04c1-424b-9868-57a2d4851a1d" relativeResultsDirectory="8ef14c0f-49f6-4234-9094-89022185aa1f" />
    <UnitTestResult executionId="fedf74fa-0a31-4e7c-baf3-0229d9f61f0d" testId="9dae3c85-c5e2-fd8a-ccda-816b7ea3ca47" testName="Sillar.Modules.Catalog.Tests.SlugGeneratorTests.Los_espacios_multiples_no_dejan_guiones_dobles" computerName="archlinux" duration="00:00:00.0059621" startTime="2026-10-06T18:34:15.4407358-05:00" endTime="2026-10-06T18:34:15.4468227-05:00" testType="13cdc9d9-ddb5-4fa4-a97d-d965ccfc6d4b" outcome="Passed" testListId="8c84fa94-04c1-424b-9868-57a2d4851a1d" relativeResultsDirectory="fedf74fa-0a31-4e7c-baf3-0229d9f61f0d" />
    <UnitTestResult executionId="3b16c5a5-861a-4c8b-aa68-5272c18513c5" testId="13b6f9be-d941-3921-01a9-48e8f5627130" testName="Sillar.Modules.Catalog.Tests.BreadcrumbTests.Si_la_principal_esta_activa_se_usa_ella" computerName="archlinux" duration="00:00:00.0007002" startTime="2026-10-06T18:34:15.4124643-05:00" endTime="2026-10-06T18:34:15.4132992-05:00" testType="13cdc9d9-ddb5-4fa4-a97d-d965ccfc6d4b" outcome="Passed" testListId="8c84fa94-04c1-424b-9868-57a2d4851a1d" relativeResultsDirectory="3b16c5a5-861a-4c8b-aa68-5272c18513c5" />
    <UnitTestResult executionId="aca0e9a1-eac2-43c0-b604-e80855042658" testId="72077de9-1cab-724a-399c-e58b13db0c3c" testName="Sillar.Modules.Catalog.Tests.CatalogContractPostgresTests.ObtenerItem_traduce_con_inner_join_y_relee_variante_inactiva" computerName="archlinux" duration="00:00:00.3656448" startTime="2026-10-06T18:34:37.4475872-05:00" endTime="2026-10-06T18:34:37.8134147-05:00" testType="13cdc9d9-ddb5-4fa4-a97d-d965ccfc6d4b" outcome="Passed" testListId="8c84fa94-04c1-424b-9868-57a2d4851a1d" relativeResultsDirectory="aca0e9a1-eac2-43c0-b604-e80855042658" />
    <UnitTestResult executionId="c0423a5a-10ce-4057-9d5a-a8846ca524dc" testId="651fb431-70be-3e63-5075-587798a581ca" testName="Sillar.Modules.Catalog.Tests.SlugGeneratorTests.Formatos_invalidos_no_pasan(slug: null)" computerName="archlinux" duration="00:00:00.0000977" startTime="2026-10-06T18:34:15.3825747-05:00" endTime="2026-10-06T18:34:15.3827742-05:00" testType="13cdc9d9-ddb5-4fa4-a97d-d965ccfc6d4b" outcome="Passed" testListId="8c84fa94-04c1-424b-9868-57a2d4851a1d" relativeResultsDirectory="c0423a5a-10ce-4057-9d5a-a8846ca524dc" />
    <UnitTestResult executionId="ec3d46aa-c837-49bb-ac93-b713fae50b06" testId="7335d698-a9f5-5344-4cb3-1e318d3142c6" testName="Sillar.Modules.Catalog.Tests.ProductEventTests.La_forma_interna_del_producto_no_cambia_lo_que_se_emite" computerName="archlinux" duration="00:00:00.4584938" startTime="2026-10-06T18:34:39.3657727-05:00" endTime="2026-10-06T18:34:39.8243927-05:00" testType="13cdc9d9-ddb5-4fa4-a97d-d965ccfc6d4b" outcome="Passed" testListId="8c84fa94-04c1-424b-9868-57a2d4851a1d" relativeResultsDirectory="ec3d46aa-c837-49bb-ac93-b713fae50b06" />
    <UnitTestResult executionId="5d712967-0328-4de7-b47e-65de7b03c873" testId="f44b4a4f-42f5-d7b3-9c6d-1bbbb78edb7c" testName="Sillar.Modules.Catalog.Tests.BreadcrumbTests.Entre_varias_activas_se_elige_por_nombre_no_por_orden_de_llegada" computerName="archlinux" duration="00:00:00.0155333" startTime="2026-10-06T18:34:15.3948578-05:00" endTime="2026-10-06T18:34:15.4105431-05:00" testType="13cdc9d9-ddb5-4fa4-a97d-d965ccfc6d4b" outcome="Passed" testListId="8c84fa94-04c1-424b-9868-57a2d4851a1d" relativeResultsDirectory="5d712967-0328-4de7-b47e-65de7b03c873" />
    <UnitTestResult executionId="c6a875a6-e035-4379-ae81-0fc29a442942" testId="4cd79cd5-a67a-a5e5-b5ba-4f64f7b0b9e3" testName="Sillar.Modules.Catalog.Tests.SlugGeneratorTests.Lo_que_genera_esta_clase_siempre_es_valido_para_ella_misma" computerName="archlinux" duration="00:00:00.0007825" startTime="2026-10-06T18:34:15.4214996-05:00" endTime="2026-10-06T18:34:15.4224183-05:00" testType="13cdc9d9-ddb5-4fa4-a97d-d965ccfc6d4b" outcome="Passed" testListId="8c84fa94-04c1-424b-9868-57a2d4851a1d" relativeResultsDirectory="c6a875a6-e035-4379-ae81-0fc29a442942" />
    <UnitTestResult executionId="d605eee2-4b30-4bd8-afe8-7436e8201b46" testId="a71907f4-cb59-355a-4de0-df6b01033021" testName="Sillar.Modules.Catalog.Tests.BreadcrumbTests.Si_ninguna_categoria_esta_activa_no_hay_miga" computerName="archlinux" duration="00:00:00.0006681" startTime="2026-10-06T18:34:15.4147293-05:00" endTime="2026-10-06T18:34:15.4155110-05:00" testType="13cdc9d9-ddb5-4fa4-a97d-d965ccfc6d4b" outcome="Passed" testListId="8c84fa94-04c1-424b-9868-57a2d4851a1d" relativeResultsDirectory="d605eee2-4b30-4bd8-afe8-7436e8201b46" />
  </Results>
  <TestDefinitions>
    <UnitTest name="Sillar.Modules.Catalog.Tests.BreadcrumbTests.Si_la_principal_esta_activa_se_usa_ella" storage="/home/jp777/sillar-qa-m04/backend/sillar.modules.catalog.tests/bin/debug/net10.0/sillar.modules.catalog.tests.dll" id="13b6f9be-d941-3921-01a9-48e8f5627130">
      <Execution id="3b16c5a5-861a-4c8b-aa68-5272c18513c5" />
      <TestMethod codeBase="/home/JP777/sillar-qa-m04/backend/Sillar.Modules.Catalog.Tests/bin/Debug/net10.0/Sillar.Modules.Catalog.Tests.dll" adapterTypeName="executor://xunit/VsTestRunner3/netcore/" className="Sillar.Modules.Catalog.Tests.BreadcrumbTests" name="Si_la_principal_esta_activa_se_usa_ella" />
    </UnitTest>
    <UnitTest name="Sillar.Modules.Catalog.Tests.ProductItemRulesTests.Si_no_es_la_ultima_no_hay_bloqueo" storage="/home/jp777/sillar-qa-m04/backend/sillar.modules.catalog.tests/bin/debug/net10.0/sillar.modules.catalog.tests.dll" id="06abe881-2361-367c-ae39-0bd04a41d051">
      <Execution id="2d8d72ee-70fc-4751-a908-4bdb46cc564f" />
      <TestMethod codeBase="/home/JP777/sillar-qa-m04/backend/Sillar.Modules.Catalog.Tests/bin/Debug/net10.0/Sillar.Modules.Catalog.Tests.dll" adapterTypeName="executor://xunit/VsTestRunner3/netcore/" className="Sillar.Modules.Catalog.Tests.ProductItemRulesTests" name="Si_no_es_la_ultima_no_hay_bloqueo" />
    </UnitTest>
    <UnitTest name="Sillar.Modules.Catalog.Tests.ItemPricingTests.Nulo_en_los_dos_es_consultar_precio_no_cero" storage="/home/jp777/sillar-qa-m04/backend/sillar.modules.catalog.tests/bin/debug/net10.0/sillar.modules.catalog.tests.dll" id="b4abb21e-27ff-e7c3-3155-7b0bfed1e7f5">
      <Execution id="cfdb1864-2340-4745-89d2-5f0d4cfdc9ad" />
      <TestMethod codeBase="/home/JP777/sillar-qa-m04/backend/Sillar.Modules.Catalog.Tests/bin/Debug/net10.0/Sillar.Modules.Catalog.Tests.dll" adapterTypeName="executor://xunit/VsTestRunner3/netcore/" className="Sillar.Modules.Catalog.Tests.ItemPricingTests" name="Nulo_en_los_dos_es_consultar_precio_no_cero" />
    </UnitTest>
    <UnitTest name="Sillar.Modules.Catalog.Tests.SlugGeneratorTests.Formatos_invalidos_no_pasan(slug: &quot;Artesco&quot;)" storage="/home/jp777/sillar-qa-m04/backend/sillar.modules.catalog.tests/bin/debug/net10.0/sillar.modules.catalog.tests.dll" id="ad04d6be-7f35-84ae-84c2-0739d1866272">
      <Execution id="764a76e1-d7f7-4cf8-a8eb-fce071c40987" />
      <TestMethod codeBase="/home/JP777/sillar-qa-m04/backend/Sillar.Modules.Catalog.Tests/bin/Debug/net10.0/Sillar.Modules.Catalog.Tests.dll" adapterTypeName="executor://xunit/VsTestRunner3/netcore/" className="Sillar.Modules.Catalog.Tests.SlugGeneratorTests" name="Formatos_invalidos_no_pasan" />
    </UnitTest>
    <UnitTest name="Sillar.Modules.Catalog.Tests.SlugGeneratorTests.No_hay_guion_al_principio_ni_al_final" storage="/home/jp777/sillar-qa-m04/backend/sillar.modules.catalog.tests/bin/debug/net10.0/sillar.modules.catalog.tests.dll" id="036eecb8-1445-2cb2-686c-00ba15a992be">
      <Execution id="c29a7871-4e07-4844-85f2-2b3e3fa24817" />
      <TestMethod codeBase="/home/JP777/sillar-qa-m04/backend/Sillar.Modules.Catalog.Tests/bin/Debug/net10.0/Sillar.Modules.Catalog.Tests.dll" adapterTypeName="executor://xunit/VsTestRunner3/netcore/" className="Sillar.Modules.Catalog.Tests.SlugGeneratorTests" name="No_hay_guion_al_principio_ni_al_final" />
    </UnitTest>
    <UnitTest name="Sillar.Modules.Catalog.Tests.SlugGeneratorTests.La_ene_con_virgulilla_pliega_a_ene" storage="/home/jp777/sillar-qa-m04/backend/sillar.modules.catalog.tests/bin/debug/net10.0/sillar.modules.catalog.tests.dll" id="0cfb2ee4-8f5c-9edb-aaa1-94f7ae76831d">
      <Execution id="15f0617e-a90e-4ecf-9784-331e308a8b21" />
      <TestMethod codeBase="/home/JP777/sillar-qa-m04/backend/Sillar.Modules.Catalog.Tests/bin/Debug/net10.0/Sillar.Modules.Catalog.Tests.dll" adapterTypeName="executor://xunit/VsTestRunner3/netcore/" className="Sillar.Modules.Catalog.Tests.SlugGeneratorTests" name="La_ene_con_virgulilla_pliega_a_ene" />
    </UnitTest>
    <UnitTest name="Sillar.Modules.Catalog.Tests.ProductEventTests.Editar_una_presentacion_avisa_de_que_cambio_el_producto" storage="/home/jp777/sillar-qa-m04/backend/sillar.modules.catalog.tests/bin/debug/net10.0/sillar.modules.catalog.tests.dll" id="5ee00fba-1662-cd7a-e382-cd5ed0429995">
      <Execution id="99d101bf-2758-4df5-8319-ee4c24fca7b5" />
      <TestMethod codeBase="/home/JP777/sillar-qa-m04/backend/Sillar.Modules.Catalog.Tests/bin/Debug/net10.0/Sillar.Modules.Catalog.Tests.dll" adapterTypeName="executor://xunit/VsTestRunner3/netcore/" className="Sillar.Modules.Catalog.Tests.ProductEventTests" name="Editar_una_presentacion_avisa_de_que_cambio_el_producto" />
    </UnitTest>
    <UnitTest name="Sillar.Modules.Catalog.Tests.CategoryTreeTests.Un_ciclo_largo_tambien_se_detecta" storage="/home/jp777/sillar-qa-m04/backend/sillar.modules.catalog.tests/bin/debug/net10.0/sillar.modules.catalog.tests.dll" id="7f8a3268-2896-fb2a-0b2d-647407bdd603">
      <Execution id="64a072f4-23e7-46d2-9fe1-772b82ad8ae5" />
      <TestMethod codeBase="/home/JP777/sillar-qa-m04/backend/Sillar.Modules.Catalog.Tests/bin/Debug/net10.0/Sillar.Modules.Catalog.Tests.dll" adapterTypeName="executor://xunit/VsTestRunner3/netcore/" className="Sillar.Modules.Catalog.Tests.CategoryTreeTests" name="Un_ciclo_largo_tambien_se_detecta" />
    </UnitTest>
    <UnitTest name="Sillar.Modules.Catalog.Tests.SlugGeneratorTests.Formatos_invalidos_no_pasan(slug: &quot;&quot;)" storage="/home/jp777/sillar-qa-m04/backend/sillar.modules.catalog.tests/bin/debug/net10.0/sillar.modules.catalog.tests.dll" id="6425a3da-a61a-a832-6761-c2e4d138e56f">
      <Execution id="fa20233c-91e0-43d7-be4a-e5468aade1cc" />
      <TestMethod codeBase="/home/JP777/sillar-qa-m04/backend/Sillar.Modules.Catalog.Tests/bin/Debug/net10.0/Sillar.Modules.Catalog.Tests.dll" adapterTypeName="executor://xunit/VsTestRunner3/netcore/" className="Sillar.Modules.Catalog.Tests.SlugGeneratorTests" name="Formatos_invalidos_no_pasan" />
    </UnitTest>
    <UnitTest name="Sillar.Modules.Catalog.Tests.BreadcrumbTests.Entre_varias_activas_se_elige_por_nombre_no_por_orden_de_llegada" storage="/home/jp777/sillar-qa-m04/backend/sillar.modules.catalog.tests/bin/debug/net10.0/sillar.modules.catalog.tests.dll" id="f44b4a4f-42f5-d7b3-9c6d-1bbbb78edb7c">
      <Execution id="5d712967-0328-4de7-b47e-65de7b03c873" />
      <TestMethod codeBase="/home/JP777/sillar-qa-m04/backend/Sillar.Modules.Catalog.Tests/bin/Debug/net10.0/Sillar.Modules.Catalog.Tests.dll" adapterTypeName="executor://xunit/VsTestRunner3/netcore/" className="Sillar.Modules.Catalog.Tests.BreadcrumbTests" name="Entre_varias_activas_se_elige_por_nombre_no_por_orden_de_llegada" />
    </UnitTest>
    <UnitTest name="Sillar.Modules.Catalog.Tests.CatalogContractPostgresTests.Buscar_traduce_con_inner_join_full_text_filtros_orden_y_limite_cero" storage="/home/jp777/sillar-qa-m04/backend/sillar.modules.catalog.tests/bin/debug/net10.0/sillar.modules.catalog.tests.dll" id="20db998c-d83d-f66e-33a1-1c69311e70b6">
      <Execution id="0f86d176-e836-418d-9f55-32098c40f520" />
      <TestMethod codeBase="/home/JP777/sillar-qa-m04/backend/Sillar.Modules.Catalog.Tests/bin/Debug/net10.0/Sillar.Modules.Catalog.Tests.dll" adapterTypeName="executor://xunit/VsTestRunner3/netcore/" className="Sillar.Modules.Catalog.Tests.CatalogContractPostgresTests" name="Buscar_traduce_con_inner_join_full_text_filtros_orden_y_limite_cero" />
    </UnitTest>
    <UnitTest name="Sillar.Modules.Catalog.Tests.ProductEventTests.Cambiar_las_categorias_avisa" storage="/home/jp777/sillar-qa-m04/backend/sillar.modules.catalog.tests/bin/debug/net10.0/sillar.modules.catalog.tests.dll" id="0fbd9708-ac00-ba0b-c6f0-dd06a4f76911">
      <Execution id="bb61a60f-34c8-465d-b571-a990ec02e3e8" />
      <TestMethod codeBase="/home/JP777/sillar-qa-m04/backend/Sillar.Modules.Catalog.Tests/bin/Debug/net10.0/Sillar.Modules.Catalog.Tests.dll" adapterTypeName="executor://xunit/VsTestRunner3/netcore/" className="Sillar.Modules.Catalog.Tests.ProductEventTests" name="Cambiar_las_categorias_avisa" />
    </UnitTest>
    <UnitTest name="Sillar.Modules.Catalog.Tests.CatalogTranslationTests.Un_producto_que_no_existe_se_relee_como_nulo" storage="/home/jp777/sillar-qa-m04/backend/sillar.modules.catalog.tests/bin/debug/net10.0/sillar.modules.catalog.tests.dll" id="eaa09eb1-937d-28a7-e182-35b541566732">
      <Execution id="1028de44-c032-44e0-b6c4-bbdaf9a700c2" />
      <TestMethod codeBase="/home/JP777/sillar-qa-m04/backend/Sillar.Modules.Catalog.Tests/bin/Debug/net10.0/Sillar.Modules.Catalog.Tests.dll" adapterTypeName="executor://xunit/VsTestRunner3/netcore/" className="Sillar.Modules.Catalog.Tests.CatalogTranslationTests" name="Un_producto_que_no_existe_se_relee_como_nulo" />
    </UnitTest>
    <UnitTest name="Sillar.Modules.Catalog.Tests.ItemPricingTests.Si_cuestan_distinto_la_tarjeta_ensena_el_minimo_con_desde" storage="/home/jp777/sillar-qa-m04/backend/sillar.modules.catalog.tests/bin/debug/net10.0/sillar.modules.catalog.tests.dll" id="904c5cfe-3bca-7bd9-1fc8-f24396882279">
      <Execution id="d43b3f67-9ace-458d-bed1-3db6e2e1949a" />
      <TestMethod codeBase="/home/JP777/sillar-qa-m04/backend/Sillar.Modules.Catalog.Tests/bin/Debug/net10.0/Sillar.Modules.Catalog.Tests.dll" adapterTypeName="executor://xunit/VsTestRunner3/netcore/" className="Sillar.Modules.Catalog.Tests.ItemPricingTests" name="Si_cuestan_distinto_la_tarjeta_ensena_el_minimo_con_desde" />
    </UnitTest>
    <UnitTest name="Sillar.Modules.Catalog.Tests.SlugGeneratorTests.Los_espacios_multiples_no_dejan_guiones_dobles" storage="/home/jp777/sillar-qa-m04/backend/sillar.modules.catalog.tests/bin/debug/net10.0/sillar.modules.catalog.tests.dll" id="9dae3c85-c5e2-fd8a-ccda-816b7ea3ca47">
      <Execution id="fedf74fa-0a31-4e7c-baf3-0229d9f61f0d" />
      <TestMethod codeBase="/home/JP777/sillar-qa-m04/backend/Sillar.Modules.Catalog.Tests/bin/Debug/net10.0/Sillar.Modules.Catalog.Tests.dll" adapterTypeName="executor://xunit/VsTestRunner3/netcore/" className="Sillar.Modules.Catalog.Tests.SlugGeneratorTests" name="Los_espacios_multiples_no_dejan_guiones_dobles" />
    </UnitTest>
    <UnitTest name="Sillar.Modules.Catalog.Tests.CategoryTreeTests.Ser_padre_de_si_misma_es_ciclo" storage="/home/jp777/sillar-qa-m04/backend/sillar.modules.catalog.tests/bin/debug/net10.0/sillar.modules.catalog.tests.dll" id="2bdd2ded-69dd-7774-e4b7-132f37df4a1c">
      <Execution id="510dad56-68b6-44f3-b7a5-d80e180d6f17" />
      <TestMethod codeBase="/home/JP777/sillar-qa-m04/backend/Sillar.Modules.Catalog.Tests/bin/Debug/net10.0/Sillar.Modules.Catalog.Tests.dll" adapterTypeName="executor://xunit/VsTestRunner3/netcore/" className="Sillar.Modules.Catalog.Tests.CategoryTreeTests" name="Ser_padre_de_si_misma_es_ciclo" />
    </UnitTest>
    <UnitTest name="Sillar.Modules.Catalog.Tests.CatalogContractPostgresTests.ObtenerItem_traduce_con_inner_join_y_relee_variante_inactiva" storage="/home/jp777/sillar-qa-m04/backend/sillar.modules.catalog.tests/bin/debug/net10.0/sillar.modules.catalog.tests.dll" id="72077de9-1cab-724a-399c-e58b13db0c3c">
      <Execution id="aca0e9a1-eac2-43c0-b604-e80855042658" />
      <TestMethod codeBase="/home/JP777/sillar-qa-m04/backend/Sillar.Modules.Catalog.Tests/bin/Debug/net10.0/Sillar.Modules.Catalog.Tests.dll" adapterTypeName="executor://xunit/VsTestRunner3/netcore/" className="Sillar.Modules.Catalog.Tests.CatalogContractPostgresTests" name="ObtenerItem_traduce_con_inner_join_y_relee_variante_inactiva" />
    </UnitTest>
    <UnitTest name="Sillar.Modules.Catalog.Tests.BreadcrumbTests.La_ruta_se_corta_en_el_primer_antecesor_inactivo_sin_incluirlo" storage="/home/jp777/sillar-qa-m04/backend/sillar.modules.catalog.tests/bin/debug/net10.0/sillar.modules.catalog.tests.dll" id="e641ea8c-0561-5d9d-1a7e-60ab1212c4d6">
      <Execution id="269a1651-e672-4d6f-8cec-b8890dcc6d4f" />
      <TestMethod codeBase="/home/JP777/sillar-qa-m04/backend/Sillar.Modules.Catalog.Tests/bin/Debug/net10.0/Sillar.Modules.Catalog.Tests.dll" adapterTypeName="executor://xunit/VsTestRunner3/netcore/" className="Sillar.Modules.Catalog.Tests.BreadcrumbTests" name="La_ruta_se_corta_en_el_primer_antecesor_inactivo_sin_incluirlo" />
    </UnitTest>
    <UnitTest name="Sillar.Modules.Catalog.Tests.ProductEventTests.Dar_de_baja_y_reactivar_avisan_los_dos" storage="/home/jp777/sillar-qa-m04/backend/sillar.modules.catalog.tests/bin/debug/net10.0/sillar.modules.catalog.tests.dll" id="719ebb39-ee20-5ea2-e543-a1ee7f2cb083">
      <Execution id="94932127-ecc0-4985-afcc-e18356051212" />
      <TestMethod codeBase="/home/JP777/sillar-qa-m04/backend/Sillar.Modules.Catalog.Tests/bin/Debug/net10.0/Sillar.Modules.Catalog.Tests.dll" adapterTypeName="executor://xunit/VsTestRunner3/netcore/" className="Sillar.Modules.Catalog.Tests.ProductEventTests" name="Dar_de_baja_y_reactivar_avisan_los_dos" />
    </UnitTest>
    <UnitTest name="Sillar.Modules.Catalog.Tests.CatalogContractPostgresTests.ItemExisteYEstaActivo_traduce_en_postgresql_y_distingue_activa_inactiva_e_inexistente" storage="/home/jp777/sillar-qa-m04/backend/sillar.modules.catalog.tests/bin/debug/net10.0/sillar.modules.catalog.tests.dll" id="68c41954-91d1-c0a2-0919-fc7e8db87d83">
      <Execution id="a2d5e146-f9c7-44c7-9261-040538cf2aa7" />
      <TestMethod codeBase="/home/JP777/sillar-qa-m04/backend/Sillar.Modules.Catalog.Tests/bin/Debug/net10.0/Sillar.Modules.Catalog.Tests.dll" adapterTypeName="executor://xunit/VsTestRunner3/netcore/" className="Sillar.Modules.Catalog.Tests.CatalogContractPostgresTests" name="ItemExisteYEstaActivo_traduce_en_postgresql_y_distingue_activa_inactiva_e_inexistente" />
    </UnitTest>
    <UnitTest name="Sillar.Modules.Catalog.Tests.ItemPricingTests.Sin_precio_propio_usa_el_de_lista" storage="/home/jp777/sillar-qa-m04/backend/sillar.modules.catalog.tests/bin/debug/net10.0/sillar.modules.catalog.tests.dll" id="6fa20617-800a-69c6-a3f5-68e78f3b8d39">
      <Execution id="5f515371-3269-476e-a03c-d7ec3be9fce2" />
      <TestMethod codeBase="/home/JP777/sillar-qa-m04/backend/Sillar.Modules.Catalog.Tests/bin/Debug/net10.0/Sillar.Modules.Catalog.Tests.dll" adapterTypeName="executor://xunit/VsTestRunner3/netcore/" className="Sillar.Modules.Catalog.Tests.ItemPricingTests" name="Sin_precio_propio_usa_el_de_lista" />
    </UnitTest>
    <UnitTest name="Sillar.Modules.Catalog.Tests.ProductEventTests.La_forma_interna_del_producto_no_cambia_lo_que_se_emite" storage="/home/jp777/sillar-qa-m04/backend/sillar.modules.catalog.tests/bin/debug/net10.0/sillar.modules.catalog.tests.dll" id="7335d698-a9f5-5344-4cb3-1e318d3142c6">
      <Execution id="ec3d46aa-c837-49bb-ac93-b713fae50b06" />
      <TestMethod codeBase="/home/JP777/sillar-qa-m04/backend/Sillar.Modules.Catalog.Tests/bin/Debug/net10.0/Sillar.Modules.Catalog.Tests.dll" adapterTypeName="executor://xunit/VsTestRunner3/netcore/" className="Sillar.Modules.Catalog.Tests.ProductEventTests" name="La_forma_interna_del_producto_no_cambia_lo_que_se_emite" />
    </UnitTest>
    <UnitTest name="Sillar.Modules.Catalog.Tests.CatalogSelectionTests.Un_limite_razonable_se_respeta" storage="/home/jp777/sillar-qa-m04/backend/sillar.modules.catalog.tests/bin/debug/net10.0/sillar.modules.catalog.tests.dll" id="1bdb82fe-c6ee-d7de-43da-c4cf87e532c9">
      <Execution id="bac00707-aa41-404a-86ea-5e80d3e66765" />
      <TestMethod codeBase="/home/JP777/sillar-qa-m04/backend/Sillar.Modules.Catalog.Tests/bin/Debug/net10.0/Sillar.Modules.Catalog.Tests.dll" adapterTypeName="executor://xunit/VsTestRunner3/netcore/" className="Sillar.Modules.Catalog.Tests.CatalogSelectionTests" name="Un_limite_razonable_se_respeta" />
    </UnitTest>
    <UnitTest name="Sillar.Modules.Catalog.Tests.ProductItemRulesTests.El_mensaje_no_es_un_error_generico" storage="/home/jp777/sillar-qa-m04/backend/sillar.modules.catalog.tests/bin/debug/net10.0/sillar.modules.catalog.tests.dll" id="0070f335-173c-fc37-978a-1cecff14b292">
      <Execution id="03bc77bc-8362-44b1-90f1-0af9f9572811" />
      <TestMethod codeBase="/home/JP777/sillar-qa-m04/backend/Sillar.Modules.Catalog.Tests/bin/Debug/net10.0/Sillar.Modules.Catalog.Tests.dll" adapterTypeName="executor://xunit/VsTestRunner3/netcore/" className="Sillar.Modules.Catalog.Tests.ProductItemRulesTests" name="El_mensaje_no_es_un_error_generico" />
    </UnitTest>
    <UnitTest name="Sillar.Modules.Catalog.Tests.SlugGeneratorTests.Formatos_invalidos_no_pasan(slug: &quot;-artesco&quot;)" storage="/home/jp777/sillar-qa-m04/backend/sillar.modules.catalog.tests/bin/debug/net10.0/sillar.modules.catalog.tests.dll" id="bb8d0115-9b65-698d-846c-51b49537bffb">
      <Execution id="c8c3750a-9ba8-40f7-831a-ac45b413d5e5" />
      <TestMethod codeBase="/home/JP777/sillar-qa-m04/backend/Sillar.Modules.Catalog.Tests/bin/Debug/net10.0/Sillar.Modules.Catalog.Tests.dll" adapterTypeName="executor://xunit/VsTestRunner3/netcore/" className="Sillar.Modules.Catalog.Tests.SlugGeneratorTests" name="Formatos_invalidos_no_pasan" />
    </UnitTest>
    <UnitTest name="Sillar.Modules.Catalog.Tests.SlugGeneratorTests.Formatos_validos_pasan(slug: &quot;plumon-de-pizarra-verde&quot;)" storage="/home/jp777/sillar-qa-m04/backend/sillar.modules.catalog.tests/bin/debug/net10.0/sillar.modules.catalog.tests.dll" id="7a2729f3-085a-b6b7-c9f4-2994b03de1bb">
      <Execution id="d87dec9e-3161-4e7e-a8f4-ebf74e0a2879" />
      <TestMethod codeBase="/home/JP777/sillar-qa-m04/backend/Sillar.Modules.Catalog.Tests/bin/Debug/net10.0/Sillar.Modules.Catalog.Tests.dll" adapterTypeName="executor://xunit/VsTestRunner3/netcore/" className="Sillar.Modules.Catalog.Tests.SlugGeneratorTests" name="Formatos_validos_pasan" />
    </UnitTest>
    <UnitTest name="Sillar.Modules.Catalog.Tests.CatalogSelectionTests.Pedir_cero_o_menos_devuelve_uno" storage="/home/jp777/sillar-qa-m04/backend/sillar.modules.catalog.tests/bin/debug/net10.0/sillar.modules.catalog.tests.dll" id="10682205-ee8e-fb72-3738-50ca0acc17b6">
      <Execution id="10d10bce-6a63-40d1-a6f6-1a4c2a91803d" />
      <TestMethod codeBase="/home/JP777/sillar-qa-m04/backend/Sillar.Modules.Catalog.Tests/bin/Debug/net10.0/Sillar.Modules.Catalog.Tests.dll" adapterTypeName="executor://xunit/VsTestRunner3/netcore/" className="Sillar.Modules.Catalog.Tests.CatalogSelectionTests" name="Pedir_cero_o_menos_devuelve_uno" />
    </UnitTest>
    <UnitTest name="Sillar.Modules.Catalog.Tests.SlugGeneratorTests.Formatos_invalidos_no_pasan(slug: null)" storage="/home/jp777/sillar-qa-m04/backend/sillar.modules.catalog.tests/bin/debug/net10.0/sillar.modules.catalog.tests.dll" id="651fb431-70be-3e63-5075-587798a581ca">
      <Execution id="c0423a5a-10ce-4057-9d5a-a8846ca524dc" />
      <TestMethod codeBase="/home/JP777/sillar-qa-m04/backend/Sillar.Modules.Catalog.Tests/bin/Debug/net10.0/Sillar.Modules.Catalog.Tests.dll" adapterTypeName="executor://xunit/VsTestRunner3/netcore/" className="Sillar.Modules.Catalog.Tests.SlugGeneratorTests" name="Formatos_invalidos_no_pasan" />
    </UnitTest>
    <UnitTest name="Sillar.Modules.Catalog.Tests.BreadcrumbTests.Si_la_principal_esta_inactiva_se_usa_otra_activa_del_producto" storage="/home/jp777/sillar-qa-m04/backend/sillar.modules.catalog.tests/bin/debug/net10.0/sillar.modules.catalog.tests.dll" id="8c497596-a137-d21c-fe2e-260d40567e71">
      <Execution id="991b2ca5-f5a3-42aa-8ead-da339a46d720" />
      <TestMethod codeBase="/home/JP777/sillar-qa-m04/backend/Sillar.Modules.Catalog.Tests/bin/Debug/net10.0/Sillar.Modules.Catalog.Tests.dll" adapterTypeName="executor://xunit/VsTestRunner3/netcore/" className="Sillar.Modules.Catalog.Tests.BreadcrumbTests" name="Si_la_principal_esta_inactiva_se_usa_otra_activa_del_producto" />
    </UnitTest>
    <UnitTest name="Sillar.Modules.Catalog.Tests.SlugGeneratorTests.Formatos_validos_pasan(slug: &quot;a4-100-hojas&quot;)" storage="/home/jp777/sillar-qa-m04/backend/sillar.modules.catalog.tests/bin/debug/net10.0/sillar.modules.catalog.tests.dll" id="f72fa5e9-c5d2-0eed-8e8c-75c6b9ef4f06">
      <Execution id="149e626b-5d59-4e77-8b00-56591ce6a54c" />
      <TestMethod codeBase="/home/JP777/sillar-qa-m04/backend/Sillar.Modules.Catalog.Tests/bin/Debug/net10.0/Sillar.Modules.Catalog.Tests.dll" adapterTypeName="executor://xunit/VsTestRunner3/netcore/" className="Sillar.Modules.Catalog.Tests.SlugGeneratorTests" name="Formatos_validos_pasan" />
    </UnitTest>
    <UnitTest name="Sillar.Modules.Catalog.Tests.CategoryTreeTests.Asignar_un_padre_sin_relacion_no_es_ciclo" storage="/home/jp777/sillar-qa-m04/backend/sillar.modules.catalog.tests/bin/debug/net10.0/sillar.modules.catalog.tests.dll" id="d0824c5a-51c2-4b39-2201-8a65f32b0787">
      <Execution id="48a2e7ac-e15d-4546-9906-5a4bd144f26d" />
      <TestMethod codeBase="/home/JP777/sillar-qa-m04/backend/Sillar.Modules.Catalog.Tests/bin/Debug/net10.0/Sillar.Modules.Catalog.Tests.dll" adapterTypeName="executor://xunit/VsTestRunner3/netcore/" className="Sillar.Modules.Catalog.Tests.CategoryTreeTests" name="Asignar_un_padre_sin_relacion_no_es_ciclo" />
    </UnitTest>
    <UnitTest name="Sillar.Modules.Catalog.Tests.CategoryTreeTests.Asignar_una_raiz_nueva_no_es_ciclo" storage="/home/jp777/sillar-qa-m04/backend/sillar.modules.catalog.tests/bin/debug/net10.0/sillar.modules.catalog.tests.dll" id="01afd638-d6d1-4997-df87-30cbe17d18c4">
      <Execution id="31d4c328-9d0d-4519-bc1d-9300ad735ef5" />
      <TestMethod codeBase="/home/JP777/sillar-qa-m04/backend/Sillar.Modules.Catalog.Tests/bin/Debug/net10.0/Sillar.Modules.Catalog.Tests.dll" adapterTypeName="executor://xunit/VsTestRunner3/netcore/" className="Sillar.Modules.Catalog.Tests.CategoryTreeTests" name="Asignar_una_raiz_nueva_no_es_ciclo" />
    </UnitTest>
    <UnitTest name="Sillar.Modules.Catalog.Tests.SlugGeneratorTests.Lo_que_genera_esta_clase_siempre_es_valido_para_ella_misma" storage="/home/jp777/sillar-qa-m04/backend/sillar.modules.catalog.tests/bin/debug/net10.0/sillar.modules.catalog.tests.dll" id="4cd79cd5-a67a-a5e5-b5ba-4f64f7b0b9e3">
      <Execution id="c6a875a6-e035-4379-ae81-0fc29a442942" />
      <TestMethod codeBase="/home/JP777/sillar-qa-m04/backend/Sillar.Modules.Catalog.Tests/bin/Debug/net10.0/Sillar.Modules.Catalog.Tests.dll" adapterTypeName="executor://xunit/VsTestRunner3/netcore/" className="Sillar.Modules.Catalog.Tests.SlugGeneratorTests" name="Lo_que_genera_esta_clase_siempre_es_valido_para_ella_misma" />
    </UnitTest>
    <UnitTest name="Sillar.Modules.Catalog.Tests.ItemPricingTests.Gratis_es_un_precio_y_puede_ser_el_minimo" storage="/home/jp777/sillar-qa-m04/backend/sillar.modules.catalog.tests/bin/debug/net10.0/sillar.modules.catalog.tests.dll" id="c3557039-9c1b-6333-8399-bc3add178452">
      <Execution id="7d52be91-96ab-47b5-a25b-7da1ffac04d3" />
      <TestMethod codeBase="/home/JP777/sillar-qa-m04/backend/Sillar.Modules.Catalog.Tests/bin/Debug/net10.0/Sillar.Modules.Catalog.Tests.dll" adapterTypeName="executor://xunit/VsTestRunner3/netcore/" className="Sillar.Modules.Catalog.Tests.ItemPricingTests" name="Gratis_es_un_precio_y_puede_ser_el_minimo" />
    </UnitTest>
    <UnitTest name="Sillar.Modules.Catalog.Tests.CatalogTranslationTests.Obtener_para_seleccion_se_traduce_y_devuelve_lo_mismo_que_buscar" storage="/home/jp777/sillar-qa-m04/backend/sillar.modules.catalog.tests/bin/debug/net10.0/sillar.modules.catalog.tests.dll" id="72a76db7-0812-1ed2-5720-a2c99e88f54b">
      <Execution id="067a3b14-1018-4d08-98e0-5bbe055050e2" />
      <TestMethod codeBase="/home/JP777/sillar-qa-m04/backend/Sillar.Modules.Catalog.Tests/bin/Debug/net10.0/Sillar.Modules.Catalog.Tests.dll" adapterTypeName="executor://xunit/VsTestRunner3/netcore/" className="Sillar.Modules.Catalog.Tests.CatalogTranslationTests" name="Obtener_para_seleccion_se_traduce_y_devuelve_lo_mismo_que_buscar" />
    </UnitTest>
    <UnitTest name="Sillar.Modules.Catalog.Tests.BreadcrumbTests.Si_ninguna_categoria_esta_activa_no_hay_miga" storage="/home/jp777/sillar-qa-m04/backend/sillar.modules.catalog.tests/bin/debug/net10.0/sillar.modules.catalog.tests.dll" id="a71907f4-cb59-355a-4de0-df6b01033021">
      <Execution id="d605eee2-4b30-4bd8-afe8-7436e8201b46" />
      <TestMethod codeBase="/home/JP777/sillar-qa-m04/backend/Sillar.Modules.Catalog.Tests/bin/Debug/net10.0/Sillar.Modules.Catalog.Tests.dll" adapterTypeName="executor://xunit/VsTestRunner3/netcore/" className="Sillar.Modules.Catalog.Tests.BreadcrumbTests" name="Si_ninguna_categoria_esta_activa_no_hay_miga" />
    </UnitTest>
    <UnitTest name="Sillar.Modules.Catalog.Tests.ItemPricingTests.Un_producto_sin_presentaciones_ensena_su_precio_de_lista" storage="/home/jp777/sillar-qa-m04/backend/sillar.modules.catalog.tests/bin/debug/net10.0/sillar.modules.catalog.tests.dll" id="225066bf-d959-ea4d-9999-4013d74caa80">
      <Execution id="7f93f9f4-f4e2-4b52-bae1-ee407c08166b" />
      <TestMethod codeBase="/home/JP777/sillar-qa-m04/backend/Sillar.Modules.Catalog.Tests/bin/Debug/net10.0/Sillar.Modules.Catalog.Tests.dll" adapterTypeName="executor://xunit/VsTestRunner3/netcore/" className="Sillar.Modules.Catalog.Tests.ItemPricingTests" name="Un_producto_sin_presentaciones_ensena_su_precio_de_lista" />
    </UnitTest>
    <UnitTest name="Sillar.Modules.Catalog.Tests.CatalogSelectionTests.Pedir_mas_del_tope_devuelve_el_tope" storage="/home/jp777/sillar-qa-m04/backend/sillar.modules.catalog.tests/bin/debug/net10.0/sillar.modules.catalog.tests.dll" id="cef807fc-6d22-9745-26f2-e3f872497c16">
      <Execution id="90362d86-5975-4610-a54e-51d4eaee7a12" />
      <TestMethod codeBase="/home/JP777/sillar-qa-m04/backend/Sillar.Modules.Catalog.Tests/bin/Debug/net10.0/Sillar.Modules.Catalog.Tests.dll" adapterTypeName="executor://xunit/VsTestRunner3/netcore/" className="Sillar.Modules.Catalog.Tests.CatalogSelectionTests" name="Pedir_mas_del_tope_devuelve_el_tope" />
    </UnitTest>
    <UnitTest name="Sillar.Modules.Catalog.Tests.CatalogContractPostgresTests.BuscarPorCodigo_traduce_con_inner_join_y_respeta_actividad_y_proyeccion" storage="/home/jp777/sillar-qa-m04/backend/sillar.modules.catalog.tests/bin/debug/net10.0/sillar.modules.catalog.tests.dll" id="f6a34728-0b06-6625-de29-7bf2a5f38378">
      <Execution id="e5c9ef93-63cc-4ed0-9d42-ec400eaa9356" />
      <TestMethod codeBase="/home/JP777/sillar-qa-m04/backend/Sillar.Modules.Catalog.Tests/bin/Debug/net10.0/Sillar.Modules.Catalog.Tests.dll" adapterTypeName="executor://xunit/VsTestRunner3/netcore/" className="Sillar.Modules.Catalog.Tests.CatalogContractPostgresTests" name="BuscarPorCodigo_traduce_con_inner_join_y_respeta_actividad_y_proyeccion" />
    </UnitTest>
    <UnitTest name="Sillar.Modules.Catalog.Tests.SlugGeneratorTests.Un_nombre_simple_se_pasa_a_minusculas_y_guiones" storage="/home/jp777/sillar-qa-m04/backend/sillar.modules.catalog.tests/bin/debug/net10.0/sillar.modules.catalog.tests.dll" id="6b5b105f-3da1-597e-4f46-ab5185e7d14a">
      <Execution id="e9cea175-b329-47b3-82cf-4fd48744945b" />
      <TestMethod codeBase="/home/JP777/sillar-qa-m04/backend/Sillar.Modules.Catalog.Tests/bin/Debug/net10.0/Sillar.Modules.Catalog.Tests.dll" adapterTypeName="executor://xunit/VsTestRunner3/netcore/" className="Sillar.Modules.Catalog.Tests.SlugGeneratorTests" name="Un_nombre_simple_se_pasa_a_minusculas_y_guiones" />
    </UnitTest>
    <UnitTest name="Sillar.Modules.Catalog.Tests.CatalogContractPostgresTests.VariantesDe_traduce_con_inner_join_y_conserva_solo_item_activo_y_orden" storage="/home/jp777/sillar-qa-m04/backend/sillar.modules.catalog.tests/bin/debug/net10.0/sillar.modules.catalog.tests.dll" id="fbd54478-bd74-d589-4dae-5da4bf38a61b">
      <Execution id="fbbd23c3-2f0d-4965-8d47-fee03f81ebe3" />
      <TestMethod codeBase="/home/JP777/sillar-qa-m04/backend/Sillar.Modules.Catalog.Tests/bin/Debug/net10.0/Sillar.Modules.Catalog.Tests.dll" adapterTypeName="executor://xunit/VsTestRunner3/netcore/" className="Sillar.Modules.Catalog.Tests.CatalogContractPostgresTests" name="VariantesDe_traduce_con_inner_join_y_conserva_solo_item_activo_y_orden" />
    </UnitTest>
    <UnitTest name="Sillar.Modules.Catalog.Tests.CatalogTranslationTests.Buscar_para_seleccion_se_traduce_y_se_ejecuta" storage="/home/jp777/sillar-qa-m04/backend/sillar.modules.catalog.tests/bin/debug/net10.0/sillar.modules.catalog.tests.dll" id="37cb07fb-8931-7be0-2134-69bec00c1893">
      <Execution id="7581bf69-a91e-4bed-89c3-458e3cbcd17c" />
      <TestMethod codeBase="/home/JP777/sillar-qa-m04/backend/Sillar.Modules.Catalog.Tests/bin/Debug/net10.0/Sillar.Modules.Catalog.Tests.dll" adapterTypeName="executor://xunit/VsTestRunner3/netcore/" className="Sillar.Modules.Catalog.Tests.CatalogTranslationTests" name="Buscar_para_seleccion_se_traduce_y_se_ejecuta" />
    </UnitTest>
    <UnitTest name="Sillar.Modules.Catalog.Tests.SlugGeneratorTests.Formatos_invalidos_no_pasan(slug: &quot;artesco-&quot;)" storage="/home/jp777/sillar-qa-m04/backend/sillar.modules.catalog.tests/bin/debug/net10.0/sillar.modules.catalog.tests.dll" id="3412e393-4e6b-f4d2-990c-800f1d545733">
      <Execution id="da22085c-14d1-4358-aa71-0366ff51956c" />
      <TestMethod codeBase="/home/JP777/sillar-qa-m04/backend/Sillar.Modules.Catalog.Tests/bin/Debug/net10.0/Sillar.Modules.Catalog.Tests.dll" adapterTypeName="executor://xunit/VsTestRunner3/netcore/" className="Sillar.Modules.Catalog.Tests.SlugGeneratorTests" name="Formatos_invalidos_no_pasan" />
    </UnitTest>
    <UnitTest name="Sillar.Modules.Catalog.Tests.BreadcrumbTests.Sin_categoria_principal_se_usa_otra_activa_igual" storage="/home/jp777/sillar-qa-m04/backend/sillar.modules.catalog.tests/bin/debug/net10.0/sillar.modules.catalog.tests.dll" id="dfd49495-f4a4-8cc7-235d-bb080e8d99af">
      <Execution id="ae1cbdbe-637a-499b-ad1e-9febcb55c8f9" />
      <TestMethod codeBase="/home/JP777/sillar-qa-m04/backend/Sillar.Modules.Catalog.Tests/bin/Debug/net10.0/Sillar.Modules.Catalog.Tests.dll" adapterTypeName="executor://xunit/VsTestRunner3/netcore/" className="Sillar.Modules.Catalog.Tests.BreadcrumbTests" name="Sin_categoria_principal_se_usa_otra_activa_igual" />
    </UnitTest>
    <UnitTest name="Sillar.Modules.Catalog.Tests.CatalogTranslationTests.Un_producto_de_baja_no_se_puede_elegir_pero_si_releer" storage="/home/jp777/sillar-qa-m04/backend/sillar.modules.catalog.tests/bin/debug/net10.0/sillar.modules.catalog.tests.dll" id="a218a2bd-1be5-1e15-7b3b-c0fbfc41989b">
      <Execution id="8ef14c0f-49f6-4234-9094-89022185aa1f" />
      <TestMethod codeBase="/home/JP777/sillar-qa-m04/backend/Sillar.Modules.Catalog.Tests/bin/Debug/net10.0/Sillar.Modules.Catalog.Tests.dll" adapterTypeName="executor://xunit/VsTestRunner3/netcore/" className="Sillar.Modules.Catalog.Tests.CatalogTranslationTests" name="Un_producto_de_baja_no_se_puede_elegir_pero_si_releer" />
    </UnitTest>
    <UnitTest name="Sillar.Modules.Catalog.Tests.SlugGeneratorTests.Formatos_invalidos_no_pasan(slug: &quot;artesco verde&quot;)" storage="/home/jp777/sillar-qa-m04/backend/sillar.modules.catalog.tests/bin/debug/net10.0/sillar.modules.catalog.tests.dll" id="351a578f-16d6-e5d0-d74f-774450bdbf38">
      <Execution id="68aa909c-5344-42d3-bd45-39f84fc30cf5" />
      <TestMethod codeBase="/home/JP777/sillar-qa-m04/backend/Sillar.Modules.Catalog.Tests/bin/Debug/net10.0/Sillar.Modules.Catalog.Tests.dll" adapterTypeName="executor://xunit/VsTestRunner3/netcore/" className="Sillar.Modules.Catalog.Tests.SlugGeneratorTests" name="Formatos_invalidos_no_pasan" />
    </UnitTest>
    <UnitTest name="Sillar.Modules.Catalog.Tests.ItemPricingTests.Con_precio_propio_lo_usa_a_el" storage="/home/jp777/sillar-qa-m04/backend/sillar.modules.catalog.tests/bin/debug/net10.0/sillar.modules.catalog.tests.dll" id="7f51a919-3363-f801-e162-367c229df11b">
      <Execution id="985117c1-5efc-4530-b401-97aea2c5d574" />
      <TestMethod codeBase="/home/JP777/sillar-qa-m04/backend/Sillar.Modules.Catalog.Tests/bin/Debug/net10.0/Sillar.Modules.Catalog.Tests.dll" adapterTypeName="executor://xunit/VsTestRunner3/netcore/" className="Sillar.Modules.Catalog.Tests.ItemPricingTests" name="Con_precio_propio_lo_usa_a_el" />
    </UnitTest>
    <UnitTest name="Sillar.Modules.Catalog.Tests.CategoryTreeTests.Mover_una_hoja_a_otra_rama_no_es_ciclo" storage="/home/jp777/sillar-qa-m04/backend/sillar.modules.catalog.tests/bin/debug/net10.0/sillar.modules.catalog.tests.dll" id="3ab3664a-380e-6a90-fab4-78eca20e2457">
      <Execution id="a31bb1d6-bb29-4cc7-b414-22b6c4a2fa93" />
      <TestMethod codeBase="/home/JP777/sillar-qa-m04/backend/Sillar.Modules.Catalog.Tests/bin/Debug/net10.0/Sillar.Modules.Catalog.Tests.dll" adapterTypeName="executor://xunit/VsTestRunner3/netcore/" className="Sillar.Modules.Catalog.Tests.CategoryTreeTests" name="Mover_una_hoja_a_otra_rama_no_es_ciclo" />
    </UnitTest>
    <UnitTest name="Sillar.Modules.Catalog.Tests.ItemPricingTests.El_minimo_cuenta_lo_que_se_hereda_no_solo_lo_propio" storage="/home/jp777/sillar-qa-m04/backend/sillar.modules.catalog.tests/bin/debug/net10.0/sillar.modules.catalog.tests.dll" id="bca26902-3de5-da70-a9c5-c5a66dc79180">
      <Execution id="2dfd60f4-fc9d-4338-8cc6-cb6840256794" />
      <TestMethod codeBase="/home/JP777/sillar-qa-m04/backend/Sillar.Modules.Catalog.Tests/bin/Debug/net10.0/Sillar.Modules.Catalog.Tests.dll" adapterTypeName="executor://xunit/VsTestRunner3/netcore/" className="Sillar.Modules.Catalog.Tests.ItemPricingTests" name="El_minimo_cuenta_lo_que_se_hereda_no_solo_lo_propio" />
    </UnitTest>
    <UnitTest name="Sillar.Modules.Catalog.Tests.ItemPricingTests.Si_todas_las_presentaciones_cuestan_igual_la_tarjeta_no_dice_desde" storage="/home/jp777/sillar-qa-m04/backend/sillar.modules.catalog.tests/bin/debug/net10.0/sillar.modules.catalog.tests.dll" id="dcfdb57b-16a6-ccd9-1b80-018370264732">
      <Execution id="f5bcdfe6-f41b-4e84-9b71-a44efaf7ac40" />
      <TestMethod codeBase="/home/JP777/sillar-qa-m04/backend/Sillar.Modules.Catalog.Tests/bin/Debug/net10.0/Sillar.Modules.Catalog.Tests.dll" adapterTypeName="executor://xunit/VsTestRunner3/netcore/" className="Sillar.Modules.Catalog.Tests.ItemPricingTests" name="Si_todas_las_presentaciones_cuestan_igual_la_tarjeta_no_dice_desde" />
    </UnitTest>
    <UnitTest name="Sillar.Modules.Catalog.Tests.ItemPricingTests.Cero_no_es_lo_mismo_que_nulo" storage="/home/jp777/sillar-qa-m04/backend/sillar.modules.catalog.tests/bin/debug/net10.0/sillar.modules.catalog.tests.dll" id="5671b32f-d550-d1c9-d98f-21ca78837fbd">
      <Execution id="fc2c3750-eaaf-465b-84da-d9c51653a88b" />
      <TestMethod codeBase="/home/JP777/sillar-qa-m04/backend/Sillar.Modules.Catalog.Tests/bin/Debug/net10.0/Sillar.Modules.Catalog.Tests.dll" adapterTypeName="executor://xunit/VsTestRunner3/netcore/" className="Sillar.Modules.Catalog.Tests.ItemPricingTests" name="Cero_no_es_lo_mismo_que_nulo" />
    </UnitTest>
    <UnitTest name="Sillar.Modules.Catalog.Tests.SlugGeneratorTests.Formatos_invalidos_no_pasan(slug: &quot;artesco--verde&quot;)" storage="/home/jp777/sillar-qa-m04/backend/sillar.modules.catalog.tests/bin/debug/net10.0/sillar.modules.catalog.tests.dll" id="8e466450-fa11-71bb-62a6-8eba51b381cf">
      <Execution id="70f1486f-8c6c-4560-9c48-8b55288898ab" />
      <TestMethod codeBase="/home/JP777/sillar-qa-m04/backend/Sillar.Modules.Catalog.Tests/bin/Debug/net10.0/Sillar.Modules.Catalog.Tests.dll" adapterTypeName="executor://xunit/VsTestRunner3/netcore/" className="Sillar.Modules.Catalog.Tests.SlugGeneratorTests" name="Formatos_invalidos_no_pasan" />
    </UnitTest>
    <UnitTest name="Sillar.Modules.Catalog.Tests.SlugGeneratorTests.Formatos_validos_pasan(slug: &quot;artesco&quot;)" storage="/home/jp777/sillar-qa-m04/backend/sillar.modules.catalog.tests/bin/debug/net10.0/sillar.modules.catalog.tests.dll" id="ecc63db2-174f-2697-35d0-8f72f4d9ff20">
      <Execution id="a51f9afa-5e49-402b-806c-e7908caeb1cd" />
      <TestMethod codeBase="/home/JP777/sillar-qa-m04/backend/Sillar.Modules.Catalog.Tests/bin/Debug/net10.0/Sillar.Modules.Catalog.Tests.dll" adapterTypeName="executor://xunit/VsTestRunner3/netcore/" className="Sillar.Modules.Catalog.Tests.SlugGeneratorTests" name="Formatos_validos_pasan" />
    </UnitTest>
    <UnitTest name="Sillar.Modules.Catalog.Tests.BreadcrumbTests.La_ruta_sube_de_la_categoria_hasta_la_raiz" storage="/home/jp777/sillar-qa-m04/backend/sillar.modules.catalog.tests/bin/debug/net10.0/sillar.modules.catalog.tests.dll" id="8a4dc72f-f743-ab20-6a56-d3019835e91c">
      <Execution id="f213e3c8-1818-4dd8-a1cc-df15920422de" />
      <TestMethod codeBase="/home/JP777/sillar-qa-m04/backend/Sillar.Modules.Catalog.Tests/bin/Debug/net10.0/Sillar.Modules.Catalog.Tests.dll" adapterTypeName="executor://xunit/VsTestRunner3/netcore/" className="Sillar.Modules.Catalog.Tests.BreadcrumbTests" name="La_ruta_sube_de_la_categoria_hasta_la_raiz" />
    </UnitTest>
    <UnitTest name="Sillar.Modules.Catalog.Tests.SlugGeneratorTests.Las_tildes_desaparecen_sin_dejar_hueco" storage="/home/jp777/sillar-qa-m04/backend/sillar.modules.catalog.tests/bin/debug/net10.0/sillar.modules.catalog.tests.dll" id="2f3e224b-6b09-10d5-169b-a7870cb124c6">
      <Execution id="58f53358-d5b9-4a97-8fe0-9c4495ff5b7d" />
      <TestMethod codeBase="/home/JP777/sillar-qa-m04/backend/Sillar.Modules.Catalog.Tests/bin/Debug/net10.0/Sillar.Modules.Catalog.Tests.dll" adapterTypeName="executor://xunit/VsTestRunner3/netcore/" className="Sillar.Modules.Catalog.Tests.SlugGeneratorTests" name="Las_tildes_desaparecen_sin_dejar_hueco" />
    </UnitTest>
    <UnitTest name="Sillar.Modules.Catalog.Tests.ItemPricingTests.Una_sola_a_consultar_deja_toda_la_tarjeta_a_consultar" storage="/home/jp777/sillar-qa-m04/backend/sillar.modules.catalog.tests/bin/debug/net10.0/sillar.modules.catalog.tests.dll" id="2e61bcca-f7de-6fe7-bf3b-533b545a561e">
      <Execution id="ac14cb1d-6deb-4709-9c5e-4415ab945c43" />
      <TestMethod codeBase="/home/JP777/sillar-qa-m04/backend/Sillar.Modules.Catalog.Tests/bin/Debug/net10.0/Sillar.Modules.Catalog.Tests.dll" adapterTypeName="executor://xunit/VsTestRunner3/netcore/" className="Sillar.Modules.Catalog.Tests.ItemPricingTests" name="Una_sola_a_consultar_deja_toda_la_tarjeta_a_consultar" />
    </UnitTest>
    <UnitTest name="Sillar.Modules.Catalog.Tests.ProductItemRulesTests.Si_es_la_ultima_el_mensaje_propone_desactivar_el_producto" storage="/home/jp777/sillar-qa-m04/backend/sillar.modules.catalog.tests/bin/debug/net10.0/sillar.modules.catalog.tests.dll" id="e156d8d9-6b64-7afe-1266-8cec9f28a53b">
      <Execution id="2c5c21ca-0c85-44e4-a042-ef078c33817c" />
      <TestMethod codeBase="/home/JP777/sillar-qa-m04/backend/Sillar.Modules.Catalog.Tests/bin/Debug/net10.0/Sillar.Modules.Catalog.Tests.dll" adapterTypeName="executor://xunit/VsTestRunner3/netcore/" className="Sillar.Modules.Catalog.Tests.ProductItemRulesTests" name="Si_es_la_ultima_el_mensaje_propone_desactivar_el_producto" />
    </UnitTest>
    <UnitTest name="Sillar.Modules.Catalog.Tests.CatalogTranslationTests.La_busqueda_no_distingue_tildes_ni_mayusculas" storage="/home/jp777/sillar-qa-m04/backend/sillar.modules.catalog.tests/bin/debug/net10.0/sillar.modules.catalog.tests.dll" id="71bf11ce-e0ae-eee8-b3ef-44f64c94741d">
      <Execution id="1e2ad3ed-4cfd-436e-a211-b0ea9caeea28" />
      <TestMethod codeBase="/home/JP777/sillar-qa-m04/backend/Sillar.Modules.Catalog.Tests/bin/Debug/net10.0/Sillar.Modules.Catalog.Tests.dll" adapterTypeName="executor://xunit/VsTestRunner3/netcore/" className="Sillar.Modules.Catalog.Tests.CatalogTranslationTests" name="La_busqueda_no_distingue_tildes_ni_mayusculas" />
    </UnitTest>
  </TestDefinitions>
  <TestEntries>
    <TestEntry testId="bca26902-3de5-da70-a9c5-c5a66dc79180" executionId="2dfd60f4-fc9d-4338-8cc6-cb6840256794" testListId="8c84fa94-04c1-424b-9868-57a2d4851a1d" />
    <TestEntry testId="7a2729f3-085a-b6b7-c9f4-2994b03de1bb" executionId="d87dec9e-3161-4e7e-a8f4-ebf74e0a2879" testListId="8c84fa94-04c1-424b-9868-57a2d4851a1d" />
    <TestEntry testId="225066bf-d959-ea4d-9999-4013d74caa80" executionId="7f93f9f4-f4e2-4b52-bae1-ee407c08166b" testListId="8c84fa94-04c1-424b-9868-57a2d4851a1d" />
    <TestEntry testId="f6a34728-0b06-6625-de29-7bf2a5f38378" executionId="e5c9ef93-63cc-4ed0-9d42-ec400eaa9356" testListId="8c84fa94-04c1-424b-9868-57a2d4851a1d" />
    <TestEntry testId="6b5b105f-3da1-597e-4f46-ab5185e7d14a" executionId="e9cea175-b329-47b3-82cf-4fd48744945b" testListId="8c84fa94-04c1-424b-9868-57a2d4851a1d" />
    <TestEntry testId="036eecb8-1445-2cb2-686c-00ba15a992be" executionId="c29a7871-4e07-4844-85f2-2b3e3fa24817" testListId="8c84fa94-04c1-424b-9868-57a2d4851a1d" />
    <TestEntry testId="0fbd9708-ac00-ba0b-c6f0-dd06a4f76911" executionId="bb61a60f-34c8-465d-b571-a990ec02e3e8" testListId="8c84fa94-04c1-424b-9868-57a2d4851a1d" />
    <TestEntry testId="0cfb2ee4-8f5c-9edb-aaa1-94f7ae76831d" executionId="15f0617e-a90e-4ecf-9784-331e308a8b21" testListId="8c84fa94-04c1-424b-9868-57a2d4851a1d" />
    <TestEntry testId="d0824c5a-51c2-4b39-2201-8a65f32b0787" executionId="48a2e7ac-e15d-4546-9906-5a4bd144f26d" testListId="8c84fa94-04c1-424b-9868-57a2d4851a1d" />
    <TestEntry testId="68c41954-91d1-c0a2-0919-fc7e8db87d83" executionId="a2d5e146-f9c7-44c7-9261-040538cf2aa7" testListId="8c84fa94-04c1-424b-9868-57a2d4851a1d" />
    <TestEntry testId="20db998c-d83d-f66e-33a1-1c69311e70b6" executionId="0f86d176-e836-418d-9f55-32098c40f520" testListId="8c84fa94-04c1-424b-9868-57a2d4851a1d" />
    <TestEntry testId="dcfdb57b-16a6-ccd9-1b80-018370264732" executionId="f5bcdfe6-f41b-4e84-9b71-a44efaf7ac40" testListId="8c84fa94-04c1-424b-9868-57a2d4851a1d" />
    <TestEntry testId="0070f335-173c-fc37-978a-1cecff14b292" executionId="03bc77bc-8362-44b1-90f1-0af9f9572811" testListId="8c84fa94-04c1-424b-9868-57a2d4851a1d" />
    <TestEntry testId="06abe881-2361-367c-ae39-0bd04a41d051" executionId="2d8d72ee-70fc-4751-a908-4bdb46cc564f" testListId="8c84fa94-04c1-424b-9868-57a2d4851a1d" />
    <TestEntry testId="eaa09eb1-937d-28a7-e182-35b541566732" executionId="1028de44-c032-44e0-b6c4-bbdaf9a700c2" testListId="8c84fa94-04c1-424b-9868-57a2d4851a1d" />
    <TestEntry testId="719ebb39-ee20-5ea2-e543-a1ee7f2cb083" executionId="94932127-ecc0-4985-afcc-e18356051212" testListId="8c84fa94-04c1-424b-9868-57a2d4851a1d" />
    <TestEntry testId="2f3e224b-6b09-10d5-169b-a7870cb124c6" executionId="58f53358-d5b9-4a97-8fe0-9c4495ff5b7d" testListId="8c84fa94-04c1-424b-9868-57a2d4851a1d" />
    <TestEntry testId="37cb07fb-8931-7be0-2134-69bec00c1893" executionId="7581bf69-a91e-4bed-89c3-458e3cbcd17c" testListId="8c84fa94-04c1-424b-9868-57a2d4851a1d" />
    <TestEntry testId="f72fa5e9-c5d2-0eed-8e8c-75c6b9ef4f06" executionId="149e626b-5d59-4e77-8b00-56591ce6a54c" testListId="8c84fa94-04c1-424b-9868-57a2d4851a1d" />
    <TestEntry testId="2bdd2ded-69dd-7774-e4b7-132f37df4a1c" executionId="510dad56-68b6-44f3-b7a5-d80e180d6f17" testListId="8c84fa94-04c1-424b-9868-57a2d4851a1d" />
    <TestEntry testId="7f8a3268-2896-fb2a-0b2d-647407bdd603" executionId="64a072f4-23e7-46d2-9fe1-772b82ad8ae5" testListId="8c84fa94-04c1-424b-9868-57a2d4851a1d" />
    <TestEntry testId="904c5cfe-3bca-7bd9-1fc8-f24396882279" executionId="d43b3f67-9ace-458d-bed1-3db6e2e1949a" testListId="8c84fa94-04c1-424b-9868-57a2d4851a1d" />
    <TestEntry testId="3ab3664a-380e-6a90-fab4-78eca20e2457" executionId="a31bb1d6-bb29-4cc7-b414-22b6c4a2fa93" testListId="8c84fa94-04c1-424b-9868-57a2d4851a1d" />
    <TestEntry testId="01afd638-d6d1-4997-df87-30cbe17d18c4" executionId="31d4c328-9d0d-4519-bc1d-9300ad735ef5" testListId="8c84fa94-04c1-424b-9868-57a2d4851a1d" />
    <TestEntry testId="dfd49495-f4a4-8cc7-235d-bb080e8d99af" executionId="ae1cbdbe-637a-499b-ad1e-9febcb55c8f9" testListId="8c84fa94-04c1-424b-9868-57a2d4851a1d" />
    <TestEntry testId="2e61bcca-f7de-6fe7-bf3b-533b545a561e" executionId="ac14cb1d-6deb-4709-9c5e-4415ab945c43" testListId="8c84fa94-04c1-424b-9868-57a2d4851a1d" />
    <TestEntry testId="8e466450-fa11-71bb-62a6-8eba51b381cf" executionId="70f1486f-8c6c-4560-9c48-8b55288898ab" testListId="8c84fa94-04c1-424b-9868-57a2d4851a1d" />
    <TestEntry testId="8a4dc72f-f743-ab20-6a56-d3019835e91c" executionId="f213e3c8-1818-4dd8-a1cc-df15920422de" testListId="8c84fa94-04c1-424b-9868-57a2d4851a1d" />
    <TestEntry testId="72a76db7-0812-1ed2-5720-a2c99e88f54b" executionId="067a3b14-1018-4d08-98e0-5bbe055050e2" testListId="8c84fa94-04c1-424b-9868-57a2d4851a1d" />
    <TestEntry testId="ecc63db2-174f-2697-35d0-8f72f4d9ff20" executionId="a51f9afa-5e49-402b-806c-e7908caeb1cd" testListId="8c84fa94-04c1-424b-9868-57a2d4851a1d" />
    <TestEntry testId="3412e393-4e6b-f4d2-990c-800f1d545733" executionId="da22085c-14d1-4358-aa71-0366ff51956c" testListId="8c84fa94-04c1-424b-9868-57a2d4851a1d" />
    <TestEntry testId="c3557039-9c1b-6333-8399-bc3add178452" executionId="7d52be91-96ab-47b5-a25b-7da1ffac04d3" testListId="8c84fa94-04c1-424b-9868-57a2d4851a1d" />
    <TestEntry testId="e156d8d9-6b64-7afe-1266-8cec9f28a53b" executionId="2c5c21ca-0c85-44e4-a042-ef078c33817c" testListId="8c84fa94-04c1-424b-9868-57a2d4851a1d" />
    <TestEntry testId="351a578f-16d6-e5d0-d74f-774450bdbf38" executionId="68aa909c-5344-42d3-bd45-39f84fc30cf5" testListId="8c84fa94-04c1-424b-9868-57a2d4851a1d" />
    <TestEntry testId="7f51a919-3363-f801-e162-367c229df11b" executionId="985117c1-5efc-4530-b401-97aea2c5d574" testListId="8c84fa94-04c1-424b-9868-57a2d4851a1d" />
    <TestEntry testId="8c497596-a137-d21c-fe2e-260d40567e71" executionId="991b2ca5-f5a3-42aa-8ead-da339a46d720" testListId="8c84fa94-04c1-424b-9868-57a2d4851a1d" />
    <TestEntry testId="6425a3da-a61a-a832-6761-c2e4d138e56f" executionId="fa20233c-91e0-43d7-be4a-e5468aade1cc" testListId="8c84fa94-04c1-424b-9868-57a2d4851a1d" />
    <TestEntry testId="71bf11ce-e0ae-eee8-b3ef-44f64c94741d" executionId="1e2ad3ed-4cfd-436e-a211-b0ea9caeea28" testListId="8c84fa94-04c1-424b-9868-57a2d4851a1d" />
    <TestEntry testId="cef807fc-6d22-9745-26f2-e3f872497c16" executionId="90362d86-5975-4610-a54e-51d4eaee7a12" testListId="8c84fa94-04c1-424b-9868-57a2d4851a1d" />
    <TestEntry testId="6fa20617-800a-69c6-a3f5-68e78f3b8d39" executionId="5f515371-3269-476e-a03c-d7ec3be9fce2" testListId="8c84fa94-04c1-424b-9868-57a2d4851a1d" />
    <TestEntry testId="ad04d6be-7f35-84ae-84c2-0739d1866272" executionId="764a76e1-d7f7-4cf8-a8eb-fce071c40987" testListId="8c84fa94-04c1-424b-9868-57a2d4851a1d" />
    <TestEntry testId="10682205-ee8e-fb72-3738-50ca0acc17b6" executionId="10d10bce-6a63-40d1-a6f6-1a4c2a91803d" testListId="8c84fa94-04c1-424b-9868-57a2d4851a1d" />
    <TestEntry testId="5ee00fba-1662-cd7a-e382-cd5ed0429995" executionId="99d101bf-2758-4df5-8319-ee4c24fca7b5" testListId="8c84fa94-04c1-424b-9868-57a2d4851a1d" />
    <TestEntry testId="e641ea8c-0561-5d9d-1a7e-60ab1212c4d6" executionId="269a1651-e672-4d6f-8cec-b8890dcc6d4f" testListId="8c84fa94-04c1-424b-9868-57a2d4851a1d" />
    <TestEntry testId="1bdb82fe-c6ee-d7de-43da-c4cf87e532c9" executionId="bac00707-aa41-404a-86ea-5e80d3e66765" testListId="8c84fa94-04c1-424b-9868-57a2d4851a1d" />
    <TestEntry testId="5671b32f-d550-d1c9-d98f-21ca78837fbd" executionId="fc2c3750-eaaf-465b-84da-d9c51653a88b" testListId="8c84fa94-04c1-424b-9868-57a2d4851a1d" />
    <TestEntry testId="b4abb21e-27ff-e7c3-3155-7b0bfed1e7f5" executionId="cfdb1864-2340-4745-89d2-5f0d4cfdc9ad" testListId="8c84fa94-04c1-424b-9868-57a2d4851a1d" />
    <TestEntry testId="fbd54478-bd74-d589-4dae-5da4bf38a61b" executionId="fbbd23c3-2f0d-4965-8d47-fee03f81ebe3" testListId="8c84fa94-04c1-424b-9868-57a2d4851a1d" />
    <TestEntry testId="bb8d0115-9b65-698d-846c-51b49537bffb" executionId="c8c3750a-9ba8-40f7-831a-ac45b413d5e5" testListId="8c84fa94-04c1-424b-9868-57a2d4851a1d" />
    <TestEntry testId="a218a2bd-1be5-1e15-7b3b-c0fbfc41989b" executionId="8ef14c0f-49f6-4234-9094-89022185aa1f" testListId="8c84fa94-04c1-424b-9868-57a2d4851a1d" />
    <TestEntry testId="9dae3c85-c5e2-fd8a-ccda-816b7ea3ca47" executionId="fedf74fa-0a31-4e7c-baf3-0229d9f61f0d" testListId="8c84fa94-04c1-424b-9868-57a2d4851a1d" />
    <TestEntry testId="13b6f9be-d941-3921-01a9-48e8f5627130" executionId="3b16c5a5-861a-4c8b-aa68-5272c18513c5" testListId="8c84fa94-04c1-424b-9868-57a2d4851a1d" />
    <TestEntry testId="72077de9-1cab-724a-399c-e58b13db0c3c" executionId="aca0e9a1-eac2-43c0-b604-e80855042658" testListId="8c84fa94-04c1-424b-9868-57a2d4851a1d" />
    <TestEntry testId="651fb431-70be-3e63-5075-587798a581ca" executionId="c0423a5a-10ce-4057-9d5a-a8846ca524dc" testListId="8c84fa94-04c1-424b-9868-57a2d4851a1d" />
    <TestEntry testId="7335d698-a9f5-5344-4cb3-1e318d3142c6" executionId="ec3d46aa-c837-49bb-ac93-b713fae50b06" testListId="8c84fa94-04c1-424b-9868-57a2d4851a1d" />
    <TestEntry testId="f44b4a4f-42f5-d7b3-9c6d-1bbbb78edb7c" executionId="5d712967-0328-4de7-b47e-65de7b03c873" testListId="8c84fa94-04c1-424b-9868-57a2d4851a1d" />
    <TestEntry testId="4cd79cd5-a67a-a5e5-b5ba-4f64f7b0b9e3" executionId="c6a875a6-e035-4379-ae81-0fc29a442942" testListId="8c84fa94-04c1-424b-9868-57a2d4851a1d" />
    <TestEntry testId="a71907f4-cb59-355a-4de0-df6b01033021" executionId="d605eee2-4b30-4bd8-afe8-7436e8201b46" testListId="8c84fa94-04c1-424b-9868-57a2d4851a1d" />
  </TestEntries>
  <TestLists>
    <TestList name="Results Not in a List" id="8c84fa94-04c1-424b-9868-57a2d4851a1d" />
    <TestList name="All Loaded Results" id="19431567-8539-422a-85d7-44ee4e166bda" />
  </TestLists>
  <ResultSummary outcome="Completed">
    <Counters total="58" executed="58" passed="58" failed="0" error="0" timeout="0" aborted="0" inconclusive="0" passedButRunAborted="0" notRunnable="0" notExecuted="0" disconnected="0" warning="0" completed="0" inProgress="0" pending="0" />
    <Output>
      <StdOut>[xUnit.net 00:00:00.02] xUnit.net VSTest Adapter v3.1.5+1b188a7b0a (64-bit .NET 10.0.10)
[xUnit.net 00:00:03.57]   Discovering: Sillar.Modules.Catalog.Tests
[xUnit.net 00:00:07.48]   Discovered:  Sillar.Modules.Catalog.Tests
[xUnit.net 00:00:10.13]   Starting:    Sillar.Modules.Catalog.Tests
[xUnit.net 00:00:36.00]   Finished:    Sillar.Modules.Catalog.Tests (ID = '2eed1441fa1f06fb5cced2a92186b8454c7a2f0667949bb7545524732075cc68')
</StdOut>
    </Output>
  </ResultSummary>
</TestRun>