<?xml version="1.0" encoding="utf-8"?>
<TestRun id="b0a9462d-4fff-4748-9b3a-b24e85c47818" name="@archlinux 2026-10-06 18:34:16" xmlns="http://microsoft.com/schemas/VisualStudio/TeamTest/2010">
  <Times creation="2026-10-06T18:34:16.3759779-05:00" queuing="2026-10-06T18:34:16.3759781-05:00" start="2026-10-06T18:34:01.6558407-05:00" finish="2026-10-06T18:34:38.2249887-05:00" />
  <TestSettings name="default" id="009cba75-4c1b-460b-b3f9-9bb7d1ba493b">
    <Deployment runDeploymentRoot="_archlinux_2026-10-06_18_34_16" />
  </TestSettings>
  <Results>
    <UnitTestResult executionId="3541f5fe-1b5e-4240-816e-cff9b0346e67" testId="bd48907b-13cd-4cd1-9a0f-5105d31d3f5c" testName="Sillar.Modules.Cms.Tests.ReordenamientoTests.Un_identificador_repetido_no_produce_asignaciones_parciales" computerName="archlinux" duration="00:00:00.4781134" startTime="2026-10-06T18:34:15.2158192-05:00" endTime="2026-10-06T18:34:15.7726574-05:00" testType="13cdc9d9-ddb5-4fa4-a97d-d965ccfc6d4b" outcome="Passed" testListId="8c84fa94-04c1-424b-9868-57a2d4851a1d" relativeResultsDirectory="3541f5fe-1b5e-4240-816e-cff9b0346e67" />
    <UnitTestResult executionId="5deb7b9d-e2dd-4cc2-9502-2a8e6842227c" testId="599e23e0-26c2-b6c9-6ae2-34c6a11a0db9" testName="Sillar.Modules.Cms.Tests.ReglasContenidoTests.Ruta_interna_y_https_con_etiqueta_se_aceptan(url: &quot;https://sillar.example/catalogo&quot;)" computerName="archlinux" duration="00:00:00.0957244" startTime="2026-10-06T18:34:15.8665912-05:00" endTime="2026-10-06T18:34:15.9624791-05:00" testType="13cdc9d9-ddb5-4fa4-a97d-d965ccfc6d4b" outcome="Passed" testListId="8c84fa94-04c1-424b-9868-57a2d4851a1d" relativeResultsDirectory="5deb7b9d-e2dd-4cc2-9502-2a8e6842227c" />
    <UnitTestResult executionId="09988d6e-8638-4180-b5fe-298ba72c6e48" testId="8257b719-3ef5-439c-d9a9-9a2366d2e1be" testName="Sillar.Modules.Cms.Tests.ProductoDestacadoTests.Precio_a_consultar_gratis_y_positivo_son_validos" computerName="archlinux" duration="00:00:00.0107330" startTime="2026-10-06T18:34:17.1994982-05:00" endTime="2026-10-06T18:34:17.2104639-05:00" testType="13cdc9d9-ddb5-4fa4-a97d-d965ccfc6d4b" outcome="Passed" testListId="8c84fa94-04c1-424b-9868-57a2d4851a1d" relativeResultsDirectory="09988d6e-8638-4180-b5fe-298ba72c6e48" />
    <UnitTestResult executionId="0932a947-b568-4cc5-9af8-8864a44659a8" testId="757b5d0c-e17f-b266-9c78-04b2d85e761e" testName="Sillar.Modules.Cms.Tests.VigenciaPublicacionTests.Estado_administrativo_respeta_la_misma_ventana(isActive: True, startMinutes: -2, endMinutes: -1, expected: Expired)" computerName="archlinux" duration="00:00:00.0586478" startTime="2026-10-06T18:34:16.3629728-05:00" endTime="2026-10-06T18:34:16.4217968-05:00" testType="13cdc9d9-ddb5-4fa4-a97d-d965ccfc6d4b" outcome="Passed" testListId="8c84fa94-04c1-424b-9868-57a2d4851a1d" relativeResultsDirectory="0932a947-b568-4cc5-9af8-8864a44659a8" />
    <UnitTestResult executionId="b0c339c1-1bac-4eab-a81d-ea107f1d0e81" testId="ae752757-12de-159e-e35d-ed5af30161fc" testName="Sillar.Modules.Cms.Tests.VigenciaPublicacionTests.Termina_exactamente_ahora_y_ya_no_esta_vigente" computerName="archlinux" duration="00:00:00.0299443" startTime="2026-10-06T18:34:16.8125547-05:00" endTime="2026-10-06T18:34:16.8447057-05:00" testType="13cdc9d9-ddb5-4fa4-a97d-d965ccfc6d4b" outcome="Passed" testListId="8c84fa94-04c1-424b-9868-57a2d4851a1d" relativeResultsDirectory="b0c339c1-1bac-4eab-a81d-ea107f1d0e81" />
    <UnitTestResult executionId="4a3aaac8-fdc3-4530-8082-79e0012ceac7" testId="7fdcbdfc-761e-bd12-f7ad-ec7daa65e5d4" testName="Sillar.Modules.Cms.Tests.ContratosHttpTests.Administracion_distingue_el_estado_del_producto_del_estado_del_destacado" computerName="archlinux" duration="00:00:00.0008872" startTime="2026-10-06T18:34:17.6320182-05:00" endTime="2026-10-06T18:34:17.6330560-05:00" testType="13cdc9d9-ddb5-4fa4-a97d-d965ccfc6d4b" outcome="Passed" testListId="8c84fa94-04c1-424b-9868-57a2d4851a1d" relativeResultsDirectory="4a3aaac8-fdc3-4530-8082-79e0012ceac7" />
    <UnitTestResult executionId="f2ce3453-7792-4ec0-83d9-4587f43f85a9" testId="4eea0ad0-53b9-967e-2a0f-04ced988a2fb" testName="Sillar.Modules.Cms.Tests.ContratosHttpTests.Las_tres_respuestas_programables_exponen_un_estado_controlado" computerName="archlinux" duration="00:00:01.6898819" startTime="2026-10-06T18:34:15.8565518-05:00" endTime="2026-10-06T18:34:17.5465820-05:00" testType="13cdc9d9-ddb5-4fa4-a97d-d965ccfc6d4b" outcome="Passed" testListId="8c84fa94-04c1-424b-9868-57a2d4851a1d" relativeResultsDirectory="f2ce3453-7792-4ec0-83d9-4587f43f85a9" />
    <UnitTestResult executionId="0c1298a6-bdc9-46cc-9803-077f6ffee625" testId="2064bd9e-2263-d198-da3d-0db71bf41511" testName="Sillar.Modules.Cms.Tests.ReactivacionRedSocialTests.Reactivar_exige_editor_y_admin_para_aplicar_la_jerarquia_existente" computerName="archlinux" duration="00:00:01.3787714" startTime="2026-10-06T18:34:35.6088076-05:00" endTime="2026-10-06T18:34:36.9877453-05:00" testType="13cdc9d9-ddb5-4fa4-a97d-d965ccfc6d4b" outcome="Passed" testListId="8c84fa94-04c1-424b-9868-57a2d4851a1d" relativeResultsDirectory="0c1298a6-bdc9-46cc-9803-077f6ffee625" />
    <UnitTestResult executionId="a9e2cc5d-8bfd-4cb5-855e-533ef8dba585" testId="dac30810-fbfb-2322-8292-3168f4a77b3a" testName="Sillar.Modules.Cms.Tests.ReordenamientoTests.Una_seccion_vacia_acepta_una_lista_vacia" computerName="archlinux" duration="00:00:00.0818434" startTime="2026-10-06T18:34:15.8413211-05:00" endTime="2026-10-06T18:34:15.9233362-05:00" testType="13cdc9d9-ddb5-4fa4-a97d-d965ccfc6d4b" outcome="Passed" testListId="8c84fa94-04c1-424b-9868-57a2d4851a1d" relativeResultsDirectory="a9e2cc5d-8bfd-4cb5-855e-533ef8dba585" />
    <UnitTestResult executionId="2fc34923-10bc-4c1f-9659-ce289b7ea998" testId="7ee8d4d6-43a7-6b5f-17de-8afd26c2e99e" testName="Sillar.Modules.Cms.Tests.VigenciaPublicacionTests.Activo_sin_fechas_esta_vigente" computerName="archlinux" duration="00:00:00.0264673" startTime="2026-10-06T18:34:16.8891950-05:00" endTime="2026-10-06T18:34:16.9157943-05:00" testType="13cdc9d9-ddb5-4fa4-a97d-d965ccfc6d4b" outcome="Passed" testListId="8c84fa94-04c1-424b-9868-57a2d4851a1d" relativeResultsDirectory="2fc34923-10bc-4c1f-9659-ce289b7ea998" />
    <UnitTestResult executionId="94d7ba6e-bcd9-454b-b5d1-fbb116b645a0" testId="aed02722-cdb8-9e6c-49c7-869e433ac834" testName="Sillar.Modules.Cms.Tests.ReglasContenidoTests.Sin_imagen_el_texto_alternativo_puede_ser_nulo" computerName="archlinux" duration="00:00:00.0004829" startTime="2026-10-06T18:34:16.0448106-05:00" endTime="2026-10-06T18:34:16.0454117-05:00" testType="13cdc9d9-ddb5-4fa4-a97d-d965ccfc6d4b" outcome="Passed" testListId="8c84fa94-04c1-424b-9868-57a2d4851a1d" relativeResultsDirectory="94d7ba6e-bcd9-454b-b5d1-fbb116b645a0" />
    <UnitTestResult executionId="ba5cbce0-43a8-40a2-9862-ffd1024134b9" testId="d45286f7-7abb-f02e-94b2-bfcac5476f6e" testName="Sillar.Modules.Cms.Tests.ContratosHttpTests.Destacados_exponen_el_snapshot_sin_precio_formateado" computerName="archlinux" duration="00:00:00.0291065" startTime="2026-10-06T18:34:17.5810046-05:00" endTime="2026-10-06T18:34:17.6102608-05:00" testType="13cdc9d9-ddb5-4fa4-a97d-d965ccfc6d4b" outcome="Passed" testListId="8c84fa94-04c1-424b-9868-57a2d4851a1d" relativeResultsDirectory="ba5cbce0-43a8-40a2-9862-ffd1024134b9" />
    <UnitTestResult executionId="2eed313f-5d8f-41dc-96cf-f762458f5f60" testId="ef5f9c2b-1ed7-834d-37fd-a17dedefb406" testName="Sillar.Modules.Cms.Tests.VigenciaPublicacionTests.Estado_administrativo_respeta_la_misma_ventana(isActive: True, startMinutes: -1, endMinutes: 0, expected: Expired)" computerName="archlinux" duration="00:00:00.0404522" startTime="2026-10-06T18:34:16.2319274-05:00" endTime="2026-10-06T18:34:16.2725364-05:00" testType="13cdc9d9-ddb5-4fa4-a97d-d965ccfc6d4b" outcome="Passed" testListId="8c84fa94-04c1-424b-9868-57a2d4851a1d" relativeResultsDirectory="2eed313f-5d8f-41dc-96cf-f762458f5f60" />
    <UnitTestResult executionId="36af0747-dc53-4c32-8ce1-baaa2195beb8" testId="7a326ffb-1619-09b8-57b3-ecbcf3aa5a27" testName="Sillar.Modules.Cms.Tests.ReactivacionRedSocialTests.Reactivar_una_activa_es_idempotente_y_un_id_inexistente_no_se_inventa" computerName="archlinux" duration="00:00:01.0239002" startTime="2026-10-06T18:34:34.5732482-05:00" endTime="2026-10-06T18:34:35.5973626-05:00" testType="13cdc9d9-ddb5-4fa4-a97d-d965ccfc6d4b" outcome="Passed" testListId="8c84fa94-04c1-424b-9868-57a2d4851a1d" relativeResultsDirectory="36af0747-dc53-4c32-8ce1-baaa2195beb8" />
    <UnitTestResult executionId="69b63051-4ee4-4ea7-ae19-34be660f8b5a" testId="f8a5ec4b-5c6e-5e77-49e2-4283b545d0f8" testName="Sillar.Modules.Cms.Tests.ContratosHttpTests.Ninguna_respuesta_publica_expone_identificadores_de_medios" computerName="archlinux" duration="00:00:00.0177333" startTime="2026-10-06T18:34:17.5552315-05:00" endTime="2026-10-06T18:34:17.5731260-05:00" testType="13cdc9d9-ddb5-4fa4-a97d-d965ccfc6d4b" outcome="Passed" testListId="8c84fa94-04c1-424b-9868-57a2d4851a1d" relativeResultsDirectory="69b63051-4ee4-4ea7-ae19-34be660f8b5a" />
    <UnitTestResult executionId="9b2593ca-9da8-4be4-aa2f-b9719a3e279d" testId="d8e7afb4-534c-45a6-534f-15cefbbd9af0" testName="Sillar.Modules.Cms.Tests.ContratosHttpTests.Administracion_de_trabajos_distingue_los_incompletos" computerName="archlinux" duration="00:00:00.0168362" startTime="2026-10-06T18:34:15.8381302-05:00" endTime="2026-10-06T18:34:15.8551411-05:00" testType="13cdc9d9-ddb5-4fa4-a97d-d965ccfc6d4b" outcome="Passed" testListId="8c84fa94-04c1-424b-9868-57a2d4851a1d" relativeResultsDirectory="9b2593ca-9da8-4be4-aa2f-b9719a3e279d" />
    <UnitTestResult executionId="b298e456-5f45-48ca-815a-2a9f6cfa777b" testId="6de6ef29-c0da-5ad4-3808-520a2a6247cd" testName="Sillar.Modules.Cms.Tests.ReordenamientoTests.Omitir_un_elemento_invalida_la_lista_completa" computerName="archlinux" duration="00:00:00.0028674" startTime="2026-10-06T18:34:15.9558093-05:00" endTime="2026-10-06T18:34:15.9588396-05:00" testType="13cdc9d9-ddb5-4fa4-a97d-d965ccfc6d4b" outcome="Passed" testListId="8c84fa94-04c1-424b-9868-57a2d4851a1d" relativeResultsDirectory="b298e456-5f45-48ca-815a-2a9f6cfa777b" />
    <UnitTestResult executionId="974f8158-9666-4f5d-ba85-ce5c5c8e494d" testId="3d36ab32-1d17-631d-c047-bb0c5e331769" testName="Sillar.Modules.Cms.Tests.VigenciaPublicacionTests.Estado_administrativo_respeta_la_misma_ventana(isActive: False, startMinutes: null, endMinutes: null, expected: Inactive)" computerName="archlinux" duration="00:00:00.0169503" startTime="2026-10-06T18:34:16.1455873-05:00" endTime="2026-10-06T18:34:16.1644440-05:00" testType="13cdc9d9-ddb5-4fa4-a97d-d965ccfc6d4b" outcome="Passed" testListId="8c84fa94-04c1-424b-9868-57a2d4851a1d" relativeResultsDirectory="974f8158-9666-4f5d-ba85-ce5c5c8e494d" />
    <UnitTestResult executionId="90540659-e9e0-44d8-9ed6-ecdbca8843c1" testId="4c7b8df8-75dd-6575-b7f2-cc9d400be737" testName="Sillar.Modules.Cms.Tests.ReglasContenidoTests.Texto_alternativo_de_espacios_se_rechaza_aunque_no_haya_imagen" computerName="archlinux" duration="00:00:00.0003255" startTime="2026-10-06T18:34:16.0081343-05:00" endTime="2026-10-06T18:34:16.0085570-05:00" testType="13cdc9d9-ddb5-4fa4-a97d-d965ccfc6d4b" outcome="Passed" testListId="8c84fa94-04c1-424b-9868-57a2d4851a1d" relativeResultsDirectory="90540659-e9e0-44d8-9ed6-ecdbca8843c1" />
    <UnitTestResult executionId="7f37bcf5-dd8f-451b-9303-205a9cd79269" testId="26fc2f0a-013a-025d-9280-8692c9ac9f61" testName="Sillar.Modules.Cms.Tests.ProductoDestacadoTests.Releer_el_snapshot_sobrescribe_el_estado_del_producto_y_es_idempotente" computerName="archlinux" duration="00:00:00.1477087" startTime="2026-10-06T18:34:17.0285564-05:00" endTime="2026-10-06T18:34:17.1764210-05:00" testType="13cdc9d9-ddb5-4fa4-a97d-d965ccfc6d4b" outcome="Passed" testListId="8c84fa94-04c1-424b-9868-57a2d4851a1d" relativeResultsDirectory="7f37bcf5-dd8f-451b-9303-205a9cd79269" />
    <UnitTestResult executionId="e60e8163-6df2-46e2-bd2f-541003654f28" testId="bbb2927a-52e6-f9cb-9e11-9f5d4855a928" testName="Sillar.Modules.Cms.Tests.TrabajoDestacadoTests.Con_medio_inactivo_el_trabajo_esta_incompleto" computerName="archlinux" duration="00:00:00.0294115" startTime="2026-10-06T18:34:15.8502305-05:00" endTime="2026-10-06T18:34:15.8797873-05:00" testType="13cdc9d9-ddb5-4fa4-a97d-d965ccfc6d4b" outcome="Passed" testListId="8c84fa94-04c1-424b-9868-57a2d4851a1d" relativeResultsDirectory="e60e8163-6df2-46e2-bd2f-541003654f28" />
    <UnitTestResult executionId="146062f2-c004-42fc-bbac-1a01d3a0a566" testId="c46a7e98-3e73-27cc-b33f-fc8bd4501781" testName="Sillar.Modules.Cms.Tests.ProductoDestacadoTests.Snapshot_sin_producto_esta_pendiente_de_volver_a_enlazar" computerName="archlinux" duration="00:00:00.0004561" startTime="2026-10-06T18:34:17.3918679-05:00" endTime="2026-10-06T18:34:17.3924905-05:00" testType="13cdc9d9-ddb5-4fa4-a97d-d965ccfc6d4b" outcome="Passed" testListId="8c84fa94-04c1-424b-9868-57a2d4851a1d" relativeResultsDirectory="146062f2-c004-42fc-bbac-1a01d3a0a566" />
    <UnitTestResult executionId="a2ee1d16-75a6-42e0-9a2c-7d1340237569" testId="fb4cf75c-796e-92ea-9b53-6d00ac464e87" testName="Sillar.Modules.Cms.Tests.ProductoDestacadoTests.Producto_dado_de_baja_no_puede_publicarse_aunque_siga_publico" computerName="archlinux" duration="00:00:00.0271268" startTime="2026-10-06T18:34:17.3128770-05:00" endTime="2026-10-06T18:34:17.3401870-05:00" testType="13cdc9d9-ddb5-4fa4-a97d-d965ccfc6d4b" outcome="Passed" testListId="8c84fa94-04c1-424b-9868-57a2d4851a1d" relativeResultsDirectory="a2ee1d16-75a6-42e0-9a2c-7d1340237569" />
    <UnitTestResult executionId="c2507cb9-e311-413d-bf07-40d112a25ea6" testId="ba40eb42-5d3f-3831-6443-55d7bf53cd40" testName="Sillar.Modules.Cms.Tests.TrabajoDestacadoTests.Sin_imagen_el_trabajo_esta_incompleto" computerName="archlinux" duration="00:00:00.2645511" startTime="2026-10-06T18:34:15.2158792-05:00" endTime="2026-10-06T18:34:15.6708888-05:00" testType="13cdc9d9-ddb5-4fa4-a97d-d965ccfc6d4b" outcome="Passed" testListId="8c84fa94-04c1-424b-9868-57a2d4851a1d" relativeResultsDirectory="c2507cb9-e311-413d-bf07-40d112a25ea6" />
    <UnitTestResult executionId="61ba9787-16aa-49c9-96a1-68b7d01d9bd4" testId="92b340f3-9214-4604-e3e7-168e985a784a" testName="Sillar.Modules.Cms.Tests.ReglasContenidoTests.Enlace_sin_texto_visible_se_rechaza" computerName="archlinux" duration="00:00:00.0059769" startTime="2026-10-06T18:34:16.0372561-05:00" endTime="2026-10-06T18:34:16.0433608-05:00" testType="13cdc9d9-ddb5-4fa4-a97d-d965ccfc6d4b" outcome="Passed" testListId="8c84fa94-04c1-424b-9868-57a2d4851a1d" relativeResultsDirectory="61ba9787-16aa-49c9-96a1-68b7d01d9bd4" />
    <UnitTestResult executionId="b2ae4461-3ade-4c85-89a7-3c809c958b16" testId="40e1b59a-74dc-a9cc-8ec6-0b2a8d63ebe5" testName="Sillar.Modules.Cms.Tests.ProductoDestacadoTests.Snapshot_con_producto_no_esta_pendiente_de_volver_a_enlazar" computerName="archlinux" duration="00:00:00.0011241" startTime="2026-10-06T18:34:17.2223025-05:00" endTime="2026-10-06T18:34:17.2367822-05:00" testType="13cdc9d9-ddb5-4fa4-a97d-d965ccfc6d4b" outcome="Passed" testListId="8c84fa94-04c1-424b-9868-57a2d4851a1d" relativeResultsDirectory="b2ae4461-3ade-4c85-89a7-3c809c958b16" />
    <UnitTestResult executionId="e9dbd8cb-6c4c-4c5d-ad85-34e9aa0f3876" testId="9a0ba9e1-4985-13b4-72fc-e53d814baa81" testName="Sillar.Modules.Cms.Tests.VigenciaPublicacionTests.Estado_administrativo_respeta_la_misma_ventana(isActive: True, startMinutes: 1, endMinutes: null, expected: Scheduled)" computerName="archlinux" duration="00:00:00.0352995" startTime="2026-10-06T18:34:16.2748703-05:00" endTime="2026-10-06T18:34:16.3103172-05:00" testType="13cdc9d9-ddb5-4fa4-a97d-d965ccfc6d4b" outcome="Passed" testListId="8c84fa94-04c1-424b-9868-57a2d4851a1d" relativeResultsDirectory="e9dbd8cb-6c4c-4c5d-ad85-34e9aa0f3876" />
    <UnitTestResult executionId="3abb6a90-366e-441d-baef-d9caf6cd36a5" testId="f7eb6ac8-8fb0-7525-e01d-46c0b5cba93f" testName="Sillar.Modules.Cms.Tests.ProductoDestacadoTests.Producto_publico_y_enlazado_puede_publicarse" computerName="archlinux" duration="00:00:00.0086404" startTime="2026-10-06T18:34:17.3415939-05:00" endTime="2026-10-06T18:34:17.3643347-05:00" testType="13cdc9d9-ddb5-4fa4-a97d-d965ccfc6d4b" outcome="Passed" testListId="8c84fa94-04c1-424b-9868-57a2d4851a1d" relativeResultsDirectory="3abb6a90-366e-441d-baef-d9caf6cd36a5" />
    <UnitTestResult executionId="54c70090-f14b-4c8b-becd-c7a1adbc3ea7" testId="c77916d6-1ad2-a193-7f37-d09ae813d2a8" testName="Sillar.Modules.Cms.Tests.ProductoDestacadoTests.Precio_negativo_se_rechaza" computerName="archlinux" duration="00:00:00.0039541" startTime="2026-10-06T18:34:17.3830222-05:00" endTime="2026-10-06T18:34:17.3871179-05:00" testType="13cdc9d9-ddb5-4fa4-a97d-d965ccfc6d4b" outcome="Passed" testListId="8c84fa94-04c1-424b-9868-57a2d4851a1d" relativeResultsDirectory="54c70090-f14b-4c8b-becd-c7a1adbc3ea7" />
    <UnitTestResult executionId="118d8e79-9c1f-47f3-a220-82c02afaebc8" testId="679f9131-28d1-8593-f0f0-85e385b88773" testName="Sillar.Modules.Cms.Tests.VigenciaPublicacionTests.Estado_administrativo_respeta_la_misma_ventana(isActive: True, startMinutes: -1, endMinutes: null, expected: Current)" computerName="archlinux" duration="00:00:00.0474228" startTime="2026-10-06T18:34:16.1726523-05:00" endTime="2026-10-06T18:34:16.2201962-05:00" testType="13cdc9d9-ddb5-4fa4-a97d-d965ccfc6d4b" outcome="Passed" testListId="8c84fa94-04c1-424b-9868-57a2d4851a1d" relativeResultsDirectory="118d8e79-9c1f-47f3-a220-82c02afaebc8" />
    <UnitTestResult executionId="7fdf27a4-5b7f-4eda-8a78-a6b8c9acf9eb" testId="f4ad1f79-869d-1cd7-30db-6fe774713aca" testName="Sillar.Modules.Cms.Tests.ReglasContenidoTests.Ruta_interna_y_https_con_etiqueta_se_aceptan(url: &quot;/catalogo&quot;)" computerName="archlinux" duration="00:00:00.0055904" startTime="2026-10-06T18:34:15.8534586-05:00" endTime="2026-10-06T18:34:15.8592076-05:00" testType="13cdc9d9-ddb5-4fa4-a97d-d965ccfc6d4b" outcome="Passed" testListId="8c84fa94-04c1-424b-9868-57a2d4851a1d" relativeResultsDirectory="7fdf27a4-5b7f-4eda-8a78-a6b8c9acf9eb" />
    <UnitTestResult executionId="f5ff7bb7-aaff-4e80-92be-55ac266c8d8e" testId="0aef47ae-88ca-2448-586e-ae6e6f8233bc" testName="Sillar.Modules.Cms.Tests.ReglasContenidoTests.Fecha_de_fin_igual_al_inicio_tambien_se_rechaza" computerName="archlinux" duration="00:00:00.0041009" startTime="2026-10-06T18:34:16.0212543-05:00" endTime="2026-10-06T18:34:16.0255180-05:00" testType="13cdc9d9-ddb5-4fa4-a97d-d965ccfc6d4b" outcome="Passed" testListId="8c84fa94-04c1-424b-9868-57a2d4851a1d" relativeResultsDirectory="f5ff7bb7-aaff-4e80-92be-55ac266c8d8e" />
    <UnitTestResult executionId="062b440b-50d8-48f8-8a40-006b18357d31" testId="169ffcf8-840f-1002-7f8a-ec4423846237" testName="Sillar.Modules.Cms.Tests.ReactivacionRedSocialTests.Crear_desactivar_y_reactivar_instagram_recupera_la_misma_fila" computerName="archlinux" duration="00:00:19.1931275" startTime="2026-10-06T18:34:15.2161300-05:00" endTime="2026-10-06T18:34:34.5012569-05:00" testType="13cdc9d9-ddb5-4fa4-a97d-d965ccfc6d4b" outcome="Passed" testListId="8c84fa94-04c1-424b-9868-57a2d4851a1d" relativeResultsDirectory="062b440b-50d8-48f8-8a40-006b18357d31" />
    <UnitTestResult executionId="e2e305d0-62d7-4f3b-9e5c-a3879228b4c3" testId="1c8fc005-8044-a696-d66f-4e23f38964b5" testName="Sillar.Modules.Cms.Tests.ReglasContenidoTests.Imagen_sin_texto_alternativo_se_rechaza" computerName="archlinux" duration="00:00:00.2465759" startTime="2026-10-06T18:34:15.2159355-05:00" endTime="2026-10-06T18:34:15.6656830-05:00" testType="13cdc9d9-ddb5-4fa4-a97d-d965ccfc6d4b" outcome="Passed" testListId="8c84fa94-04c1-424b-9868-57a2d4851a1d" relativeResultsDirectory="e2e305d0-62d7-4f3b-9e5c-a3879228b4c3" />
    <UnitTestResult executionId="293dc6a5-cf78-4460-afcf-5eb6eabf2728" testId="5b09e2ef-3e67-de45-7b7e-74e94adbdbc1" testName="Sillar.Modules.Cms.Tests.VigenciaPublicacionTests.Estado_administrativo_respeta_la_misma_ventana(isActive: True, startMinutes: -1, endMinutes: 1, expected: Current)" computerName="archlinux" duration="00:00:00.0456473" startTime="2026-10-06T18:34:16.3114030-05:00" endTime="2026-10-06T18:34:16.3571798-05:00" testType="13cdc9d9-ddb5-4fa4-a97d-d965ccfc6d4b" outcome="Passed" testListId="8c84fa94-04c1-424b-9868-57a2d4851a1d" relativeResultsDirectory="293dc6a5-cf78-4460-afcf-5eb6eabf2728" />
    <UnitTestResult executionId="3f085913-3723-4527-a524-4ec0f51c45ef" testId="8d31f899-55d4-eb51-ed69-f1dc9b109b6b" testName="Sillar.Modules.Cms.Tests.ReordenamientoTests.Cinco_elementos_reciben_exactamente_el_orden_solicitado" computerName="archlinux" duration="00:00:00.2859747" startTime="2026-10-06T18:34:15.9602986-05:00" endTime="2026-10-06T18:34:16.2464081-05:00" testType="13cdc9d9-ddb5-4fa4-a97d-d965ccfc6d4b" outcome="Passed" testListId="8c84fa94-04c1-424b-9868-57a2d4851a1d" relativeResultsDirectory="3f085913-3723-4527-a524-4ec0f51c45ef" />
    <UnitTestResult executionId="9060d8ae-de01-4bff-b761-403bf7552803" testId="d58d6dcf-08c5-bb13-5167-0a4afebe610c" testName="Sillar.Modules.Cms.Tests.ProductoDestacadoTests.Producto_no_publico_no_puede_publicarse" computerName="archlinux" duration="00:00:00.0067339" startTime="2026-10-06T18:34:17.3712651-05:00" endTime="2026-10-06T18:34:17.3781932-05:00" testType="13cdc9d9-ddb5-4fa4-a97d-d965ccfc6d4b" outcome="Passed" testListId="8c84fa94-04c1-424b-9868-57a2d4851a1d" relativeResultsDirectory="9060d8ae-de01-4bff-b761-403bf7552803" />
    <UnitTestResult executionId="7dd3488d-b6d6-497d-97bb-566ef89c8b70" testId="dac88155-904c-9d43-1fc8-a561bf39c1c0" testName="Sillar.Modules.Cms.Tests.ReglasContenidoTests.Fecha_de_fin_anterior_nombra_la_fecha_que_hay_que_corregir" computerName="archlinux" duration="00:00:00.0010279" startTime="2026-10-06T18:34:16.0754138-05:00" endTime="2026-10-06T18:34:16.0765685-05:00" testType="13cdc9d9-ddb5-4fa4-a97d-d965ccfc6d4b" outcome="Passed" testListId="8c84fa94-04c1-424b-9868-57a2d4851a1d" relativeResultsDirectory="7dd3488d-b6d6-497d-97bb-566ef89c8b70" />
    <UnitTestResult executionId="a836c696-6924-4e02-9459-39a42ea9e0e6" testId="501469e5-a4e3-8677-c644-947ad2a6aeca" testName="Sillar.Modules.Cms.Tests.VigenciaPublicacionTests.Estado_administrativo_respeta_la_misma_ventana(isActive: True, startMinutes: 0, endMinutes: 1, expected: Current)" computerName="archlinux" duration="00:00:00.1496402" startTime="2026-10-06T18:34:15.9948215-05:00" endTime="2026-10-06T18:34:16.1446043-05:00" testType="13cdc9d9-ddb5-4fa4-a97d-d965ccfc6d4b" outcome="Passed" testListId="8c84fa94-04c1-424b-9868-57a2d4851a1d" relativeResultsDirectory="a836c696-6924-4e02-9459-39a42ea9e0e6" />
    <UnitTestResult executionId="95d57ecd-965a-428a-9735-75ee62a4f05e" testId="ae1e1ea8-1ec8-f0f0-fbeb-24f389aaa015" testName="Sillar.Modules.Cms.Tests.ReglasContenidoTests.Plataforma_social_se_normaliza(original: &quot;Instagram&quot;, expected: &quot;instagram&quot;)" computerName="archlinux" duration="00:00:00.0224920" startTime="2026-10-06T18:34:15.9745575-05:00" endTime="2026-10-06T18:34:15.9971920-05:00" testType="13cdc9d9-ddb5-4fa4-a97d-d965ccfc6d4b" outcome="Passed" testListId="8c84fa94-04c1-424b-9868-57a2d4851a1d" relativeResultsDirectory="95d57ecd-965a-428a-9735-75ee62a4f05e" />
    <UnitTestResult executionId="67f22aa6-e8a5-4254-bfad-248939666c6d" testId="2f24a5cc-285e-47cd-be99-2f414a2952be" testName="Sillar.Modules.Cms.Tests.ReglasContenidoTests.Plataforma_social_fuera_de_la_lista_se_rechaza" computerName="archlinux" duration="00:00:00.0075163" startTime="2026-10-06T18:34:16.0561042-05:00" endTime="2026-10-06T18:34:16.0637411-05:00" testType="13cdc9d9-ddb5-4fa4-a97d-d965ccfc6d4b" outcome="Passed" testListId="8c84fa94-04c1-424b-9868-57a2d4851a1d" relativeResultsDirectory="67f22aa6-e8a5-4254-bfad-248939666c6d" />
    <UnitTestResult executionId="f3f5b616-5a6e-4d64-8027-e81e9138a3d5" testId="3959c9a5-83ac-84cf-86aa-c0ff845c1e65" testName="Sillar.Modules.Cms.Tests.VigenciaPublicacionTests.Empieza_exactamente_ahora_y_esta_vigente" computerName="archlinux" duration="00:00:00.0178428" startTime="2026-10-06T18:34:16.8580975-05:00" endTime="2026-10-06T18:34:16.8761040-05:00" testType="13cdc9d9-ddb5-4fa4-a97d-d965ccfc6d4b" outcome="Passed" testListId="8c84fa94-04c1-424b-9868-57a2d4851a1d" relativeResultsDirectory="f3f5b616-5a6e-4d64-8027-e81e9138a3d5" />
    <UnitTestResult executionId="edce3973-c4c4-41e3-b963-2b8503c6a47d" testId="0383b86f-4dd4-df49-eda7-f3f22c92c4e4" testName="Sillar.Modules.Cms.Tests.TrabajoDestacadoTests.Con_imagen_activa_y_texto_alternativo_el_trabajo_esta_completo" computerName="archlinux" duration="00:00:00.0169749" startTime="2026-10-06T18:34:15.8807573-05:00" endTime="2026-10-06T18:34:15.8978596-05:00" testType="13cdc9d9-ddb5-4fa4-a97d-d965ccfc6d4b" outcome="Passed" testListId="8c84fa94-04c1-424b-9868-57a2d4851a1d" relativeResultsDirectory="edce3973-c4c4-41e3-b963-2b8503c6a47d" />
    <UnitTestResult executionId="4251c2f9-05be-4fc6-88b2-a4139793fa8e" testId="108af5c5-b3c6-7c09-3805-e972a56df983" testName="Sillar.Modules.Cms.Tests.ProductoDestacadoTests.Respuesta_conserva_precio_nulo_cero_y_positivo_como_estados_distintos" computerName="archlinux" duration="00:00:01.7348454" startTime="2026-10-06T18:34:15.2140732-05:00" endTime="2026-10-06T18:34:17.0268338-05:00" testType="13cdc9d9-ddb5-4fa4-a97d-d965ccfc6d4b" outcome="Passed" testListId="8c84fa94-04c1-424b-9868-57a2d4851a1d" relativeResultsDirectory="4251c2f9-05be-4fc6-88b2-a4139793fa8e" />
    <UnitTestResult executionId="7647a386-f409-422f-86b1-093adbec00d5" testId="32e1971e-446a-2642-6c1a-46a2bf37a1d7" testName="Sillar.Modules.Cms.Tests.ReordenamientoTests.Un_identificador_inexistente_invalida_el_plan_entero" computerName="archlinux" duration="00:00:00.0032081" startTime="2026-10-06T18:34:16.2513955-05:00" endTime="2026-10-06T18:34:16.2547638-05:00" testType="13cdc9d9-ddb5-4fa4-a97d-d965ccfc6d4b" outcome="Passed" testListId="8c84fa94-04c1-424b-9868-57a2d4851a1d" relativeResultsDirectory="7647a386-f409-422f-86b1-093adbec00d5" />
    <UnitTestResult executionId="f536a770-41e1-4770-b2f6-83d24e16aaa7" testId="f2c32d36-8148-bd45-2c13-0b833d7963d4" testName="Sillar.Modules.Cms.Tests.VigenciaPublicacionTests.Banners_promociones_y_destacados_usan_la_misma_expresion" computerName="archlinux" duration="00:00:00.1695092" startTime="2026-10-06T18:34:16.4683450-05:00" endTime="2026-10-06T18:34:16.6379741-05:00" testType="13cdc9d9-ddb5-4fa4-a97d-d965ccfc6d4b" outcome="Passed" testListId="8c84fa94-04c1-424b-9868-57a2d4851a1d" relativeResultsDirectory="f536a770-41e1-4770-b2f6-83d24e16aaa7" />
    <UnitTestResult executionId="55ae269a-b045-488b-9bba-733a3d1539e9" testId="1cd7d2f5-d083-ce86-adaf-db2f9e0b5008" testName="Sillar.Modules.Cms.Tests.ContratosHttpTests.Trabajos_y_redes_no_exponen_estado_de_ventana" computerName="archlinux" duration="00:00:00.0006692" startTime="2026-10-06T18:34:17.6114972-05:00" endTime="2026-10-06T18:34:17.6214279-05:00" testType="13cdc9d9-ddb5-4fa4-a97d-d965ccfc6d4b" outcome="Passed" testListId="8c84fa94-04c1-424b-9868-57a2d4851a1d" relativeResultsDirectory="55ae269a-b045-488b-9bba-733a3d1539e9" />
    <UnitTestResult executionId="d022919d-46c5-4f01-889b-0c2c0cabe886" testId="e9707448-f02e-cfdd-57d7-b3c6599f880e" testName="Sillar.Modules.Cms.Tests.ReglasContenidoTests.Plataforma_social_se_normaliza(original: &quot; WHATSAPP &quot;, expected: &quot;whatsapp&quot;)" computerName="archlinux" duration="00:00:00.0050774" startTime="2026-10-06T18:34:15.9980500-05:00" endTime="2026-10-06T18:34:16.0032564-05:00" testType="13cdc9d9-ddb5-4fa4-a97d-d965ccfc6d4b" outcome="Passed" testListId="8c84fa94-04c1-424b-9868-57a2d4851a1d" relativeResultsDirectory="d022919d-46c5-4f01-889b-0c2c0cabe886" />
    <UnitTestResult executionId="57a31cb5-22d2-4ee0-8e0d-fceb12a1b01c" testId="81340934-287f-2a44-464a-666781d8d82c" testName="Sillar.Modules.Cms.Tests.EventosCatalogoTests.Los_tres_manejadores_se_registran_como_singleton_para_el_bus_raiz" computerName="archlinux" duration="00:00:00.5757868" startTime="2026-10-06T18:34:15.2158507-05:00" endTime="2026-10-06T18:34:15.8744354-05:00" testType="13cdc9d9-ddb5-4fa4-a97d-d965ccfc6d4b" outcome="Passed" testListId="8c84fa94-04c1-424b-9868-57a2d4851a1d" relativeResultsDirectory="57a31cb5-22d2-4ee0-8e0d-fceb12a1b01c" />
    <UnitTestResult executionId="caa080d4-e834-49e3-b03d-1a049a606ee8" testId="dada8ca8-4b93-2576-7dc2-24ad301081c5" testName="Sillar.Modules.Cms.Tests.VigenciaPublicacionTests.Banners_promociones_y_destacados_usan_la_misma_clasificacion" computerName="archlinux" duration="00:00:00.1710222" startTime="2026-10-06T18:34:16.6391474-05:00" endTime="2026-10-06T18:34:16.8103192-05:00" testType="13cdc9d9-ddb5-4fa4-a97d-d965ccfc6d4b" outcome="Passed" testListId="8c84fa94-04c1-424b-9868-57a2d4851a1d" relativeResultsDirectory="caa080d4-e834-49e3-b03d-1a049a606ee8" />
    <UnitTestResult executionId="12c0fa15-7e3f-4c35-bab7-0a62e3b717b8" testId="8a601945-33dc-67e6-f1e2-05218e68f3ad" testName="Sillar.Modules.Cms.Tests.VigenciaPublicacionTests.Inactivo_no_esta_vigente_aunque_no_tenga_fechas" computerName="archlinux" duration="00:00:00.6299673" startTime="2026-10-06T18:34:15.2156933-05:00" endTime="2026-10-06T18:34:15.9209620-05:00" testType="13cdc9d9-ddb5-4fa4-a97d-d965ccfc6d4b" outcome="Passed" testListId="8c84fa94-04c1-424b-9868-57a2d4851a1d" relativeResultsDirectory="12c0fa15-7e3f-4c35-bab7-0a62e3b717b8" />
    <UnitTestResult executionId="0271f0da-0f5f-4e61-a5db-716bcfc8a9c2" testId="38755c71-3779-47ac-a133-5b72a361c969" testName="Sillar.Modules.Cms.Tests.VigenciaPublicacionTests.Programado_para_despues_no_esta_vigente" computerName="archlinux" duration="00:00:00.0279688" startTime="2026-10-06T18:34:16.4301778-05:00" endTime="2026-10-06T18:34:16.4598625-05:00" testType="13cdc9d9-ddb5-4fa4-a97d-d965ccfc6d4b" outcome="Passed" testListId="8c84fa94-04c1-424b-9868-57a2d4851a1d" relativeResultsDirectory="0271f0da-0f5f-4e61-a5db-716bcfc8a9c2" />
    <UnitTestResult executionId="e8f44bc4-711b-409d-a48c-a96687ae5723" testId="c39daa2d-2df6-3b49-25e0-6fcd3dd9e8a9" testName="Sillar.Modules.Cms.Tests.VigenciaPublicacionTests.Dentro_del_intervalo_esta_vigente" computerName="archlinux" duration="00:00:00.0251596" startTime="2026-10-06T18:34:15.9521953-05:00" endTime="2026-10-06T18:34:15.9775241-05:00" testType="13cdc9d9-ddb5-4fa4-a97d-d965ccfc6d4b" outcome="Passed" testListId="8c84fa94-04c1-424b-9868-57a2d4851a1d" relativeResultsDirectory="e8f44bc4-711b-409d-a48c-a96687ae5723" />
    <UnitTestResult executionId="20835d57-aca7-4132-bd62-12e447fcffee" testId="d5637bfd-2d0f-6bf9-1490-a6979263ef33" testName="Sillar.Modules.Cms.Tests.ContratosHttpTests.Editar_no_permite_desactivar_ni_reordenar_por_un_campo_suelto" computerName="archlinux" duration="00:00:00.2598643" startTime="2026-10-06T18:34:15.2157780-05:00" endTime="2026-10-06T18:34:15.6550482-05:00" testType="13cdc9d9-ddb5-4fa4-a97d-d965ccfc6d4b" outcome="Passed" testListId="8c84fa94-04c1-424b-9868-57a2d4851a1d" relativeResultsDirectory="20835d57-aca7-4132-bd62-12e447fcffee" />
  </Results>
  <TestDefinitions>
    <UnitTest name="Sillar.Modules.Cms.Tests.ProductoDestacadoTests.Releer_el_snapshot_sobrescribe_el_estado_del_producto_y_es_idempotente" storage="/home/jp777/sillar-qa-m04/backend/sillar.modules.cms.tests/bin/debug/net10.0/sillar.modules.cms.tests.dll" id="26fc2f0a-013a-025d-9280-8692c9ac9f61">
      <Execution id="7f37bcf5-dd8f-451b-9303-205a9cd79269" />
      <TestMethod codeBase="/home/JP777/sillar-qa-m04/backend/Sillar.Modules.Cms.Tests/bin/Debug/net10.0/Sillar.Modules.Cms.Tests.dll" adapterTypeName="executor://xunit/VsTestRunner3/netcore/" className="Sillar.Modules.Cms.Tests.ProductoDestacadoTests" name="Releer_el_snapshot_sobrescribe_el_estado_del_producto_y_es_idempotente" />
    </UnitTest>
    <UnitTest name="Sillar.Modules.Cms.Tests.VigenciaPublicacionTests.Estado_administrativo_respeta_la_misma_ventana(isActive: True, startMinutes: -1, endMinutes: null, expected: Current)" storage="/home/jp777/sillar-qa-m04/backend/sillar.modules.cms.tests/bin/debug/net10.0/sillar.modules.cms.tests.dll" id="679f9131-28d1-8593-f0f0-85e385b88773">
      <Execution id="118d8e79-9c1f-47f3-a220-82c02afaebc8" />
      <TestMethod codeBase="/home/JP777/sillar-qa-m04/backend/Sillar.Modules.Cms.Tests/bin/Debug/net10.0/Sillar.Modules.Cms.Tests.dll" adapterTypeName="executor://xunit/VsTestRunner3/netcore/" className="Sillar.Modules.Cms.Tests.VigenciaPublicacionTests" name="Estado_administrativo_respeta_la_misma_ventana" />
    </UnitTest>
    <UnitTest name="Sillar.Modules.Cms.Tests.ReglasContenidoTests.Fecha_de_fin_igual_al_inicio_tambien_se_rechaza" storage="/home/jp777/sillar-qa-m04/backend/sillar.modules.cms.tests/bin/debug/net10.0/sillar.modules.cms.tests.dll" id="0aef47ae-88ca-2448-586e-ae6e6f8233bc">
      <Execution id="f5ff7bb7-aaff-4e80-92be-55ac266c8d8e" />
      <TestMethod codeBase="/home/JP777/sillar-qa-m04/backend/Sillar.Modules.Cms.Tests/bin/Debug/net10.0/Sillar.Modules.Cms.Tests.dll" adapterTypeName="executor://xunit/VsTestRunner3/netcore/" className="Sillar.Modules.Cms.Tests.ReglasContenidoTests" name="Fecha_de_fin_igual_al_inicio_tambien_se_rechaza" />
    </UnitTest>
    <UnitTest name="Sillar.Modules.Cms.Tests.ContratosHttpTests.Las_tres_respuestas_programables_exponen_un_estado_controlado" storage="/home/jp777/sillar-qa-m04/backend/sillar.modules.cms.tests/bin/debug/net10.0/sillar.modules.cms.tests.dll" id="4eea0ad0-53b9-967e-2a0f-04ced988a2fb">
      <Execution id="f2ce3453-7792-4ec0-83d9-4587f43f85a9" />
      <TestMethod codeBase="/home/JP777/sillar-qa-m04/backend/Sillar.Modules.Cms.Tests/bin/Debug/net10.0/Sillar.Modules.Cms.Tests.dll" adapterTypeName="executor://xunit/VsTestRunner3/netcore/" className="Sillar.Modules.Cms.Tests.ContratosHttpTests" name="Las_tres_respuestas_programables_exponen_un_estado_controlado" />
    </UnitTest>
    <UnitTest name="Sillar.Modules.Cms.Tests.VigenciaPublicacionTests.Banners_promociones_y_destacados_usan_la_misma_expresion" storage="/home/jp777/sillar-qa-m04/backend/sillar.modules.cms.tests/bin/debug/net10.0/sillar.modules.cms.tests.dll" id="f2c32d36-8148-bd45-2c13-0b833d7963d4">
      <Execution id="f536a770-41e1-4770-b2f6-83d24e16aaa7" />
      <TestMethod codeBase="/home/JP777/sillar-qa-m04/backend/Sillar.Modules.Cms.Tests/bin/Debug/net10.0/Sillar.Modules.Cms.Tests.dll" adapterTypeName="executor://xunit/VsTestRunner3/netcore/" className="Sillar.Modules.Cms.Tests.VigenciaPublicacionTests" name="Banners_promociones_y_destacados_usan_la_misma_expresion" />
    </UnitTest>
    <UnitTest name="Sillar.Modules.Cms.Tests.TrabajoDestacadoTests.Con_medio_inactivo_el_trabajo_esta_incompleto" storage="/home/jp777/sillar-qa-m04/backend/sillar.modules.cms.tests/bin/debug/net10.0/sillar.modules.cms.tests.dll" id="bbb2927a-52e6-f9cb-9e11-9f5d4855a928">
      <Execution id="e60e8163-6df2-46e2-bd2f-541003654f28" />
      <TestMethod codeBase="/home/JP777/sillar-qa-m04/backend/Sillar.Modules.Cms.Tests/bin/Debug/net10.0/Sillar.Modules.Cms.Tests.dll" adapterTypeName="executor://xunit/VsTestRunner3/netcore/" className="Sillar.Modules.Cms.Tests.TrabajoDestacadoTests" name="Con_medio_inactivo_el_trabajo_esta_incompleto" />
    </UnitTest>
    <UnitTest name="Sillar.Modules.Cms.Tests.VigenciaPublicacionTests.Estado_administrativo_respeta_la_misma_ventana(isActive: True, startMinutes: 0, endMinutes: 1, expected: Current)" storage="/home/jp777/sillar-qa-m04/backend/sillar.modules.cms.tests/bin/debug/net10.0/sillar.modules.cms.tests.dll" id="501469e5-a4e3-8677-c644-947ad2a6aeca">
      <Execution id="a836c696-6924-4e02-9459-39a42ea9e0e6" />
      <TestMethod codeBase="/home/JP777/sillar-qa-m04/backend/Sillar.Modules.Cms.Tests/bin/Debug/net10.0/Sillar.Modules.Cms.Tests.dll" adapterTypeName="executor://xunit/VsTestRunner3/netcore/" className="Sillar.Modules.Cms.Tests.VigenciaPublicacionTests" name="Estado_administrativo_respeta_la_misma_ventana" />
    </UnitTest>
    <UnitTest name="Sillar.Modules.Cms.Tests.ReordenamientoTests.Un_identificador_inexistente_invalida_el_plan_entero" storage="/home/jp777/sillar-qa-m04/backend/sillar.modules.cms.tests/bin/debug/net10.0/sillar.modules.cms.tests.dll" id="32e1971e-446a-2642-6c1a-46a2bf37a1d7">
      <Execution id="7647a386-f409-422f-86b1-093adbec00d5" />
      <TestMethod codeBase="/home/JP777/sillar-qa-m04/backend/Sillar.Modules.Cms.Tests/bin/Debug/net10.0/Sillar.Modules.Cms.Tests.dll" adapterTypeName="executor://xunit/VsTestRunner3/netcore/" className="Sillar.Modules.Cms.Tests.ReordenamientoTests" name="Un_identificador_inexistente_invalida_el_plan_entero" />
    </UnitTest>
    <UnitTest name="Sillar.Modules.Cms.Tests.ReactivacionRedSocialTests.Reactivar_exige_editor_y_admin_para_aplicar_la_jerarquia_existente" storage="/home/jp777/sillar-qa-m04/backend/sillar.modules.cms.tests/bin/debug/net10.0/sillar.modules.cms.tests.dll" id="2064bd9e-2263-d198-da3d-0db71bf41511">
      <Execution id="0c1298a6-bdc9-46cc-9803-077f6ffee625" />
      <TestMethod codeBase="/home/JP777/sillar-qa-m04/backend/Sillar.Modules.Cms.Tests/bin/Debug/net10.0/Sillar.Modules.Cms.Tests.dll" adapterTypeName="executor://xunit/VsTestRunner3/netcore/" className="Sillar.Modules.Cms.Tests.ReactivacionRedSocialTests" name="Reactivar_exige_editor_y_admin_para_aplicar_la_jerarquia_existente" />
    </UnitTest>
    <UnitTest name="Sillar.Modules.Cms.Tests.ContratosHttpTests.Administracion_distingue_el_estado_del_producto_del_estado_del_destacado" storage="/home/jp777/sillar-qa-m04/backend/sillar.modules.cms.tests/bin/debug/net10.0/sillar.modules.cms.tests.dll" id="7fdcbdfc-761e-bd12-f7ad-ec7daa65e5d4">
      <Execution id="4a3aaac8-fdc3-4530-8082-79e0012ceac7" />
      <TestMethod codeBase="/home/JP777/sillar-qa-m04/backend/Sillar.Modules.Cms.Tests/bin/Debug/net10.0/Sillar.Modules.Cms.Tests.dll" adapterTypeName="executor://xunit/VsTestRunner3/netcore/" className="Sillar.Modules.Cms.Tests.ContratosHttpTests" name="Administracion_distingue_el_estado_del_producto_del_estado_del_destacado" />
    </UnitTest>
    <UnitTest name="Sillar.Modules.Cms.Tests.ProductoDestacadoTests.Producto_publico_y_enlazado_puede_publicarse" storage="/home/jp777/sillar-qa-m04/backend/sillar.modules.cms.tests/bin/debug/net10.0/sillar.modules.cms.tests.dll" id="f7eb6ac8-8fb0-7525-e01d-46c0b5cba93f">
      <Execution id="3abb6a90-366e-441d-baef-d9caf6cd36a5" />
      <TestMethod codeBase="/home/JP777/sillar-qa-m04/backend/Sillar.Modules.Cms.Tests/bin/Debug/net10.0/Sillar.Modules.Cms.Tests.dll" adapterTypeName="executor://xunit/VsTestRunner3/netcore/" className="Sillar.Modules.Cms.Tests.ProductoDestacadoTests" name="Producto_publico_y_enlazado_puede_publicarse" />
    </UnitTest>
    <UnitTest name="Sillar.Modules.Cms.Tests.ContratosHttpTests.Editar_no_permite_desactivar_ni_reordenar_por_un_campo_suelto" storage="/home/jp777/sillar-qa-m04/backend/sillar.modules.cms.tests/bin/debug/net10.0/sillar.modules.cms.tests.dll" id="d5637bfd-2d0f-6bf9-1490-a6979263ef33">
      <Execution id="20835d57-aca7-4132-bd62-12e447fcffee" />
      <TestMethod codeBase="/home/JP777/sillar-qa-m04/backend/Sillar.Modules.Cms.Tests/bin/Debug/net10.0/Sillar.Modules.Cms.Tests.dll" adapterTypeName="executor://xunit/VsTestRunner3/netcore/" className="Sillar.Modules.Cms.Tests.ContratosHttpTests" name="Editar_no_permite_desactivar_ni_reordenar_por_un_campo_suelto" />
    </UnitTest>
    <UnitTest name="Sillar.Modules.Cms.Tests.VigenciaPublicacionTests.Estado_administrativo_respeta_la_misma_ventana(isActive: True, startMinutes: -1, endMinutes: 0, expected: Expired)" storage="/home/jp777/sillar-qa-m04/backend/sillar.modules.cms.tests/bin/debug/net10.0/sillar.modules.cms.tests.dll" id="ef5f9c2b-1ed7-834d-37fd-a17dedefb406">
      <Execution id="2eed313f-5d8f-41dc-96cf-f762458f5f60" />
      <TestMethod codeBase="/home/JP777/sillar-qa-m04/backend/Sillar.Modules.Cms.Tests/bin/Debug/net10.0/Sillar.Modules.Cms.Tests.dll" adapterTypeName="executor://xunit/VsTestRunner3/netcore/" className="Sillar.Modules.Cms.Tests.VigenciaPublicacionTests" name="Estado_administrativo_respeta_la_misma_ventana" />
    </UnitTest>
    <UnitTest name="Sillar.Modules.Cms.Tests.ReactivacionRedSocialTests.Crear_desactivar_y_reactivar_instagram_recupera_la_misma_fila" storage="/home/jp777/sillar-qa-m04/backend/sillar.modules.cms.tests/bin/debug/net10.0/sillar.modules.cms.tests.dll" id="169ffcf8-840f-1002-7f8a-ec4423846237">
      <Execution id="062b440b-50d8-48f8-8a40-006b18357d31" />
      <TestMethod codeBase="/home/JP777/sillar-qa-m04/backend/Sillar.Modules.Cms.Tests/bin/Debug/net10.0/Sillar.Modules.Cms.Tests.dll" adapterTypeName="executor://xunit/VsTestRunner3/netcore/" className="Sillar.Modules.Cms.Tests.ReactivacionRedSocialTests" name="Crear_desactivar_y_reactivar_instagram_recupera_la_misma_fila" />
    </UnitTest>
    <UnitTest name="Sillar.Modules.Cms.Tests.TrabajoDestacadoTests.Con_imagen_activa_y_texto_alternativo_el_trabajo_esta_completo" storage="/home/jp777/sillar-qa-m04/backend/sillar.modules.cms.tests/bin/debug/net10.0/sillar.modules.cms.tests.dll" id="0383b86f-4dd4-df49-eda7-f3f22c92c4e4">
      <Execution id="edce3973-c4c4-41e3-b963-2b8503c6a47d" />
      <TestMethod codeBase="/home/JP777/sillar-qa-m04/backend/Sillar.Modules.Cms.Tests/bin/Debug/net10.0/Sillar.Modules.Cms.Tests.dll" adapterTypeName="executor://xunit/VsTestRunner3/netcore/" className="Sillar.Modules.Cms.Tests.TrabajoDestacadoTests" name="Con_imagen_activa_y_texto_alternativo_el_trabajo_esta_completo" />
    </UnitTest>
    <UnitTest name="Sillar.Modules.Cms.Tests.ContratosHttpTests.Destacados_exponen_el_snapshot_sin_precio_formateado" storage="/home/jp777/sillar-qa-m04/backend/sillar.modules.cms.tests/bin/debug/net10.0/sillar.modules.cms.tests.dll" id="d45286f7-7abb-f02e-94b2-bfcac5476f6e">
      <Execution id="ba5cbce0-43a8-40a2-9862-ffd1024134b9" />
      <TestMethod codeBase="/home/JP777/sillar-qa-m04/backend/Sillar.Modules.Cms.Tests/bin/Debug/net10.0/Sillar.Modules.Cms.Tests.dll" adapterTypeName="executor://xunit/VsTestRunner3/netcore/" className="Sillar.Modules.Cms.Tests.ContratosHttpTests" name="Destacados_exponen_el_snapshot_sin_precio_formateado" />
    </UnitTest>
    <UnitTest name="Sillar.Modules.Cms.Tests.VigenciaPublicacionTests.Empieza_exactamente_ahora_y_esta_vigente" storage="/home/jp777/sillar-qa-m04/backend/sillar.modules.cms.tests/bin/debug/net10.0/sillar.modules.cms.tests.dll" id="3959c9a5-83ac-84cf-86aa-c0ff845c1e65">
      <Execution id="f3f5b616-5a6e-4d64-8027-e81e9138a3d5" />
      <TestMethod codeBase="/home/JP777/sillar-qa-m04/backend/Sillar.Modules.Cms.Tests/bin/Debug/net10.0/Sillar.Modules.Cms.Tests.dll" adapterTypeName="executor://xunit/VsTestRunner3/netcore/" className="Sillar.Modules.Cms.Tests.VigenciaPublicacionTests" name="Empieza_exactamente_ahora_y_esta_vigente" />
    </UnitTest>
    <UnitTest name="Sillar.Modules.Cms.Tests.VigenciaPublicacionTests.Banners_promociones_y_destacados_usan_la_misma_clasificacion" storage="/home/jp777/sillar-qa-m04/backend/sillar.modules.cms.tests/bin/debug/net10.0/sillar.modules.cms.tests.dll" id="dada8ca8-4b93-2576-7dc2-24ad301081c5">
      <Execution id="caa080d4-e834-49e3-b03d-1a049a606ee8" />
      <TestMethod codeBase="/home/JP777/sillar-qa-m04/backend/Sillar.Modules.Cms.Tests/bin/Debug/net10.0/Sillar.Modules.Cms.Tests.dll" adapterTypeName="executor://xunit/VsTestRunner3/netcore/" className="Sillar.Modules.Cms.Tests.VigenciaPublicacionTests" name="Banners_promociones_y_destacados_usan_la_misma_clasificacion" />
    </UnitTest>
    <UnitTest name="Sillar.Modules.Cms.Tests.ReglasContenidoTests.Ruta_interna_y_https_con_etiqueta_se_aceptan(url: &quot;https://sillar.example/catalogo&quot;)" storage="/home/jp777/sillar-qa-m04/backend/sillar.modules.cms.tests/bin/debug/net10.0/sillar.modules.cms.tests.dll" id="599e23e0-26c2-b6c9-6ae2-34c6a11a0db9">
      <Execution id="5deb7b9d-e2dd-4cc2-9502-2a8e6842227c" />
      <TestMethod codeBase="/home/JP777/sillar-qa-m04/backend/Sillar.Modules.Cms.Tests/bin/Debug/net10.0/Sillar.Modules.Cms.Tests.dll" adapterTypeName="executor://xunit/VsTestRunner3/netcore/" className="Sillar.Modules.Cms.Tests.ReglasContenidoTests" name="Ruta_interna_y_https_con_etiqueta_se_aceptan" />
    </UnitTest>
    <UnitTest name="Sillar.Modules.Cms.Tests.ProductoDestacadoTests.Producto_dado_de_baja_no_puede_publicarse_aunque_siga_publico" storage="/home/jp777/sillar-qa-m04/backend/sillar.modules.cms.tests/bin/debug/net10.0/sillar.modules.cms.tests.dll" id="fb4cf75c-796e-92ea-9b53-6d00ac464e87">
      <Execution id="a2ee1d16-75a6-42e0-9a2c-7d1340237569" />
      <TestMethod codeBase="/home/JP777/sillar-qa-m04/backend/Sillar.Modules.Cms.Tests/bin/Debug/net10.0/Sillar.Modules.Cms.Tests.dll" adapterTypeName="executor://xunit/VsTestRunner3/netcore/" className="Sillar.Modules.Cms.Tests.ProductoDestacadoTests" name="Producto_dado_de_baja_no_puede_publicarse_aunque_siga_publico" />
    </UnitTest>
    <UnitTest name="Sillar.Modules.Cms.Tests.ReglasContenidoTests.Plataforma_social_fuera_de_la_lista_se_rechaza" storage="/home/jp777/sillar-qa-m04/backend/sillar.modules.cms.tests/bin/debug/net10.0/sillar.modules.cms.tests.dll" id="2f24a5cc-285e-47cd-be99-2f414a2952be">
      <Execution id="67f22aa6-e8a5-4254-bfad-248939666c6d" />
      <TestMethod codeBase="/home/JP777/sillar-qa-m04/backend/Sillar.Modules.Cms.Tests/bin/Debug/net10.0/Sillar.Modules.Cms.Tests.dll" adapterTypeName="executor://xunit/VsTestRunner3/netcore/" className="Sillar.Modules.Cms.Tests.ReglasContenidoTests" name="Plataforma_social_fuera_de_la_lista_se_rechaza" />
    </UnitTest>
    <UnitTest name="Sillar.Modules.Cms.Tests.VigenciaPublicacionTests.Estado_administrativo_respeta_la_misma_ventana(isActive: True, startMinutes: -1, endMinutes: 1, expected: Current)" storage="/home/jp777/sillar-qa-m04/backend/sillar.modules.cms.tests/bin/debug/net10.0/sillar.modules.cms.tests.dll" id="5b09e2ef-3e67-de45-7b7e-74e94adbdbc1">
      <Execution id="293dc6a5-cf78-4460-afcf-5eb6eabf2728" />
      <TestMethod codeBase="/home/JP777/sillar-qa-m04/backend/Sillar.Modules.Cms.Tests/bin/Debug/net10.0/Sillar.Modules.Cms.Tests.dll" adapterTypeName="executor://xunit/VsTestRunner3/netcore/" className="Sillar.Modules.Cms.Tests.VigenciaPublicacionTests" name="Estado_administrativo_respeta_la_misma_ventana" />
    </UnitTest>
    <UnitTest name="Sillar.Modules.Cms.Tests.ContratosHttpTests.Administracion_de_trabajos_distingue_los_incompletos" storage="/home/jp777/sillar-qa-m04/backend/sillar.modules.cms.tests/bin/debug/net10.0/sillar.modules.cms.tests.dll" id="d8e7afb4-534c-45a6-534f-15cefbbd9af0">
      <Execution id="9b2593ca-9da8-4be4-aa2f-b9719a3e279d" />
      <TestMethod codeBase="/home/JP777/sillar-qa-m04/backend/Sillar.Modules.Cms.Tests/bin/Debug/net10.0/Sillar.Modules.Cms.Tests.dll" adapterTypeName="executor://xunit/VsTestRunner3/netcore/" className="Sillar.Modules.Cms.Tests.ContratosHttpTests" name="Administracion_de_trabajos_distingue_los_incompletos" />
    </UnitTest>
    <UnitTest name="Sillar.Modules.Cms.Tests.ProductoDestacadoTests.Snapshot_sin_producto_esta_pendiente_de_volver_a_enlazar" storage="/home/jp777/sillar-qa-m04/backend/sillar.modules.cms.tests/bin/debug/net10.0/sillar.modules.cms.tests.dll" id="c46a7e98-3e73-27cc-b33f-fc8bd4501781">
      <Execution id="146062f2-c004-42fc-bbac-1a01d3a0a566" />
      <TestMethod codeBase="/home/JP777/sillar-qa-m04/backend/Sillar.Modules.Cms.Tests/bin/Debug/net10.0/Sillar.Modules.Cms.Tests.dll" adapterTypeName="executor://xunit/VsTestRunner3/netcore/" className="Sillar.Modules.Cms.Tests.ProductoDestacadoTests" name="Snapshot_sin_producto_esta_pendiente_de_volver_a_enlazar" />
    </UnitTest>
    <UnitTest name="Sillar.Modules.Cms.Tests.ReglasContenidoTests.Ruta_interna_y_https_con_etiqueta_se_aceptan(url: &quot;/catalogo&quot;)" storage="/home/jp777/sillar-qa-m04/backend/sillar.modules.cms.tests/bin/debug/net10.0/sillar.modules.cms.tests.dll" id="f4ad1f79-869d-1cd7-30db-6fe774713aca">
      <Execution id="7fdf27a4-5b7f-4eda-8a78-a6b8c9acf9eb" />
      <TestMethod codeBase="/home/JP777/sillar-qa-m04/backend/Sillar.Modules.Cms.Tests/bin/Debug/net10.0/Sillar.Modules.Cms.Tests.dll" adapterTypeName="executor://xunit/VsTestRunner3/netcore/" className="Sillar.Modules.Cms.Tests.ReglasContenidoTests" name="Ruta_interna_y_https_con_etiqueta_se_aceptan" />
    </UnitTest>
    <UnitTest name="Sillar.Modules.Cms.Tests.ProductoDestacadoTests.Producto_no_publico_no_puede_publicarse" storage="/home/jp777/sillar-qa-m04/backend/sillar.modules.cms.tests/bin/debug/net10.0/sillar.modules.cms.tests.dll" id="d58d6dcf-08c5-bb13-5167-0a4afebe610c">
      <Execution id="9060d8ae-de01-4bff-b761-403bf7552803" />
      <TestMethod codeBase="/home/JP777/sillar-qa-m04/backend/Sillar.Modules.Cms.Tests/bin/Debug/net10.0/Sillar.Modules.Cms.Tests.dll" adapterTypeName="executor://xunit/VsTestRunner3/netcore/" className="Sillar.Modules.Cms.Tests.ProductoDestacadoTests" name="Producto_no_publico_no_puede_publicarse" />
    </UnitTest>
    <UnitTest name="Sillar.Modules.Cms.Tests.VigenciaPublicacionTests.Dentro_del_intervalo_esta_vigente" storage="/home/jp777/sillar-qa-m04/backend/sillar.modules.cms.tests/bin/debug/net10.0/sillar.modules.cms.tests.dll" id="c39daa2d-2df6-3b49-25e0-6fcd3dd9e8a9">
      <Execution id="e8f44bc4-711b-409d-a48c-a96687ae5723" />
      <TestMethod codeBase="/home/JP777/sillar-qa-m04/backend/Sillar.Modules.Cms.Tests/bin/Debug/net10.0/Sillar.Modules.Cms.Tests.dll" adapterTypeName="executor://xunit/VsTestRunner3/netcore/" className="Sillar.Modules.Cms.Tests.VigenciaPublicacionTests" name="Dentro_del_intervalo_esta_vigente" />
    </UnitTest>
    <UnitTest name="Sillar.Modules.Cms.Tests.ReglasContenidoTests.Plataforma_social_se_normaliza(original: &quot;Instagram&quot;, expected: &quot;instagram&quot;)" storage="/home/jp777/sillar-qa-m04/backend/sillar.modules.cms.tests/bin/debug/net10.0/sillar.modules.cms.tests.dll" id="ae1e1ea8-1ec8-f0f0-fbeb-24f389aaa015">
      <Execution id="95d57ecd-965a-428a-9735-75ee62a4f05e" />
      <TestMethod codeBase="/home/JP777/sillar-qa-m04/backend/Sillar.Modules.Cms.Tests/bin/Debug/net10.0/Sillar.Modules.Cms.Tests.dll" adapterTypeName="executor://xunit/VsTestRunner3/netcore/" className="Sillar.Modules.Cms.Tests.ReglasContenidoTests" name="Plataforma_social_se_normaliza" />
    </UnitTest>
    <UnitTest name="Sillar.Modules.Cms.Tests.ContratosHttpTests.Ninguna_respuesta_publica_expone_identificadores_de_medios" storage="/home/jp777/sillar-qa-m04/backend/sillar.modules.cms.tests/bin/debug/net10.0/sillar.modules.cms.tests.dll" id="f8a5ec4b-5c6e-5e77-49e2-4283b545d0f8">
      <Execution id="69b63051-4ee4-4ea7-ae19-34be660f8b5a" />
      <TestMethod codeBase="/home/JP777/sillar-qa-m04/backend/Sillar.Modules.Cms.Tests/bin/Debug/net10.0/Sillar.Modules.Cms.Tests.dll" adapterTypeName="executor://xunit/VsTestRunner3/netcore/" className="Sillar.Modules.Cms.Tests.ContratosHttpTests" name="Ninguna_respuesta_publica_expone_identificadores_de_medios" />
    </UnitTest>
    <UnitTest name="Sillar.Modules.Cms.Tests.VigenciaPublicacionTests.Programado_para_despues_no_esta_vigente" storage="/home/jp777/sillar-qa-m04/backend/sillar.modules.cms.tests/bin/debug/net10.0/sillar.modules.cms.tests.dll" id="38755c71-3779-47ac-a133-5b72a361c969">
      <Execution id="0271f0da-0f5f-4e61-a5db-716bcfc8a9c2" />
      <TestMethod codeBase="/home/JP777/sillar-qa-m04/backend/Sillar.Modules.Cms.Tests/bin/Debug/net10.0/Sillar.Modules.Cms.Tests.dll" adapterTypeName="executor://xunit/VsTestRunner3/netcore/" className="Sillar.Modules.Cms.Tests.VigenciaPublicacionTests" name="Programado_para_despues_no_esta_vigente" />
    </UnitTest>
    <UnitTest name="Sillar.Modules.Cms.Tests.VigenciaPublicacionTests.Termina_exactamente_ahora_y_ya_no_esta_vigente" storage="/home/jp777/sillar-qa-m04/backend/sillar.modules.cms.tests/bin/debug/net10.0/sillar.modules.cms.tests.dll" id="ae752757-12de-159e-e35d-ed5af30161fc">
      <Execution id="b0c339c1-1bac-4eab-a81d-ea107f1d0e81" />
      <TestMethod codeBase="/home/JP777/sillar-qa-m04/backend/Sillar.Modules.Cms.Tests/bin/Debug/net10.0/Sillar.Modules.Cms.Tests.dll" adapterTypeName="executor://xunit/VsTestRunner3/netcore/" className="Sillar.Modules.Cms.Tests.VigenciaPublicacionTests" name="Termina_exactamente_ahora_y_ya_no_esta_vigente" />
    </UnitTest>
    <UnitTest name="Sillar.Modules.Cms.Tests.ContratosHttpTests.Trabajos_y_redes_no_exponen_estado_de_ventana" storage="/home/jp777/sillar-qa-m04/backend/sillar.modules.cms.tests/bin/debug/net10.0/sillar.modules.cms.tests.dll" id="1cd7d2f5-d083-ce86-adaf-db2f9e0b5008">
      <Execution id="55ae269a-b045-488b-9bba-733a3d1539e9" />
      <TestMethod codeBase="/home/JP777/sillar-qa-m04/backend/Sillar.Modules.Cms.Tests/bin/Debug/net10.0/Sillar.Modules.Cms.Tests.dll" adapterTypeName="executor://xunit/VsTestRunner3/netcore/" className="Sillar.Modules.Cms.Tests.ContratosHttpTests" name="Trabajos_y_redes_no_exponen_estado_de_ventana" />
    </UnitTest>
    <UnitTest name="Sillar.Modules.Cms.Tests.EventosCatalogoTests.Los_tres_manejadores_se_registran_como_singleton_para_el_bus_raiz" storage="/home/jp777/sillar-qa-m04/backend/sillar.modules.cms.tests/bin/debug/net10.0/sillar.modules.cms.tests.dll" id="81340934-287f-2a44-464a-666781d8d82c">
      <Execution id="57a31cb5-22d2-4ee0-8e0d-fceb12a1b01c" />
      <TestMethod codeBase="/home/JP777/sillar-qa-m04/backend/Sillar.Modules.Cms.Tests/bin/Debug/net10.0/Sillar.Modules.Cms.Tests.dll" adapterTypeName="executor://xunit/VsTestRunner3/netcore/" className="Sillar.Modules.Cms.Tests.EventosCatalogoTests" name="Los_tres_manejadores_se_registran_como_singleton_para_el_bus_raiz" />
    </UnitTest>
    <UnitTest name="Sillar.Modules.Cms.Tests.ProductoDestacadoTests.Respuesta_conserva_precio_nulo_cero_y_positivo_como_estados_distintos" storage="/home/jp777/sillar-qa-m04/backend/sillar.modules.cms.tests/bin/debug/net10.0/sillar.modules.cms.tests.dll" id="108af5c5-b3c6-7c09-3805-e972a56df983">
      <Execution id="4251c2f9-05be-4fc6-88b2-a4139793fa8e" />
      <TestMethod codeBase="/home/JP777/sillar-qa-m04/backend/Sillar.Modules.Cms.Tests/bin/Debug/net10.0/Sillar.Modules.Cms.Tests.dll" adapterTypeName="executor://xunit/VsTestRunner3/netcore/" className="Sillar.Modules.Cms.Tests.ProductoDestacadoTests" name="Respuesta_conserva_precio_nulo_cero_y_positivo_como_estados_distintos" />
    </UnitTest>
    <UnitTest name="Sillar.Modules.Cms.Tests.ReglasContenidoTests.Fecha_de_fin_anterior_nombra_la_fecha_que_hay_que_corregir" storage="/home/jp777/sillar-qa-m04/backend/sillar.modules.cms.tests/bin/debug/net10.0/sillar.modules.cms.tests.dll" id="dac88155-904c-9d43-1fc8-a561bf39c1c0">
      <Execution id="7dd3488d-b6d6-497d-97bb-566ef89c8b70" />
      <TestMethod codeBase="/home/JP777/sillar-qa-m04/backend/Sillar.Modules.Cms.Tests/bin/Debug/net10.0/Sillar.Modules.Cms.Tests.dll" adapterTypeName="executor://xunit/VsTestRunner3/netcore/" className="Sillar.Modules.Cms.Tests.ReglasContenidoTests" name="Fecha_de_fin_anterior_nombra_la_fecha_que_hay_que_corregir" />
    </UnitTest>
    <UnitTest name="Sillar.Modules.Cms.Tests.ReordenamientoTests.Un_identificador_repetido_no_produce_asignaciones_parciales" storage="/home/jp777/sillar-qa-m04/backend/sillar.modules.cms.tests/bin/debug/net10.0/sillar.modules.cms.tests.dll" id="bd48907b-13cd-4cd1-9a0f-5105d31d3f5c">
      <Execution id="3541f5fe-1b5e-4240-816e-cff9b0346e67" />
      <TestMethod codeBase="/home/JP777/sillar-qa-m04/backend/Sillar.Modules.Cms.Tests/bin/Debug/net10.0/Sillar.Modules.Cms.Tests.dll" adapterTypeName="executor://xunit/VsTestRunner3/netcore/" className="Sillar.Modules.Cms.Tests.ReordenamientoTests" name="Un_identificador_repetido_no_produce_asignaciones_parciales" />
    </UnitTest>
    <UnitTest name="Sillar.Modules.Cms.Tests.VigenciaPublicacionTests.Estado_administrativo_respeta_la_misma_ventana(isActive: True, startMinutes: -2, endMinutes: -1, expected: Expired)" storage="/home/jp777/sillar-qa-m04/backend/sillar.modules.cms.tests/bin/debug/net10.0/sillar.modules.cms.tests.dll" id="757b5d0c-e17f-b266-9c78-04b2d85e761e">
      <Execution id="0932a947-b568-4cc5-9af8-8864a44659a8" />
      <TestMethod codeBase="/home/JP777/sillar-qa-m04/backend/Sillar.Modules.Cms.Tests/bin/Debug/net10.0/Sillar.Modules.Cms.Tests.dll" adapterTypeName="executor://xunit/VsTestRunner3/netcore/" className="Sillar.Modules.Cms.Tests.VigenciaPublicacionTests" name="Estado_administrativo_respeta_la_misma_ventana" />
    </UnitTest>
    <UnitTest name="Sillar.Modules.Cms.Tests.ReordenamientoTests.Una_seccion_vacia_acepta_una_lista_vacia" storage="/home/jp777/sillar-qa-m04/backend/sillar.modules.cms.tests/bin/debug/net10.0/sillar.modules.cms.tests.dll" id="dac30810-fbfb-2322-8292-3168f4a77b3a">
      <Execution id="a9e2cc5d-8bfd-4cb5-855e-533ef8dba585" />
      <TestMethod codeBase="/home/JP777/sillar-qa-m04/backend/Sillar.Modules.Cms.Tests/bin/Debug/net10.0/Sillar.Modules.Cms.Tests.dll" adapterTypeName="executor://xunit/VsTestRunner3/netcore/" className="Sillar.Modules.Cms.Tests.ReordenamientoTests" name="Una_seccion_vacia_acepta_una_lista_vacia" />
    </UnitTest>
    <UnitTest name="Sillar.Modules.Cms.Tests.VigenciaPublicacionTests.Inactivo_no_esta_vigente_aunque_no_tenga_fechas" storage="/home/jp777/sillar-qa-m04/backend/sillar.modules.cms.tests/bin/debug/net10.0/sillar.modules.cms.tests.dll" id="8a601945-33dc-67e6-f1e2-05218e68f3ad">
      <Execution id="12c0fa15-7e3f-4c35-bab7-0a62e3b717b8" />
      <TestMethod codeBase="/home/JP777/sillar-qa-m04/backend/Sillar.Modules.Cms.Tests/bin/Debug/net10.0/Sillar.Modules.Cms.Tests.dll" adapterTypeName="executor://xunit/VsTestRunner3/netcore/" className="Sillar.Modules.Cms.Tests.VigenciaPublicacionTests" name="Inactivo_no_esta_vigente_aunque_no_tenga_fechas" />
    </UnitTest>
    <UnitTest name="Sillar.Modules.Cms.Tests.ReglasContenidoTests.Imagen_sin_texto_alternativo_se_rechaza" storage="/home/jp777/sillar-qa-m04/backend/sillar.modules.cms.tests/bin/debug/net10.0/sillar.modules.cms.tests.dll" id="1c8fc005-8044-a696-d66f-4e23f38964b5">
      <Execution id="e2e305d0-62d7-4f3b-9e5c-a3879228b4c3" />
      <TestMethod codeBase="/home/JP777/sillar-qa-m04/backend/Sillar.Modules.Cms.Tests/bin/Debug/net10.0/Sillar.Modules.Cms.Tests.dll" adapterTypeName="executor://xunit/VsTestRunner3/netcore/" className="Sillar.Modules.Cms.Tests.ReglasContenidoTests" name="Imagen_sin_texto_alternativo_se_rechaza" />
    </UnitTest>
    <UnitTest name="Sillar.Modules.Cms.Tests.ReglasContenidoTests.Sin_imagen_el_texto_alternativo_puede_ser_nulo" storage="/home/jp777/sillar-qa-m04/backend/sillar.modules.cms.tests/bin/debug/net10.0/sillar.modules.cms.tests.dll" id="aed02722-cdb8-9e6c-49c7-869e433ac834">
      <Execution id="94d7ba6e-bcd9-454b-b5d1-fbb116b645a0" />
      <TestMethod codeBase="/home/JP777/sillar-qa-m04/backend/Sillar.Modules.Cms.Tests/bin/Debug/net10.0/Sillar.Modules.Cms.Tests.dll" adapterTypeName="executor://xunit/VsTestRunner3/netcore/" className="Sillar.Modules.Cms.Tests.ReglasContenidoTests" name="Sin_imagen_el_texto_alternativo_puede_ser_nulo" />
    </UnitTest>
    <UnitTest name="Sillar.Modules.Cms.Tests.ReordenamientoTests.Omitir_un_elemento_invalida_la_lista_completa" storage="/home/jp777/sillar-qa-m04/backend/sillar.modules.cms.tests/bin/debug/net10.0/sillar.modules.cms.tests.dll" id="6de6ef29-c0da-5ad4-3808-520a2a6247cd">
      <Execution id="b298e456-5f45-48ca-815a-2a9f6cfa777b" />
      <TestMethod codeBase="/home/JP777/sillar-qa-m04/backend/Sillar.Modules.Cms.Tests/bin/Debug/net10.0/Sillar.Modules.Cms.Tests.dll" adapterTypeName="executor://xunit/VsTestRunner3/netcore/" className="Sillar.Modules.Cms.Tests.ReordenamientoTests" name="Omitir_un_elemento_invalida_la_lista_completa" />
    </UnitTest>
    <UnitTest name="Sillar.Modules.Cms.Tests.ProductoDestacadoTests.Precio_a_consultar_gratis_y_positivo_son_validos" storage="/home/jp777/sillar-qa-m04/backend/sillar.modules.cms.tests/bin/debug/net10.0/sillar.modules.cms.tests.dll" id="8257b719-3ef5-439c-d9a9-9a2366d2e1be">
      <Execution id="09988d6e-8638-4180-b5fe-298ba72c6e48" />
      <TestMethod codeBase="/home/JP777/sillar-qa-m04/backend/Sillar.Modules.Cms.Tests/bin/Debug/net10.0/Sillar.Modules.Cms.Tests.dll" adapterTypeName="executor://xunit/VsTestRunner3/netcore/" className="Sillar.Modules.Cms.Tests.ProductoDestacadoTests" name="Precio_a_consultar_gratis_y_positivo_son_validos" />
    </UnitTest>
    <UnitTest name="Sillar.Modules.Cms.Tests.TrabajoDestacadoTests.Sin_imagen_el_trabajo_esta_incompleto" storage="/home/jp777/sillar-qa-m04/backend/sillar.modules.cms.tests/bin/debug/net10.0/sillar.modules.cms.tests.dll" id="ba40eb42-5d3f-3831-6443-55d7bf53cd40">
      <Execution id="c2507cb9-e311-413d-bf07-40d112a25ea6" />
      <TestMethod codeBase="/home/JP777/sillar-qa-m04/backend/Sillar.Modules.Cms.Tests/bin/Debug/net10.0/Sillar.Modules.Cms.Tests.dll" adapterTypeName="executor://xunit/VsTestRunner3/netcore/" className="Sillar.Modules.Cms.Tests.TrabajoDestacadoTests" name="Sin_imagen_el_trabajo_esta_incompleto" />
    </UnitTest>
    <UnitTest name="Sillar.Modules.Cms.Tests.VigenciaPublicacionTests.Estado_administrativo_respeta_la_misma_ventana(isActive: True, startMinutes: 1, endMinutes: null, expected: Scheduled)" storage="/home/jp777/sillar-qa-m04/backend/sillar.modules.cms.tests/bin/debug/net10.0/sillar.modules.cms.tests.dll" id="9a0ba9e1-4985-13b4-72fc-e53d814baa81">
      <Execution id="e9dbd8cb-6c4c-4c5d-ad85-34e9aa0f3876" />
      <TestMethod codeBase="/home/JP777/sillar-qa-m04/backend/Sillar.Modules.Cms.Tests/bin/Debug/net10.0/Sillar.Modules.Cms.Tests.dll" adapterTypeName="executor://xunit/VsTestRunner3/netcore/" className="Sillar.Modules.Cms.Tests.VigenciaPublicacionTests" name="Estado_administrativo_respeta_la_misma_ventana" />
    </UnitTest>
    <UnitTest name="Sillar.Modules.Cms.Tests.ReordenamientoTests.Cinco_elementos_reciben_exactamente_el_orden_solicitado" storage="/home/jp777/sillar-qa-m04/backend/sillar.modules.cms.tests/bin/debug/net10.0/sillar.modules.cms.tests.dll" id="8d31f899-55d4-eb51-ed69-f1dc9b109b6b">
      <Execution id="3f085913-3723-4527-a524-4ec0f51c45ef" />
      <TestMethod codeBase="/home/JP777/sillar-qa-m04/backend/Sillar.Modules.Cms.Tests/bin/Debug/net10.0/Sillar.Modules.Cms.Tests.dll" adapterTypeName="executor://xunit/VsTestRunner3/netcore/" className="Sillar.Modules.Cms.Tests.ReordenamientoTests" name="Cinco_elementos_reciben_exactamente_el_orden_solicitado" />
    </UnitTest>
    <UnitTest name="Sillar.Modules.Cms.Tests.VigenciaPublicacionTests.Activo_sin_fechas_esta_vigente" storage="/home/jp777/sillar-qa-m04/backend/sillar.modules.cms.tests/bin/debug/net10.0/sillar.modules.cms.tests.dll" id="7ee8d4d6-43a7-6b5f-17de-8afd26c2e99e">
      <Execution id="2fc34923-10bc-4c1f-9659-ce289b7ea998" />
      <TestMethod codeBase="/home/JP777/sillar-qa-m04/backend/Sillar.Modules.Cms.Tests/bin/Debug/net10.0/Sillar.Modules.Cms.Tests.dll" adapterTypeName="executor://xunit/VsTestRunner3/netcore/" className="Sillar.Modules.Cms.Tests.VigenciaPublicacionTests" name="Activo_sin_fechas_esta_vigente" />
    </UnitTest>
    <UnitTest name="Sillar.Modules.Cms.Tests.ProductoDestacadoTests.Snapshot_con_producto_no_esta_pendiente_de_volver_a_enlazar" storage="/home/jp777/sillar-qa-m04/backend/sillar.modules.cms.tests/bin/debug/net10.0/sillar.modules.cms.tests.dll" id="40e1b59a-74dc-a9cc-8ec6-0b2a8d63ebe5">
      <Execution id="b2ae4461-3ade-4c85-89a7-3c809c958b16" />
      <TestMethod codeBase="/home/JP777/sillar-qa-m04/backend/Sillar.Modules.Cms.Tests/bin/Debug/net10.0/Sillar.Modules.Cms.Tests.dll" adapterTypeName="executor://xunit/VsTestRunner3/netcore/" className="Sillar.Modules.Cms.Tests.ProductoDestacadoTests" name="Snapshot_con_producto_no_esta_pendiente_de_volver_a_enlazar" />
    </UnitTest>
    <UnitTest name="Sillar.Modules.Cms.Tests.ProductoDestacadoTests.Precio_negativo_se_rechaza" storage="/home/jp777/sillar-qa-m04/backend/sillar.modules.cms.tests/bin/debug/net10.0/sillar.modules.cms.tests.dll" id="c77916d6-1ad2-a193-7f37-d09ae813d2a8">
      <Execution id="54c70090-f14b-4c8b-becd-c7a1adbc3ea7" />
      <TestMethod codeBase="/home/JP777/sillar-qa-m04/backend/Sillar.Modules.Cms.Tests/bin/Debug/net10.0/Sillar.Modules.Cms.Tests.dll" adapterTypeName="executor://xunit/VsTestRunner3/netcore/" className="Sillar.Modules.Cms.Tests.ProductoDestacadoTests" name="Precio_negativo_se_rechaza" />
    </UnitTest>
    <UnitTest name="Sillar.Modules.Cms.Tests.VigenciaPublicacionTests.Estado_administrativo_respeta_la_misma_ventana(isActive: False, startMinutes: null, endMinutes: null, expected: Inactive)" storage="/home/jp777/sillar-qa-m04/backend/sillar.modules.cms.tests/bin/debug/net10.0/sillar.modules.cms.tests.dll" id="3d36ab32-1d17-631d-c047-bb0c5e331769">
      <Execution id="974f8158-9666-4f5d-ba85-ce5c5c8e494d" />
      <TestMethod codeBase="/home/JP777/sillar-qa-m04/backend/Sillar.Modules.Cms.Tests/bin/Debug/net10.0/Sillar.Modules.Cms.Tests.dll" adapterTypeName="executor://xunit/VsTestRunner3/netcore/" className="Sillar.Modules.Cms.Tests.VigenciaPublicacionTests" name="Estado_administrativo_respeta_la_misma_ventana" />
    </UnitTest>
    <UnitTest name="Sillar.Modules.Cms.Tests.ReactivacionRedSocialTests.Reactivar_una_activa_es_idempotente_y_un_id_inexistente_no_se_inventa" storage="/home/jp777/sillar-qa-m04/backend/sillar.modules.cms.tests/bin/debug/net10.0/sillar.modules.cms.tests.dll" id="7a326ffb-1619-09b8-57b3-ecbcf3aa5a27">
      <Execution id="36af0747-dc53-4c32-8ce1-baaa2195beb8" />
      <TestMethod codeBase="/home/JP777/sillar-qa-m04/backend/Sillar.Modules.Cms.Tests/bin/Debug/net10.0/Sillar.Modules.Cms.Tests.dll" adapterTypeName="executor://xunit/VsTestRunner3/netcore/" className="Sillar.Modules.Cms.Tests.ReactivacionRedSocialTests" name="Reactivar_una_activa_es_idempotente_y_un_id_inexistente_no_se_inventa" />
    </UnitTest>
    <UnitTest name="Sillar.Modules.Cms.Tests.ReglasContenidoTests.Enlace_sin_texto_visible_se_rechaza" storage="/home/jp777/sillar-qa-m04/backend/sillar.modules.cms.tests/bin/debug/net10.0/sillar.modules.cms.tests.dll" id="92b340f3-9214-4604-e3e7-168e985a784a">
      <Execution id="61ba9787-16aa-49c9-96a1-68b7d01d9bd4" />
      <TestMethod codeBase="/home/JP777/sillar-qa-m04/backend/Sillar.Modules.Cms.Tests/bin/Debug/net10.0/Sillar.Modules.Cms.Tests.dll" adapterTypeName="executor://xunit/VsTestRunner3/netcore/" className="Sillar.Modules.Cms.Tests.ReglasContenidoTests" name="Enlace_sin_texto_visible_se_rechaza" />
    </UnitTest>
    <UnitTest name="Sillar.Modules.Cms.Tests.ReglasContenidoTests.Texto_alternativo_de_espacios_se_rechaza_aunque_no_haya_imagen" storage="/home/jp777/sillar-qa-m04/backend/sillar.modules.cms.tests/bin/debug/net10.0/sillar.modules.cms.tests.dll" id="4c7b8df8-75dd-6575-b7f2-cc9d400be737">
      <Execution id="90540659-e9e0-44d8-9ed6-ecdbca8843c1" />
      <TestMethod codeBase="/home/JP777/sillar-qa-m04/backend/Sillar.Modules.Cms.Tests/bin/Debug/net10.0/Sillar.Modules.Cms.Tests.dll" adapterTypeName="executor://xunit/VsTestRunner3/netcore/" className="Sillar.Modules.Cms.Tests.ReglasContenidoTests" name="Texto_alternativo_de_espacios_se_rechaza_aunque_no_haya_imagen" />
    </UnitTest>
    <UnitTest name="Sillar.Modules.Cms.Tests.ReglasContenidoTests.Plataforma_social_se_normaliza(original: &quot; WHATSAPP &quot;, expected: &quot;whatsapp&quot;)" storage="/home/jp777/sillar-qa-m04/backend/sillar.modules.cms.tests/bin/debug/net10.0/sillar.modules.cms.tests.dll" id="e9707448-f02e-cfdd-57d7-b3c6599f880e">
      <Execution id="d022919d-46c5-4f01-889b-0c2c0cabe886" />
      <TestMethod codeBase="/home/JP777/sillar-qa-m04/backend/Sillar.Modules.Cms.Tests/bin/Debug/net10.0/Sillar.Modules.Cms.Tests.dll" adapterTypeName="executor://xunit/VsTestRunner3/netcore/" className="Sillar.Modules.Cms.Tests.ReglasContenidoTests" name="Plataforma_social_se_normaliza" />
    </UnitTest>
  </TestDefinitions>
  <TestEntries>
    <TestEntry testId="bd48907b-13cd-4cd1-9a0f-5105d31d3f5c" executionId="3541f5fe-1b5e-4240-816e-cff9b0346e67" testListId="8c84fa94-04c1-424b-9868-57a2d4851a1d" />
    <TestEntry testId="599e23e0-26c2-b6c9-6ae2-34c6a11a0db9" executionId="5deb7b9d-e2dd-4cc2-9502-2a8e6842227c" testListId="8c84fa94-04c1-424b-9868-57a2d4851a1d" />
    <TestEntry testId="8257b719-3ef5-439c-d9a9-9a2366d2e1be" executionId="09988d6e-8638-4180-b5fe-298ba72c6e48" testListId="8c84fa94-04c1-424b-9868-57a2d4851a1d" />
    <TestEntry testId="757b5d0c-e17f-b266-9c78-04b2d85e761e" executionId="0932a947-b568-4cc5-9af8-8864a44659a8" testListId="8c84fa94-04c1-424b-9868-57a2d4851a1d" />
    <TestEntry testId="ae752757-12de-159e-e35d-ed5af30161fc" executionId="b0c339c1-1bac-4eab-a81d-ea107f1d0e81" testListId="8c84fa94-04c1-424b-9868-57a2d4851a1d" />
    <TestEntry testId="7fdcbdfc-761e-bd12-f7ad-ec7daa65e5d4" executionId="4a3aaac8-fdc3-4530-8082-79e0012ceac7" testListId="8c84fa94-04c1-424b-9868-57a2d4851a1d" />
    <TestEntry testId="4eea0ad0-53b9-967e-2a0f-04ced988a2fb" executionId="f2ce3453-7792-4ec0-83d9-4587f43f85a9" testListId="8c84fa94-04c1-424b-9868-57a2d4851a1d" />
    <TestEntry testId="2064bd9e-2263-d198-da3d-0db71bf41511" executionId="0c1298a6-bdc9-46cc-9803-077f6ffee625" testListId="8c84fa94-04c1-424b-9868-57a2d4851a1d" />
    <TestEntry testId="dac30810-fbfb-2322-8292-3168f4a77b3a" executionId="a9e2cc5d-8bfd-4cb5-855e-533ef8dba585" testListId="8c84fa94-04c1-424b-9868-57a2d4851a1d" />
    <TestEntry testId="7ee8d4d6-43a7-6b5f-17de-8afd26c2e99e" executionId="2fc34923-10bc-4c1f-9659-ce289b7ea998" testListId="8c84fa94-04c1-424b-9868-57a2d4851a1d" />
    <TestEntry testId="aed02722-cdb8-9e6c-49c7-869e433ac834" executionId="94d7ba6e-bcd9-454b-b5d1-fbb116b645a0" testListId="8c84fa94-04c1-424b-9868-57a2d4851a1d" />
    <TestEntry testId="d45286f7-7abb-f02e-94b2-bfcac5476f6e" executionId="ba5cbce0-43a8-40a2-9862-ffd1024134b9" testListId="8c84fa94-04c1-424b-9868-57a2d4851a1d" />
    <TestEntry testId="ef5f9c2b-1ed7-834d-37fd-a17dedefb406" executionId="2eed313f-5d8f-41dc-96cf-f762458f5f60" testListId="8c84fa94-04c1-424b-9868-57a2d4851a1d" />
    <TestEntry testId="7a326ffb-1619-09b8-57b3-ecbcf3aa5a27" executionId="36af0747-dc53-4c32-8ce1-baaa2195beb8" testListId="8c84fa94-04c1-424b-9868-57a2d4851a1d" />
    <TestEntry testId="f8a5ec4b-5c6e-5e77-49e2-4283b545d0f8" executionId="69b63051-4ee4-4ea7-ae19-34be660f8b5a" testListId="8c84fa94-04c1-424b-9868-57a2d4851a1d" />
    <TestEntry testId="d8e7afb4-534c-45a6-534f-15cefbbd9af0" executionId="9b2593ca-9da8-4be4-aa2f-b9719a3e279d" testListId="8c84fa94-04c1-424b-9868-57a2d4851a1d" />
    <TestEntry testId="6de6ef29-c0da-5ad4-3808-520a2a6247cd" executionId="b298e456-5f45-48ca-815a-2a9f6cfa777b" testListId="8c84fa94-04c1-424b-9868-57a2d4851a1d" />
    <TestEntry testId="3d36ab32-1d17-631d-c047-bb0c5e331769" executionId="974f8158-9666-4f5d-ba85-ce5c5c8e494d" testListId="8c84fa94-04c1-424b-9868-57a2d4851a1d" />
    <TestEntry testId="4c7b8df8-75dd-6575-b7f2-cc9d400be737" executionId="90540659-e9e0-44d8-9ed6-ecdbca8843c1" testListId="8c84fa94-04c1-424b-9868-57a2d4851a1d" />
    <TestEntry testId="26fc2f0a-013a-025d-9280-8692c9ac9f61" executionId="7f37bcf5-dd8f-451b-9303-205a9cd79269" testListId="8c84fa94-04c1-424b-9868-57a2d4851a1d" />
    <TestEntry testId="bbb2927a-52e6-f9cb-9e11-9f5d4855a928" executionId="e60e8163-6df2-46e2-bd2f-541003654f28" testListId="8c84fa94-04c1-424b-9868-57a2d4851a1d" />
    <TestEntry testId="c46a7e98-3e73-27cc-b33f-fc8bd4501781" executionId="146062f2-c004-42fc-bbac-1a01d3a0a566" testListId="8c84fa94-04c1-424b-9868-57a2d4851a1d" />
    <TestEntry testId="fb4cf75c-796e-92ea-9b53-6d00ac464e87" executionId="a2ee1d16-75a6-42e0-9a2c-7d1340237569" testListId="8c84fa94-04c1-424b-9868-57a2d4851a1d" />
    <TestEntry testId="ba40eb42-5d3f-3831-6443-55d7bf53cd40" executionId="c2507cb9-e311-413d-bf07-40d112a25ea6" testListId="8c84fa94-04c1-424b-9868-57a2d4851a1d" />
    <TestEntry testId="92b340f3-9214-4604-e3e7-168e985a784a" executionId="61ba9787-16aa-49c9-96a1-68b7d01d9bd4" testListId="8c84fa94-04c1-424b-9868-57a2d4851a1d" />
    <TestEntry testId="40e1b59a-74dc-a9cc-8ec6-0b2a8d63ebe5" executionId="b2ae4461-3ade-4c85-89a7-3c809c958b16" testListId="8c84fa94-04c1-424b-9868-57a2d4851a1d" />
    <TestEntry testId="9a0ba9e1-4985-13b4-72fc-e53d814baa81" executionId="e9dbd8cb-6c4c-4c5d-ad85-34e9aa0f3876" testListId="8c84fa94-04c1-424b-9868-57a2d4851a1d" />
    <TestEntry testId="f7eb6ac8-8fb0-7525-e01d-46c0b5cba93f" executionId="3abb6a90-366e-441d-baef-d9caf6cd36a5" testListId="8c84fa94-04c1-424b-9868-57a2d4851a1d" />
    <TestEntry testId="c77916d6-1ad2-a193-7f37-d09ae813d2a8" executionId="54c70090-f14b-4c8b-becd-c7a1adbc3ea7" testListId="8c84fa94-04c1-424b-9868-57a2d4851a1d" />
    <TestEntry testId="679f9131-28d1-8593-f0f0-85e385b88773" executionId="118d8e79-9c1f-47f3-a220-82c02afaebc8" testListId="8c84fa94-04c1-424b-9868-57a2d4851a1d" />
    <TestEntry testId="f4ad1f79-869d-1cd7-30db-6fe774713aca" executionId="7fdf27a4-5b7f-4eda-8a78-a6b8c9acf9eb" testListId="8c84fa94-04c1-424b-9868-57a2d4851a1d" />
    <TestEntry testId="0aef47ae-88ca-2448-586e-ae6e6f8233bc" executionId="f5ff7bb7-aaff-4e80-92be-55ac266c8d8e" testListId="8c84fa94-04c1-424b-9868-57a2d4851a1d" />
    <TestEntry testId="169ffcf8-840f-1002-7f8a-ec4423846237" executionId="062b440b-50d8-48f8-8a40-006b18357d31" testListId="8c84fa94-04c1-424b-9868-57a2d4851a1d" />
    <TestEntry testId="1c8fc005-8044-a696-d66f-4e23f38964b5" executionId="e2e305d0-62d7-4f3b-9e5c-a3879228b4c3" testListId="8c84fa94-04c1-424b-9868-57a2d4851a1d" />
    <TestEntry testId="5b09e2ef-3e67-de45-7b7e-74e94adbdbc1" executionId="293dc6a5-cf78-4460-afcf-5eb6eabf2728" testListId="8c84fa94-04c1-424b-9868-57a2d4851a1d" />
    <TestEntry testId="8d31f899-55d4-eb51-ed69-f1dc9b109b6b" executionId="3f085913-3723-4527-a524-4ec0f51c45ef" testListId="8c84fa94-04c1-424b-9868-57a2d4851a1d" />
    <TestEntry testId="d58d6dcf-08c5-bb13-5167-0a4afebe610c" executionId="9060d8ae-de01-4bff-b761-403bf7552803" testListId="8c84fa94-04c1-424b-9868-57a2d4851a1d" />
    <TestEntry testId="dac88155-904c-9d43-1fc8-a561bf39c1c0" executionId="7dd3488d-b6d6-497d-97bb-566ef89c8b70" testListId="8c84fa94-04c1-424b-9868-57a2d4851a1d" />
    <TestEntry testId="501469e5-a4e3-8677-c644-947ad2a6aeca" executionId="a836c696-6924-4e02-9459-39a42ea9e0e6" testListId="8c84fa94-04c1-424b-9868-57a2d4851a1d" />
    <TestEntry testId="ae1e1ea8-1ec8-f0f0-fbeb-24f389aaa015" executionId="95d57ecd-965a-428a-9735-75ee62a4f05e" testListId="8c84fa94-04c1-424b-9868-57a2d4851a1d" />
    <TestEntry testId="2f24a5cc-285e-47cd-be99-2f414a2952be" executionId="67f22aa6-e8a5-4254-bfad-248939666c6d" testListId="8c84fa94-04c1-424b-9868-57a2d4851a1d" />
    <TestEntry testId="3959c9a5-83ac-84cf-86aa-c0ff845c1e65" executionId="f3f5b616-5a6e-4d64-8027-e81e9138a3d5" testListId="8c84fa94-04c1-424b-9868-57a2d4851a1d" />
    <TestEntry testId="0383b86f-4dd4-df49-eda7-f3f22c92c4e4" executionId="edce3973-c4c4-41e3-b963-2b8503c6a47d" testListId="8c84fa94-04c1-424b-9868-57a2d4851a1d" />
    <TestEntry testId="108af5c5-b3c6-7c09-3805-e972a56df983" executionId="4251c2f9-05be-4fc6-88b2-a4139793fa8e" testListId="8c84fa94-04c1-424b-9868-57a2d4851a1d" />
    <TestEntry testId="32e1971e-446a-2642-6c1a-46a2bf37a1d7" executionId="7647a386-f409-422f-86b1-093adbec00d5" testListId="8c84fa94-04c1-424b-9868-57a2d4851a1d" />
    <TestEntry testId="f2c32d36-8148-bd45-2c13-0b833d7963d4" executionId="f536a770-41e1-4770-b2f6-83d24e16aaa7" testListId="8c84fa94-04c1-424b-9868-57a2d4851a1d" />
    <TestEntry testId="1cd7d2f5-d083-ce86-adaf-db2f9e0b5008" executionId="55ae269a-b045-488b-9bba-733a3d1539e9" testListId="8c84fa94-04c1-424b-9868-57a2d4851a1d" />
    <TestEntry testId="e9707448-f02e-cfdd-57d7-b3c6599f880e" executionId="d022919d-46c5-4f01-889b-0c2c0cabe886" testListId="8c84fa94-04c1-424b-9868-57a2d4851a1d" />
    <TestEntry testId="81340934-287f-2a44-464a-666781d8d82c" executionId="57a31cb5-22d2-4ee0-8e0d-fceb12a1b01c" testListId="8c84fa94-04c1-424b-9868-57a2d4851a1d" />
    <TestEntry testId="dada8ca8-4b93-2576-7dc2-24ad301081c5" executionId="caa080d4-e834-49e3-b03d-1a049a606ee8" testListId="8c84fa94-04c1-424b-9868-57a2d4851a1d" />
    <TestEntry testId="8a601945-33dc-67e6-f1e2-05218e68f3ad" executionId="12c0fa15-7e3f-4c35-bab7-0a62e3b717b8" testListId="8c84fa94-04c1-424b-9868-57a2d4851a1d" />
    <TestEntry testId="38755c71-3779-47ac-a133-5b72a361c969" executionId="0271f0da-0f5f-4e61-a5db-716bcfc8a9c2" testListId="8c84fa94-04c1-424b-9868-57a2d4851a1d" />
    <TestEntry testId="c39daa2d-2df6-3b49-25e0-6fcd3dd9e8a9" executionId="e8f44bc4-711b-409d-a48c-a96687ae5723" testListId="8c84fa94-04c1-424b-9868-57a2d4851a1d" />
    <TestEntry testId="d5637bfd-2d0f-6bf9-1490-a6979263ef33" executionId="20835d57-aca7-4132-bd62-12e447fcffee" testListId="8c84fa94-04c1-424b-9868-57a2d4851a1d" />
  </TestEntries>
  <TestLists>
    <TestList name="Results Not in a List" id="8c84fa94-04c1-424b-9868-57a2d4851a1d" />
    <TestList name="All Loaded Results" id="19431567-8539-422a-85d7-44ee4e166bda" />
  </TestLists>
  <ResultSummary outcome="Completed">
    <Counters total="54" executed="54" passed="54" failed="0" error="0" timeout="0" aborted="0" inconclusive="0" passedButRunAborted="0" notRunnable="0" notExecuted="0" disconnected="0" warning="0" completed="0" inProgress="0" pending="0" />
    <Output>
      <StdOut>[xUnit.net 00:00:00.07] xUnit.net VSTest Adapter v3.1.5+1b188a7b0a (64-bit .NET 10.0.10)
[xUnit.net 00:00:02.85]   Discovering: Sillar.Modules.Cms.Tests
[xUnit.net 00:00:06.72]   Discovered:  Sillar.Modules.Cms.Tests
[xUnit.net 00:00:08.93]   Starting:    Sillar.Modules.Cms.Tests
[xUnit.net 00:00:31.99]   Finished:    Sillar.Modules.Cms.Tests (ID = '8edd3895d2e5e9865dbe10d66869a534c7b478e3d20dff12ab1f412a2792d9ec')
</StdOut>
    </Output>
  </ResultSummary>
</TestRun>