<?xml version="1.0" encoding="utf-8"?>
<TestRun id="2af6d46d-6152-4572-9254-867d5b316848" name="@archlinux 2026-10-03 21:30:27" xmlns="http://microsoft.com/schemas/VisualStudio/TeamTest/2010">
  <Times creation="2026-10-03T21:30:27.2716355-05:00" queuing="2026-10-03T21:30:27.2716356-05:00" start="2026-10-03T21:30:15.7280273-05:00" finish="2026-10-03T21:30:28.6065857-05:00" />
  <TestSettings name="default" id="797ca7db-efa3-4c46-a61b-35babc02d6a6">
    <Deployment runDeploymentRoot="_archlinux_2026-10-03_21_30_27" />
  </TestSettings>
  <Results>
    <UnitTestResult executionId="f0162abd-0731-48cc-9005-e497603c609c" testId="84990c2a-9af3-9ee2-607c-0fd6a2fd79d0" testName="Sillar.Shared.Tests.PagingTests.No_se_puede_pedir_mas_del_maximo" computerName="archlinux" duration="00:00:00.0005481" startTime="2026-10-03T21:30:26.8579978-05:00" endTime="2026-10-03T21:30:26.8586865-05:00" testType="13cdc9d9-ddb5-4fa4-a97d-d965ccfc6d4b" outcome="Passed" testListId="8c84fa94-04c1-424b-9868-57a2d4851a1d" relativeResultsDirectory="f0162abd-0731-48cc-9005-e497603c609c" />
    <UnitTestResult executionId="39a16cfa-c7b4-4f4d-8ea5-32f6053dc3b7" testId="5e41e984-39a5-b636-ff5c-5bbd9223c593" testName="Sillar.Shared.Tests.ModuleGraphTests.Sin_CORE_no_se_puede_arrancar" computerName="archlinux" duration="00:00:00.0122950" startTime="2026-10-03T21:30:26.7999238-05:00" endTime="2026-10-03T21:30:26.8217220-05:00" testType="13cdc9d9-ddb5-4fa4-a97d-d965ccfc6d4b" outcome="Passed" testListId="8c84fa94-04c1-424b-9868-57a2d4851a1d" relativeResultsDirectory="39a16cfa-c7b4-4f4d-8ea5-32f6053dc3b7" />
    <UnitTestResult executionId="f37d07a4-3568-4a49-8cb3-9dbfda48e935" testId="b8859730-9205-8415-fcd4-b320fd8306e8" testName="Sillar.Shared.Tests.ModuleGraphTests.Un_codigo_que_no_sirve_como_schema_aborta(codigo: &quot;1catalog&quot;)" computerName="archlinux" duration="00:00:00.0000751" startTime="2026-10-03T21:30:26.7873265-05:00" endTime="2026-10-03T21:30:26.7874687-05:00" testType="13cdc9d9-ddb5-4fa4-a97d-d965ccfc6d4b" outcome="Passed" testListId="8c84fa94-04c1-424b-9868-57a2d4851a1d" relativeResultsDirectory="f37d07a4-3568-4a49-8cb3-9dbfda48e935" />
    <UnitTestResult executionId="fbe33065-6bab-481c-adf7-1ef69dace6df" testId="93f28bcf-55da-1d4b-7b32-f48e3788b8d2" testName="Sillar.Shared.Tests.ModuleGraphTests.Dos_modulos_con_el_mismo_codigo_abortan" computerName="archlinux" duration="00:00:00.0011356" startTime="2026-10-03T21:30:26.9981018-05:00" endTime="2026-10-03T21:30:26.9993989-05:00" testType="13cdc9d9-ddb5-4fa4-a97d-d965ccfc6d4b" outcome="Passed" testListId="8c84fa94-04c1-424b-9868-57a2d4851a1d" relativeResultsDirectory="fbe33065-6bab-481c-adf7-1ef69dace6df" />
    <UnitTestResult executionId="40b0b473-1dde-4dc5-8d3d-d752493faff5" testId="8a433eff-0a41-1548-3a9f-a54b7456975a" testName="Sillar.Shared.Tests.ModuleGraphTests.Un_codigo_que_no_sirve_como_schema_aborta(codigo: &quot;cata-logo&quot;)" computerName="archlinux" duration="00:00:00.1351221" startTime="2026-10-03T21:30:26.5420142-05:00" endTime="2026-10-03T21:30:26.7241167-05:00" testType="13cdc9d9-ddb5-4fa4-a97d-d965ccfc6d4b" outcome="Passed" testListId="8c84fa94-04c1-424b-9868-57a2d4851a1d" relativeResultsDirectory="40b0b473-1dde-4dc5-8d3d-d752493faff5" />
    <UnitTestResult executionId="48ba95b8-c0f1-4065-97c6-394881433470" testId="ac4595a4-a821-fd57-ad01-7dd75804bf6f" testName="Sillar.Shared.Tests.ModuleGraphTests.Un_ciclo_a_traves_de_una_dependencia_blanda_tambien_aborta" computerName="archlinux" duration="00:00:00.0084954" startTime="2026-10-03T21:30:26.9477308-05:00" endTime="2026-10-03T21:30:26.9563978-05:00" testType="13cdc9d9-ddb5-4fa4-a97d-d965ccfc6d4b" outcome="Passed" testListId="8c84fa94-04c1-424b-9868-57a2d4851a1d" relativeResultsDirectory="48ba95b8-c0f1-4065-97c6-394881433470" />
    <UnitTestResult executionId="0efffc91-f1ba-4570-a343-b3574eea0c15" testId="b0b443d1-5b18-3356-1a14-f2a90360e039" testName="Sillar.Shared.Tests.ModuleGraphTests.Un_grafo_correcto_es_valido" computerName="archlinux" duration="00:00:00.0010795" startTime="2026-10-03T21:30:27.0008650-05:00" endTime="2026-10-03T21:30:27.0021055-05:00" testType="13cdc9d9-ddb5-4fa4-a97d-d965ccfc6d4b" outcome="Passed" testListId="8c84fa94-04c1-424b-9868-57a2d4851a1d" relativeResultsDirectory="0efffc91-f1ba-4570-a343-b3574eea0c15" />
    <UnitTestResult executionId="d5049989-269e-43ea-8951-07df483094c8" testId="dcfe20ed-1a29-fb82-3d96-b24d3cd26adc" testName="Sillar.Shared.Tests.ModuleGraphTests.Una_descripcion_que_no_cabe_en_la_columna_aborta" computerName="archlinux" duration="00:00:00.0073599" startTime="2026-10-03T21:30:26.9157426-05:00" endTime="2026-10-03T21:30:26.9232745-05:00" testType="13cdc9d9-ddb5-4fa4-a97d-d965ccfc6d4b" outcome="Passed" testListId="8c84fa94-04c1-424b-9868-57a2d4851a1d" relativeResultsDirectory="d5049989-269e-43ea-8951-07df483094c8" />
    <UnitTestResult executionId="d751c53d-0e6e-4c01-a13e-939a616a17ba" testId="97c5dbc6-ca35-410a-b003-27a8abd686b1" testName="Sillar.Shared.Tests.PagingTests.La_ultima_pagina_no_tiene_siguiente" computerName="archlinux" duration="00:00:00.1160160" startTime="2026-10-03T21:30:26.5420520-05:00" endTime="2026-10-03T21:30:26.7239914-05:00" testType="13cdc9d9-ddb5-4fa4-a97d-d965ccfc6d4b" outcome="Passed" testListId="8c84fa94-04c1-424b-9868-57a2d4851a1d" relativeResultsDirectory="d751c53d-0e6e-4c01-a13e-939a616a17ba" />
    <UnitTestResult executionId="589cb266-9cbb-4e86-bfbb-d6900b7be1e9" testId="68536210-3ccf-339f-c081-a0bae768f131" testName="Sillar.Shared.Tests.PagingTests.El_total_de_paginas_redondea_hacia_arriba" computerName="archlinux" duration="00:00:00.0007203" startTime="2026-10-03T21:30:26.8268986-05:00" endTime="2026-10-03T21:30:26.8277166-05:00" testType="13cdc9d9-ddb5-4fa4-a97d-d965ccfc6d4b" outcome="Passed" testListId="8c84fa94-04c1-424b-9868-57a2d4851a1d" relativeResultsDirectory="589cb266-9cbb-4e86-bfbb-d6900b7be1e9" />
    <UnitTestResult executionId="a9b91117-7e2b-4042-9551-84dcdb8a2383" testId="d8044fd6-ef55-eafe-e2fb-7b9e9295a55b" testName="Sillar.Shared.Tests.PagingTests.Un_tamano_de_cero_o_negativo_se_lleva_al_minimo" computerName="archlinux" duration="00:00:00.0005080" startTime="2026-10-03T21:30:26.8661703-05:00" endTime="2026-10-03T21:30:26.8667803-05:00" testType="13cdc9d9-ddb5-4fa4-a97d-d965ccfc6d4b" outcome="Passed" testListId="8c84fa94-04c1-424b-9868-57a2d4851a1d" relativeResultsDirectory="a9b91117-7e2b-4042-9551-84dcdb8a2383" />
    <UnitTestResult executionId="faaeca95-6970-4d13-a904-319e6d3777a7" testId="44c2d245-0f45-6b37-6a40-169c76931e9d" testName="Sillar.Shared.Tests.ModuleGraphTests.Sin_ningun_modulo_no_se_puede_arrancar" computerName="archlinux" duration="00:00:00.0047911" startTime="2026-10-03T21:30:26.9348540-05:00" endTime="2026-10-03T21:30:26.9412255-05:00" testType="13cdc9d9-ddb5-4fa4-a97d-d965ccfc6d4b" outcome="Passed" testListId="8c84fa94-04c1-424b-9868-57a2d4851a1d" relativeResultsDirectory="faaeca95-6970-4d13-a904-319e6d3777a7" />
    <UnitTestResult executionId="2070e413-27a5-448d-9cec-e11d0104c825" testId="12cc2df7-4072-fe76-e69a-db3d62aad2d1" testName="Sillar.Shared.Tests.ModuleGraphTests.El_orden_no_depende_de_como_lleguen_los_modulos" computerName="archlinux" duration="00:00:00.0062986" startTime="2026-10-03T21:30:26.9751166-05:00" endTime="2026-10-03T21:30:26.9815670-05:00" testType="13cdc9d9-ddb5-4fa4-a97d-d965ccfc6d4b" outcome="Passed" testListId="8c84fa94-04c1-424b-9868-57a2d4851a1d" relativeResultsDirectory="2070e413-27a5-448d-9cec-e11d0104c825" />
    <UnitTestResult executionId="4f98a502-0bdb-4a7d-98e3-8c65f2fc3d83" testId="59443519-e3d6-8473-6e54-824209896f76" testName="Sillar.Shared.Tests.ModuleGraphTests.Una_dependencia_dura_hacia_un_modulo_inexistente_aborta" computerName="archlinux" duration="00:00:00.0012529" startTime="2026-10-03T21:30:26.9887293-05:00" endTime="2026-10-03T21:30:26.9901811-05:00" testType="13cdc9d9-ddb5-4fa4-a97d-d965ccfc6d4b" outcome="Passed" testListId="8c84fa94-04c1-424b-9868-57a2d4851a1d" relativeResultsDirectory="4f98a502-0bdb-4a7d-98e3-8c65f2fc3d83" />
    <UnitTestResult executionId="4c0baa68-3bf6-46d9-8056-2c0856e9fc36" testId="b1197f37-13b4-8011-6c53-87893a7268d2" testName="Sillar.Shared.Tests.ModuleGraphTests.Un_modulo_sin_descripcion_aborta(descripcion: &quot;&quot;)" computerName="archlinux" duration="00:00:00.0009918" startTime="2026-10-03T21:30:26.9922712-05:00" endTime="2026-10-03T21:30:26.9934604-05:00" testType="13cdc9d9-ddb5-4fa4-a97d-d965ccfc6d4b" outcome="Passed" testListId="8c84fa94-04c1-424b-9868-57a2d4851a1d" relativeResultsDirectory="4c0baa68-3bf6-46d9-8056-2c0856e9fc36" />
    <UnitTestResult executionId="3f6c8881-b9df-40d5-ba0b-d8ad28da4555" testId="3782fb3b-3ee0-5cf1-60b8-8a9600a94e83" testName="Sillar.Shared.Tests.ModuleGraphTests.Una_posicion_negativa_en_el_panel_aborta" computerName="archlinux" duration="00:00:00.0014111" startTime="2026-10-03T21:30:26.9721492-05:00" endTime="2026-10-03T21:30:26.9737013-05:00" testType="13cdc9d9-ddb5-4fa4-a97d-d965ccfc6d4b" outcome="Passed" testListId="8c84fa94-04c1-424b-9868-57a2d4851a1d" relativeResultsDirectory="3f6c8881-b9df-40d5-ba0b-d8ad28da4555" />
    <UnitTestResult executionId="b41bec44-2ce5-41d3-9c84-c5d75072195e" testId="1a00dd40-0eea-8390-16a3-799cc01f2e14" testName="Sillar.Shared.Tests.ModuleActivationSafetyTests.Desactivar_un_modulo_del_que_otro_activo_depende_duro_no_esta_permitido" computerName="archlinux" duration="00:00:00.0120668" startTime="2026-10-03T21:30:26.8644053-05:00" endTime="2026-10-03T21:30:26.8766235-05:00" testType="13cdc9d9-ddb5-4fa4-a97d-d965ccfc6d4b" outcome="Passed" testListId="8c84fa94-04c1-424b-9868-57a2d4851a1d" relativeResultsDirectory="b41bec44-2ce5-41d3-9c84-c5d75072195e" />
    <UnitTestResult executionId="ad4994da-701b-46dc-a272-268e46c4dd9e" testId="b0515811-2006-9b1d-9ffe-c026c6b1eb25" testName="Sillar.Shared.Tests.ModuleGraphTests.Una_version_mal_formada_aborta(version: &quot;v1.0.0&quot;)" computerName="archlinux" duration="00:00:00.0034846" startTime="2026-10-03T21:30:26.9621073-05:00" endTime="2026-10-03T21:30:26.9658266-05:00" testType="13cdc9d9-ddb5-4fa4-a97d-d965ccfc6d4b" outcome="Passed" testListId="8c84fa94-04c1-424b-9868-57a2d4851a1d" relativeResultsDirectory="ad4994da-701b-46dc-a272-268e46c4dd9e" />
    <UnitTestResult executionId="5c92e351-1191-4c51-8ee0-b06523869467" testId="8da20823-6df2-1cb7-f77d-da02bfebdd7c" testName="Sillar.Shared.Tests.ModuleGraphTests.Un_modulo_sin_descripcion_aborta(descripcion: &quot;   &quot;)" computerName="archlinux" duration="00:00:00.0008760" startTime="2026-10-03T21:30:26.9960489-05:00" endTime="2026-10-03T21:30:26.9970681-05:00" testType="13cdc9d9-ddb5-4fa4-a97d-d965ccfc6d4b" outcome="Passed" testListId="8c84fa94-04c1-424b-9868-57a2d4851a1d" relativeResultsDirectory="5c92e351-1191-4c51-8ee0-b06523869467" />
    <UnitTestResult executionId="f06ebefa-3a39-4904-bed3-32287dbf9db6" testId="ef81a0aa-892a-4bb1-1b20-0a6d896b1d42" testName="Sillar.Shared.Tests.ModuleActivationTests.Un_modulo_activo_con_su_dependencia_dura_apagada_es_un_problema" computerName="archlinux" duration="00:00:00.1183812" startTime="2026-10-03T21:30:26.8320087-05:00" endTime="2026-10-03T21:30:26.9505304-05:00" testType="13cdc9d9-ddb5-4fa4-a97d-d965ccfc6d4b" outcome="Passed" testListId="8c84fa94-04c1-424b-9868-57a2d4851a1d" relativeResultsDirectory="f06ebefa-3a39-4904-bed3-32287dbf9db6" />
    <UnitTestResult executionId="4671a896-0695-4490-afda-c2528898c367" testId="94f5a452-f888-9e47-df0b-74088622f9f7" testName="Sillar.Shared.Tests.ModuleActiveButUndeclaredTests.Un_codigo_activo_que_el_binario_no_trae_se_nombra" computerName="archlinux" duration="00:00:00.0128713" startTime="2026-10-03T21:30:26.8671344-05:00" endTime="2026-10-03T21:30:26.8801694-05:00" testType="13cdc9d9-ddb5-4fa4-a97d-d965ccfc6d4b" outcome="Passed" testListId="8c84fa94-04c1-424b-9868-57a2d4851a1d" relativeResultsDirectory="4671a896-0695-4490-afda-c2528898c367" />
    <UnitTestResult executionId="5e0eeb5d-a2d8-459c-ae4d-e4baccf583d3" testId="68bc265c-6377-17e5-58d5-1c504a28887c" testName="Sillar.Shared.Tests.ModuleGraphTests.Una_dependencia_blanda_inexistente_solo_avisa" computerName="archlinux" duration="00:00:00.0010820" startTime="2026-10-03T21:30:26.9827638-05:00" endTime="2026-10-03T21:30:26.9840412-05:00" testType="13cdc9d9-ddb5-4fa4-a97d-d965ccfc6d4b" outcome="Passed" testListId="8c84fa94-04c1-424b-9868-57a2d4851a1d" relativeResultsDirectory="5e0eeb5d-a2d8-459c-ae4d-e4baccf583d3" />
    <UnitTestResult executionId="07d3742a-955c-437f-9033-24452da62953" testId="d37e74f9-080f-6c69-48f4-cc6d2cd8ac1a" testName="Sillar.Shared.Tests.ModuleActivationTests.Con_todas_las_dependencias_duras_activas_no_hay_problema" computerName="archlinux" duration="00:00:00.0291609" startTime="2026-10-03T21:30:26.7887149-05:00" endTime="2026-10-03T21:30:26.8310252-05:00" testType="13cdc9d9-ddb5-4fa4-a97d-d965ccfc6d4b" outcome="Passed" testListId="8c84fa94-04c1-424b-9868-57a2d4851a1d" relativeResultsDirectory="07d3742a-955c-437f-9033-24452da62953" />
    <UnitTestResult executionId="e02c5b17-3b0e-4b59-8041-56831519d516" testId="a2a28616-0682-f4ad-36ed-49b699157dd3" testName="Sillar.Shared.Tests.ModuleActivationTests.Lo_que_esta_apagado_no_se_juzga" computerName="archlinux" duration="00:00:00.0004362" startTime="2026-10-03T21:30:26.9534247-05:00" endTime="2026-10-03T21:30:26.9570836-05:00" testType="13cdc9d9-ddb5-4fa4-a97d-d965ccfc6d4b" outcome="Passed" testListId="8c84fa94-04c1-424b-9868-57a2d4851a1d" relativeResultsDirectory="e02c5b17-3b0e-4b59-8041-56831519d516" />
    <UnitTestResult executionId="65b907af-1384-4729-8013-7ce52b3e6c53" testId="e7e70748-e0a9-a819-6080-ed02f4f95840" testName="Sillar.Shared.Tests.ModuleActivationSafetyTests.Activar_con_una_dependencia_dura_inactiva_no_esta_permitido" computerName="archlinux" duration="00:00:00.0126009" startTime="2026-10-03T21:30:26.8855765-05:00" endTime="2026-10-03T21:30:26.8983289-05:00" testType="13cdc9d9-ddb5-4fa4-a97d-d965ccfc6d4b" outcome="Passed" testListId="8c84fa94-04c1-424b-9868-57a2d4851a1d" relativeResultsDirectory="65b907af-1384-4729-8013-7ce52b3e6c53" />
    <UnitTestResult executionId="f5850f2a-69d5-431b-aab1-f0a972ca7e4b" testId="52c9bf4b-979e-e930-21d2-7bf6ed1d0b24" testName="Sillar.Shared.Tests.ModuleActiveButUndeclaredTests.Si_todo_lo_activo_en_la_base_esta_declarado_no_hay_problema" computerName="archlinux" duration="00:00:00.0006115" startTime="2026-10-03T21:30:26.8610451-05:00" endTime="2026-10-03T21:30:26.8618060-05:00" testType="13cdc9d9-ddb5-4fa4-a97d-d965ccfc6d4b" outcome="Passed" testListId="8c84fa94-04c1-424b-9868-57a2d4851a1d" relativeResultsDirectory="f5850f2a-69d5-431b-aab1-f0a972ca7e4b" />
    <UnitTestResult executionId="f93dcae8-598a-4b50-aafd-c5f5cd45117a" testId="0965a50e-e2d1-f990-7d9a-a1485cae9c5c" testName="Sillar.Shared.Tests.ModuleGraphTests.Declarar_la_misma_dependencia_dura_y_blanda_avisa_y_manda_la_dura" computerName="archlinux" duration="00:00:00.0037495" startTime="2026-10-03T21:30:26.9293435-05:00" endTime="2026-10-03T21:30:26.9334778-05:00" testType="13cdc9d9-ddb5-4fa4-a97d-d965ccfc6d4b" outcome="Passed" testListId="8c84fa94-04c1-424b-9868-57a2d4851a1d" relativeResultsDirectory="f93dcae8-598a-4b50-aafd-c5f5cd45117a" />
    <UnitTestResult executionId="9aeee029-93f4-4824-bb22-43f17d0d37e1" testId="78d08b58-8e7f-078b-ba83-c37ca244e85f" testName="Sillar.Shared.Tests.ModuleGraphTests.Una_version_mal_formada_aborta(version: &quot;&quot;)" computerName="archlinux" duration="00:00:00.0001477" startTime="2026-10-03T21:30:26.9702348-05:00" endTime="2026-10-03T21:30:26.9705174-05:00" testType="13cdc9d9-ddb5-4fa4-a97d-d965ccfc6d4b" outcome="Passed" testListId="8c84fa94-04c1-424b-9868-57a2d4851a1d" relativeResultsDirectory="9aeee029-93f4-4824-bb22-43f17d0d37e1" />
    <UnitTestResult executionId="2cae2145-8c87-4d54-88bf-47f1a705134b" testId="5240cc20-edff-569d-49c7-eaf48c16b3fb" testName="Sillar.Shared.Tests.PagingTests.Sin_pedir_nada_se_devuelve_la_primera_pagina_de_cincuenta" computerName="archlinux" duration="00:00:00.0005121" startTime="2026-10-03T21:30:26.8502040-05:00" endTime="2026-10-03T21:30:26.8508534-05:00" testType="13cdc9d9-ddb5-4fa4-a97d-d965ccfc6d4b" outcome="Passed" testListId="8c84fa94-04c1-424b-9868-57a2d4851a1d" relativeResultsDirectory="2cae2145-8c87-4d54-88bf-47f1a705134b" />
    <UnitTestResult executionId="afc3e4d4-8f81-4f4e-b260-e7ab1f403772" testId="1b0db285-facc-fc45-a4b7-b194de82760f" testName="Sillar.Shared.Tests.ModuleActivationSafetyTests.Ninguna_secuencia_de_operaciones_permitidas_deja_el_sistema_sin_arrancar" computerName="archlinux" duration="00:00:00.0691941" startTime="2026-10-03T21:30:26.7898793-05:00" endTime="2026-10-03T21:30:26.8591618-05:00" testType="13cdc9d9-ddb5-4fa4-a97d-d965ccfc6d4b" outcome="Passed" testListId="8c84fa94-04c1-424b-9868-57a2d4851a1d" relativeResultsDirectory="afc3e4d4-8f81-4f4e-b260-e7ab1f403772" />
    <UnitTestResult executionId="1c9d793f-d37e-4978-b152-63599073c769" testId="bea816d5-7965-172a-e09c-6311699c3fff" testName="Sillar.Shared.Tests.PagingTests.Una_pagina_por_debajo_de_uno_se_trata_como_la_primera(pedida: 0)" computerName="archlinux" duration="00:00:00.0114582" startTime="2026-10-03T21:30:26.7856381-05:00" endTime="2026-10-03T21:30:26.7972666-05:00" testType="13cdc9d9-ddb5-4fa4-a97d-d965ccfc6d4b" outcome="Passed" testListId="8c84fa94-04c1-424b-9868-57a2d4851a1d" relativeResultsDirectory="1c9d793f-d37e-4978-b152-63599073c769" />
    <UnitTestResult executionId="8af737bf-4796-47b2-815e-a728cd53b7ba" testId="897e1a2f-1fbc-6666-3981-9a607e9c2bea" testName="Sillar.Shared.Tests.ModuleActivationTests.Una_dependencia_blanda_apagada_no_es_un_problema" computerName="archlinux" duration="00:00:00.0042762" startTime="2026-10-03T21:30:26.9588624-05:00" endTime="2026-10-03T21:30:26.9672532-05:00" testType="13cdc9d9-ddb5-4fa4-a97d-d965ccfc6d4b" outcome="Passed" testListId="8c84fa94-04c1-424b-9868-57a2d4851a1d" relativeResultsDirectory="8af737bf-4796-47b2-815e-a728cd53b7ba" />
    <UnitTestResult executionId="c2b23407-506b-49cf-b92d-fc90b68de602" testId="10e0b6fb-6e9d-d7b0-2f79-7a715ec05845" testName="Sillar.Shared.Tests.ModuleActivationSafetyTests.Activar_con_las_dependencias_duras_activas_si_esta_permitido" computerName="archlinux" duration="00:00:00.0004818" startTime="2026-10-03T21:30:26.8601192-05:00" endTime="2026-10-03T21:30:26.8607222-05:00" testType="13cdc9d9-ddb5-4fa4-a97d-d965ccfc6d4b" outcome="Passed" testListId="8c84fa94-04c1-424b-9868-57a2d4851a1d" relativeResultsDirectory="c2b23407-506b-49cf-b92d-fc90b68de602" />
    <UnitTestResult executionId="3b9c321c-c3af-4591-8993-153abfb7e947" testId="2f61a5d3-b229-ac57-7f79-9bb245aa06f9" testName="Sillar.Shared.Tests.ModuleActivationSafetyTests.Una_dependencia_blanda_inactiva_no_impide_activar" computerName="archlinux" duration="00:00:00.0047276" startTime="2026-10-03T21:30:26.9194151-05:00" endTime="2026-10-03T21:30:26.9242898-05:00" testType="13cdc9d9-ddb5-4fa4-a97d-d965ccfc6d4b" outcome="Passed" testListId="8c84fa94-04c1-424b-9868-57a2d4851a1d" relativeResultsDirectory="3b9c321c-c3af-4591-8993-153abfb7e947" />
    <UnitTestResult executionId="ac035ded-a9b9-4dd1-a71a-029fc095a41d" testId="4e3c92d7-4031-a1e8-2541-d6c846a63e24" testName="Sillar.Shared.Tests.PagingTests.Sin_resultados_no_hay_paginas_ni_siguiente" computerName="archlinux" duration="00:00:00.0005482" startTime="2026-10-03T21:30:26.8707954-05:00" endTime="2026-10-03T21:30:26.8714545-05:00" testType="13cdc9d9-ddb5-4fa4-a97d-d965ccfc6d4b" outcome="Passed" testListId="8c84fa94-04c1-424b-9868-57a2d4851a1d" relativeResultsDirectory="ac035ded-a9b9-4dd1-a71a-029fc095a41d" />
    <UnitTestResult executionId="00b25e00-7a87-47d7-84d6-b7084386d808" testId="98b8381d-aa05-770b-25a1-0ee936632906" testName="Sillar.Shared.Tests.ModuleActivationSafetyTests.Una_dependencia_blanda_no_impide_desactivar_al_otro" computerName="archlinux" duration="00:00:00.0070468" startTime="2026-10-03T21:30:26.8997507-05:00" endTime="2026-10-03T21:30:26.9069886-05:00" testType="13cdc9d9-ddb5-4fa4-a97d-d965ccfc6d4b" outcome="Passed" testListId="8c84fa94-04c1-424b-9868-57a2d4851a1d" relativeResultsDirectory="00b25e00-7a87-47d7-84d6-b7084386d808" />
    <UnitTestResult executionId="14b46e3f-3d17-483f-ad73-7b1a1a60a7f7" testId="81ebc2f9-29ef-bba7-9397-a8f1ca3136bb" testName="Sillar.Shared.Tests.ModuleGraphTests.Un_codigo_que_no_sirve_como_schema_aborta(codigo: &quot;c&quot;)" computerName="archlinux" duration="00:00:00.0000787" startTime="2026-10-03T21:30:26.7988414-05:00" endTime="2026-10-03T21:30:26.7990162-05:00" testType="13cdc9d9-ddb5-4fa4-a97d-d965ccfc6d4b" outcome="Passed" testListId="8c84fa94-04c1-424b-9868-57a2d4851a1d" relativeResultsDirectory="14b46e3f-3d17-483f-ad73-7b1a1a60a7f7" />
    <UnitTestResult executionId="580a1e9a-738a-445d-b3f0-feac29ce71a9" testId="04837b08-f478-981f-c9f9-7932546ce824" testName="Sillar.Shared.Tests.ModuleGraphTests.Un_nombre_visible_vacio_aborta" computerName="archlinux" duration="00:00:00.0012024" startTime="2026-10-03T21:30:27.0074233-05:00" endTime="2026-10-03T21:30:27.0088163-05:00" testType="13cdc9d9-ddb5-4fa4-a97d-d965ccfc6d4b" outcome="Passed" testListId="8c84fa94-04c1-424b-9868-57a2d4851a1d" relativeResultsDirectory="580a1e9a-738a-445d-b3f0-feac29ce71a9" />
    <UnitTestResult executionId="3b626f11-717c-4e66-9743-00b43b86d1cb" testId="d467bf78-a629-0aff-b47e-49b55ed8f267" testName="Sillar.Shared.Tests.ModuleGraphTests.Un_codigo_que_no_sirve_como_schema_aborta(codigo: &quot;&quot;)" computerName="archlinux" duration="00:00:00.0006793" startTime="2026-10-03T21:30:26.7719789-05:00" endTime="2026-10-03T21:30:26.7727581-05:00" testType="13cdc9d9-ddb5-4fa4-a97d-d965ccfc6d4b" outcome="Passed" testListId="8c84fa94-04c1-424b-9868-57a2d4851a1d" relativeResultsDirectory="3b626f11-717c-4e66-9743-00b43b86d1cb" />
    <UnitTestResult executionId="470e2eef-a001-4611-98fc-b691d501e777" testId="8881ef95-2e1f-3540-310c-de8c6ff458e7" testName="Sillar.Shared.Tests.ModuleActiveButUndeclaredTests.Se_nombran_todos_los_que_faltan_no_solo_el_primero" computerName="archlinux" duration="00:00:00.2501931" startTime="2026-10-03T21:30:26.5420328-05:00" endTime="2026-10-03T21:30:26.8333042-05:00" testType="13cdc9d9-ddb5-4fa4-a97d-d965ccfc6d4b" outcome="Passed" testListId="8c84fa94-04c1-424b-9868-57a2d4851a1d" relativeResultsDirectory="470e2eef-a001-4611-98fc-b691d501e777" />
    <UnitTestResult executionId="9dd4ec65-3b1f-46ee-9d70-cff96a3f5a9e" testId="ccce94a3-36a5-4767-e0e7-4da062b73f88" testName="Sillar.Shared.Tests.ModuleGraphTests.Una_version_mal_formada_aborta(version: &quot;1.0&quot;)" computerName="archlinux" duration="00:00:00.0007942" startTime="2026-10-03T21:30:26.9682340-05:00" endTime="2026-10-03T21:30:26.9691943-05:00" testType="13cdc9d9-ddb5-4fa4-a97d-d965ccfc6d4b" outcome="Passed" testListId="8c84fa94-04c1-424b-9868-57a2d4851a1d" relativeResultsDirectory="9dd4ec65-3b1f-46ee-9d70-cff96a3f5a9e" />
    <UnitTestResult executionId="7ee32469-432e-40db-affe-c978382b0e3f" testId="736b37b7-cacf-0607-5289-a85dc6ae5d18" testName="Sillar.Shared.Tests.ModuleActivationSafetyTests.Desactivar_CORE_dejaria_a_todos_los_activos_sin_su_dependencia_dura" computerName="archlinux" duration="00:00:00.1145887" startTime="2026-10-03T21:30:26.5420672-05:00" endTime="2026-10-03T21:30:26.7226672-05:00" testType="13cdc9d9-ddb5-4fa4-a97d-d965ccfc6d4b" outcome="Passed" testListId="8c84fa94-04c1-424b-9868-57a2d4851a1d" relativeResultsDirectory="7ee32469-432e-40db-affe-c978382b0e3f" />
    <UnitTestResult executionId="786fff38-4a4e-42bf-a241-e03a097c94f2" testId="1319230a-6437-d2cf-666c-31ddd7692db5" testName="Sillar.Shared.Tests.PagingTests.Una_pagina_por_debajo_de_uno_se_trata_como_la_primera(pedida: -3)" computerName="archlinux" duration="00:00:00.0004762" startTime="2026-10-03T21:30:26.8070761-05:00" endTime="2026-10-03T21:30:26.8076613-05:00" testType="13cdc9d9-ddb5-4fa4-a97d-d965ccfc6d4b" outcome="Passed" testListId="8c84fa94-04c1-424b-9868-57a2d4851a1d" relativeResultsDirectory="786fff38-4a4e-42bf-a241-e03a097c94f2" />
    <UnitTestResult executionId="24294913-2014-4da3-b332-ebf6ed4fd9a1" testId="488ccede-2195-cf9d-1c41-dfb7e2c92386" testName="Sillar.Shared.Tests.ModuleActivationSafetyTests.Desactivar_en_orden_inverso_a_las_dependencias_si_esta_permitido" computerName="archlinux" duration="00:00:00.0016825" startTime="2026-10-03T21:30:26.9160147-05:00" endTime="2026-10-03T21:30:26.9178392-05:00" testType="13cdc9d9-ddb5-4fa4-a97d-d965ccfc6d4b" outcome="Passed" testListId="8c84fa94-04c1-424b-9868-57a2d4851a1d" relativeResultsDirectory="24294913-2014-4da3-b332-ebf6ed4fd9a1" />
    <UnitTestResult executionId="85550d3e-4127-46a2-9ef9-43cb5fb56d8a" testId="cfa60d82-97a8-e5fe-b46e-daaf6fa9a6e1" testName="Sillar.Shared.Tests.ModuleGraphTests.Un_ciclo_aborta_e_indica_el_camino" computerName="archlinux" duration="00:00:00.0024011" startTime="2026-10-03T21:30:27.0032558-05:00" endTime="2026-10-03T21:30:27.0057771-05:00" testType="13cdc9d9-ddb5-4fa4-a97d-d965ccfc6d4b" outcome="Passed" testListId="8c84fa94-04c1-424b-9868-57a2d4851a1d" relativeResultsDirectory="85550d3e-4127-46a2-9ef9-43cb5fb56d8a" />
    <UnitTestResult executionId="7026f96b-aeee-4400-9de5-d8aada362b9d" testId="36c08052-21fb-fb3f-5666-dd1ef9abb299" testName="Sillar.Shared.Tests.ModuleActivationTests.Se_reportan_todas_las_dependencias_que_faltan_no_solo_la_primera" computerName="archlinux" duration="00:00:00.1245468" startTime="2026-10-03T21:30:26.5418474-05:00" endTime="2026-10-03T21:30:26.7241336-05:00" testType="13cdc9d9-ddb5-4fa4-a97d-d965ccfc6d4b" outcome="Passed" testListId="8c84fa94-04c1-424b-9868-57a2d4851a1d" relativeResultsDirectory="7026f96b-aeee-4400-9de5-d8aada362b9d" />
    <UnitTestResult executionId="e2d743ef-5268-4793-bf56-8cf0bc83cf63" testId="590d9aa4-f46d-c561-144d-fba1f483dde5" testName="Sillar.Shared.Tests.ModuleActiveButUndeclaredTests.Lo_inactivo_y_ausente_no_es_un_problema" computerName="archlinux" duration="00:00:00.0248109" startTime="2026-10-03T21:30:26.8342539-05:00" endTime="2026-10-03T21:30:26.8591618-05:00" testType="13cdc9d9-ddb5-4fa4-a97d-d965ccfc6d4b" outcome="Passed" testListId="8c84fa94-04c1-424b-9868-57a2d4851a1d" relativeResultsDirectory="e2d743ef-5268-4793-bf56-8cf0bc83cf63" />
    <UnitTestResult executionId="aed14729-6c70-414d-9f41-aff12146d419" testId="3822b417-8217-1330-ebc7-23c1f17c1f5d" testName="Sillar.Shared.Tests.ModuleActiveButUndeclaredTests.Sin_ningun_codigo_activo_no_hay_nada_que_reportar" computerName="archlinux" duration="00:00:00.0111030" startTime="2026-10-03T21:30:26.8814428-05:00" endTime="2026-10-03T21:30:26.8927042-05:00" testType="13cdc9d9-ddb5-4fa4-a97d-d965ccfc6d4b" outcome="Passed" testListId="8c84fa94-04c1-424b-9868-57a2d4851a1d" relativeResultsDirectory="aed14729-6c70-414d-9f41-aff12146d419" />
    <UnitTestResult executionId="d94275c7-339c-401e-a0ad-bc604ffff954" testId="6d6a9c16-62d6-bc5c-dc66-749a867666e6" testName="Sillar.Shared.Tests.ModuleGraphTests.El_orden_deja_cada_modulo_detras_de_sus_dependencias" computerName="archlinux" duration="00:00:00.0772698" startTime="2026-10-03T21:30:26.8369019-05:00" endTime="2026-10-03T21:30:26.9142894-05:00" testType="13cdc9d9-ddb5-4fa4-a97d-d965ccfc6d4b" outcome="Passed" testListId="8c84fa94-04c1-424b-9868-57a2d4851a1d" relativeResultsDirectory="d94275c7-339c-401e-a0ad-bc604ffff954" />
    <UnitTestResult executionId="f35c8efa-27bf-4ff4-93ba-e1e6a1877d04" testId="e4f97c39-115a-8132-9f74-15dd134bfc1a" testName="Sillar.Shared.Tests.ModuleGraphTests.Un_modulo_que_no_declara_CORE_aborta" computerName="archlinux" duration="00:00:00.0010902" startTime="2026-10-03T21:30:27.0102860-05:00" endTime="2026-10-03T21:30:27.0115521-05:00" testType="13cdc9d9-ddb5-4fa4-a97d-d965ccfc6d4b" outcome="Passed" testListId="8c84fa94-04c1-424b-9868-57a2d4851a1d" relativeResultsDirectory="f35c8efa-27bf-4ff4-93ba-e1e6a1877d04" />
    <UnitTestResult executionId="24a69a0b-403c-45dd-8a68-fb16d43c4635" testId="fc9bf48e-3821-a5da-088c-6b572082bb29" testName="Sillar.Shared.Tests.ModuleGraphTests.Un_modulo_que_depende_de_si_mismo_aborta" computerName="archlinux" duration="00:00:00.0009629" startTime="2026-10-03T21:30:26.9855967-05:00" endTime="2026-10-03T21:30:26.9867132-05:00" testType="13cdc9d9-ddb5-4fa4-a97d-d965ccfc6d4b" outcome="Passed" testListId="8c84fa94-04c1-424b-9868-57a2d4851a1d" relativeResultsDirectory="24a69a0b-403c-45dd-8a68-fb16d43c4635" />
    <UnitTestResult executionId="4f9ba752-206c-422d-abc5-225f57a60e81" testId="cec57de5-0193-5644-f9c6-d015f7bfb1d6" testName="Sillar.Shared.Tests.ModuleGraphTests.Un_codigo_que_no_sirve_como_schema_aborta(codigo: &quot;Catalog&quot;)" computerName="archlinux" duration="00:00:00.0000920" startTime="2026-10-03T21:30:26.7981096-05:00" endTime="2026-10-03T21:30:26.7982806-05:00" testType="13cdc9d9-ddb5-4fa4-a97d-d965ccfc6d4b" outcome="Passed" testListId="8c84fa94-04c1-424b-9868-57a2d4851a1d" relativeResultsDirectory="4f9ba752-206c-422d-abc5-225f57a60e81" />
    <UnitTestResult executionId="878d74e7-8442-4ba8-9b46-cac4de559d7f" testId="550abe88-116b-48d6-b766-0782b689b6fd" testName="Sillar.Shared.Tests.ModuleGraphTests.Un_codigo_que_no_sirve_como_schema_aborta(codigo: &quot;catalogo_con_un_nombre_larguisimo_que_pasa_de_cuar&quot;···)" computerName="archlinux" duration="00:00:00.0000961" startTime="2026-10-03T21:30:26.7865905-05:00" endTime="2026-10-03T21:30:26.7867552-05:00" testType="13cdc9d9-ddb5-4fa4-a97d-d965ccfc6d4b" outcome="Passed" testListId="8c84fa94-04c1-424b-9868-57a2d4851a1d" relativeResultsDirectory="878d74e7-8442-4ba8-9b46-cac4de559d7f" />
    <UnitTestResult executionId="b8678fbb-0c91-4275-acac-26d7e954caa9" testId="6b8fd69c-6025-42c6-d04d-28eca2cbd6e1" testName="Sillar.Shared.Tests.PagingTests.El_salto_corresponde_a_la_pagina_pedida" computerName="archlinux" duration="00:00:00.0173925" startTime="2026-10-03T21:30:26.8085840-05:00" endTime="2026-10-03T21:30:26.8260580-05:00" testType="13cdc9d9-ddb5-4fa4-a97d-d965ccfc6d4b" outcome="Passed" testListId="8c84fa94-04c1-424b-9868-57a2d4851a1d" relativeResultsDirectory="b8678fbb-0c91-4275-acac-26d7e954caa9" />
  </Results>
  <TestDefinitions>
    <UnitTest name="Sillar.Shared.Tests.ModuleGraphTests.Un_modulo_sin_descripcion_aborta(descripcion: &quot;   &quot;)" storage="/home/jp777/sillar-qa-m04/backend/sillar.shared.tests/bin/debug/net10.0/sillar.shared.tests.dll" id="8da20823-6df2-1cb7-f77d-da02bfebdd7c">
      <Execution id="5c92e351-1191-4c51-8ee0-b06523869467" />
      <TestMethod codeBase="/home/JP777/sillar-qa-m04/backend/Sillar.Shared.Tests/bin/Debug/net10.0/Sillar.Shared.Tests.dll" adapterTypeName="executor://xunit/VsTestRunner3/netcore/" className="Sillar.Shared.Tests.ModuleGraphTests" name="Un_modulo_sin_descripcion_aborta" />
    </UnitTest>
    <UnitTest name="Sillar.Shared.Tests.ModuleGraphTests.Un_codigo_que_no_sirve_como_schema_aborta(codigo: &quot;&quot;)" storage="/home/jp777/sillar-qa-m04/backend/sillar.shared.tests/bin/debug/net10.0/sillar.shared.tests.dll" id="d467bf78-a629-0aff-b47e-49b55ed8f267">
      <Execution id="3b626f11-717c-4e66-9743-00b43b86d1cb" />
      <TestMethod codeBase="/home/JP777/sillar-qa-m04/backend/Sillar.Shared.Tests/bin/Debug/net10.0/Sillar.Shared.Tests.dll" adapterTypeName="executor://xunit/VsTestRunner3/netcore/" className="Sillar.Shared.Tests.ModuleGraphTests" name="Un_codigo_que_no_sirve_como_schema_aborta" />
    </UnitTest>
    <UnitTest name="Sillar.Shared.Tests.ModuleActivationTests.Con_todas_las_dependencias_duras_activas_no_hay_problema" storage="/home/jp777/sillar-qa-m04/backend/sillar.shared.tests/bin/debug/net10.0/sillar.shared.tests.dll" id="d37e74f9-080f-6c69-48f4-cc6d2cd8ac1a">
      <Execution id="07d3742a-955c-437f-9033-24452da62953" />
      <TestMethod codeBase="/home/JP777/sillar-qa-m04/backend/Sillar.Shared.Tests/bin/Debug/net10.0/Sillar.Shared.Tests.dll" adapterTypeName="executor://xunit/VsTestRunner3/netcore/" className="Sillar.Shared.Tests.ModuleActivationTests" name="Con_todas_las_dependencias_duras_activas_no_hay_problema" />
    </UnitTest>
    <UnitTest name="Sillar.Shared.Tests.ModuleActiveButUndeclaredTests.Si_todo_lo_activo_en_la_base_esta_declarado_no_hay_problema" storage="/home/jp777/sillar-qa-m04/backend/sillar.shared.tests/bin/debug/net10.0/sillar.shared.tests.dll" id="52c9bf4b-979e-e930-21d2-7bf6ed1d0b24">
      <Execution id="f5850f2a-69d5-431b-aab1-f0a972ca7e4b" />
      <TestMethod codeBase="/home/JP777/sillar-qa-m04/backend/Sillar.Shared.Tests/bin/Debug/net10.0/Sillar.Shared.Tests.dll" adapterTypeName="executor://xunit/VsTestRunner3/netcore/" className="Sillar.Shared.Tests.ModuleActiveButUndeclaredTests" name="Si_todo_lo_activo_en_la_base_esta_declarado_no_hay_problema" />
    </UnitTest>
    <UnitTest name="Sillar.Shared.Tests.ModuleActivationSafetyTests.Activar_con_las_dependencias_duras_activas_si_esta_permitido" storage="/home/jp777/sillar-qa-m04/backend/sillar.shared.tests/bin/debug/net10.0/sillar.shared.tests.dll" id="10e0b6fb-6e9d-d7b0-2f79-7a715ec05845">
      <Execution id="c2b23407-506b-49cf-b92d-fc90b68de602" />
      <TestMethod codeBase="/home/JP777/sillar-qa-m04/backend/Sillar.Shared.Tests/bin/Debug/net10.0/Sillar.Shared.Tests.dll" adapterTypeName="executor://xunit/VsTestRunner3/netcore/" className="Sillar.Shared.Tests.ModuleActivationSafetyTests" name="Activar_con_las_dependencias_duras_activas_si_esta_permitido" />
    </UnitTest>
    <UnitTest name="Sillar.Shared.Tests.ModuleActivationSafetyTests.Activar_con_una_dependencia_dura_inactiva_no_esta_permitido" storage="/home/jp777/sillar-qa-m04/backend/sillar.shared.tests/bin/debug/net10.0/sillar.shared.tests.dll" id="e7e70748-e0a9-a819-6080-ed02f4f95840">
      <Execution id="65b907af-1384-4729-8013-7ce52b3e6c53" />
      <TestMethod codeBase="/home/JP777/sillar-qa-m04/backend/Sillar.Shared.Tests/bin/Debug/net10.0/Sillar.Shared.Tests.dll" adapterTypeName="executor://xunit/VsTestRunner3/netcore/" className="Sillar.Shared.Tests.ModuleActivationSafetyTests" name="Activar_con_una_dependencia_dura_inactiva_no_esta_permitido" />
    </UnitTest>
    <UnitTest name="Sillar.Shared.Tests.PagingTests.El_total_de_paginas_redondea_hacia_arriba" storage="/home/jp777/sillar-qa-m04/backend/sillar.shared.tests/bin/debug/net10.0/sillar.shared.tests.dll" id="68536210-3ccf-339f-c081-a0bae768f131">
      <Execution id="589cb266-9cbb-4e86-bfbb-d6900b7be1e9" />
      <TestMethod codeBase="/home/JP777/sillar-qa-m04/backend/Sillar.Shared.Tests/bin/Debug/net10.0/Sillar.Shared.Tests.dll" adapterTypeName="executor://xunit/VsTestRunner3/netcore/" className="Sillar.Shared.Tests.PagingTests" name="El_total_de_paginas_redondea_hacia_arriba" />
    </UnitTest>
    <UnitTest name="Sillar.Shared.Tests.PagingTests.Una_pagina_por_debajo_de_uno_se_trata_como_la_primera(pedida: 0)" storage="/home/jp777/sillar-qa-m04/backend/sillar.shared.tests/bin/debug/net10.0/sillar.shared.tests.dll" id="bea816d5-7965-172a-e09c-6311699c3fff">
      <Execution id="1c9d793f-d37e-4978-b152-63599073c769" />
      <TestMethod codeBase="/home/JP777/sillar-qa-m04/backend/Sillar.Shared.Tests/bin/Debug/net10.0/Sillar.Shared.Tests.dll" adapterTypeName="executor://xunit/VsTestRunner3/netcore/" className="Sillar.Shared.Tests.PagingTests" name="Una_pagina_por_debajo_de_uno_se_trata_como_la_primera" />
    </UnitTest>
    <UnitTest name="Sillar.Shared.Tests.ModuleActivationSafetyTests.Una_dependencia_blanda_no_impide_desactivar_al_otro" storage="/home/jp777/sillar-qa-m04/backend/sillar.shared.tests/bin/debug/net10.0/sillar.shared.tests.dll" id="98b8381d-aa05-770b-25a1-0ee936632906">
      <Execution id="00b25e00-7a87-47d7-84d6-b7084386d808" />
      <TestMethod codeBase="/home/JP777/sillar-qa-m04/backend/Sillar.Shared.Tests/bin/Debug/net10.0/Sillar.Shared.Tests.dll" adapterTypeName="executor://xunit/VsTestRunner3/netcore/" className="Sillar.Shared.Tests.ModuleActivationSafetyTests" name="Una_dependencia_blanda_no_impide_desactivar_al_otro" />
    </UnitTest>
    <UnitTest name="Sillar.Shared.Tests.ModuleGraphTests.Una_version_mal_formada_aborta(version: &quot;v1.0.0&quot;)" storage="/home/jp777/sillar-qa-m04/backend/sillar.shared.tests/bin/debug/net10.0/sillar.shared.tests.dll" id="b0515811-2006-9b1d-9ffe-c026c6b1eb25">
      <Execution id="ad4994da-701b-46dc-a272-268e46c4dd9e" />
      <TestMethod codeBase="/home/JP777/sillar-qa-m04/backend/Sillar.Shared.Tests/bin/Debug/net10.0/Sillar.Shared.Tests.dll" adapterTypeName="executor://xunit/VsTestRunner3/netcore/" className="Sillar.Shared.Tests.ModuleGraphTests" name="Una_version_mal_formada_aborta" />
    </UnitTest>
    <UnitTest name="Sillar.Shared.Tests.PagingTests.El_salto_corresponde_a_la_pagina_pedida" storage="/home/jp777/sillar-qa-m04/backend/sillar.shared.tests/bin/debug/net10.0/sillar.shared.tests.dll" id="6b8fd69c-6025-42c6-d04d-28eca2cbd6e1">
      <Execution id="b8678fbb-0c91-4275-acac-26d7e954caa9" />
      <TestMethod codeBase="/home/JP777/sillar-qa-m04/backend/Sillar.Shared.Tests/bin/Debug/net10.0/Sillar.Shared.Tests.dll" adapterTypeName="executor://xunit/VsTestRunner3/netcore/" className="Sillar.Shared.Tests.PagingTests" name="El_salto_corresponde_a_la_pagina_pedida" />
    </UnitTest>
    <UnitTest name="Sillar.Shared.Tests.ModuleGraphTests.Una_posicion_negativa_en_el_panel_aborta" storage="/home/jp777/sillar-qa-m04/backend/sillar.shared.tests/bin/debug/net10.0/sillar.shared.tests.dll" id="3782fb3b-3ee0-5cf1-60b8-8a9600a94e83">
      <Execution id="3f6c8881-b9df-40d5-ba0b-d8ad28da4555" />
      <TestMethod codeBase="/home/JP777/sillar-qa-m04/backend/Sillar.Shared.Tests/bin/Debug/net10.0/Sillar.Shared.Tests.dll" adapterTypeName="executor://xunit/VsTestRunner3/netcore/" className="Sillar.Shared.Tests.ModuleGraphTests" name="Una_posicion_negativa_en_el_panel_aborta" />
    </UnitTest>
    <UnitTest name="Sillar.Shared.Tests.ModuleGraphTests.Un_nombre_visible_vacio_aborta" storage="/home/jp777/sillar-qa-m04/backend/sillar.shared.tests/bin/debug/net10.0/sillar.shared.tests.dll" id="04837b08-f478-981f-c9f9-7932546ce824">
      <Execution id="580a1e9a-738a-445d-b3f0-feac29ce71a9" />
      <TestMethod codeBase="/home/JP777/sillar-qa-m04/backend/Sillar.Shared.Tests/bin/Debug/net10.0/Sillar.Shared.Tests.dll" adapterTypeName="executor://xunit/VsTestRunner3/netcore/" className="Sillar.Shared.Tests.ModuleGraphTests" name="Un_nombre_visible_vacio_aborta" />
    </UnitTest>
    <UnitTest name="Sillar.Shared.Tests.ModuleGraphTests.Declarar_la_misma_dependencia_dura_y_blanda_avisa_y_manda_la_dura" storage="/home/jp777/sillar-qa-m04/backend/sillar.shared.tests/bin/debug/net10.0/sillar.shared.tests.dll" id="0965a50e-e2d1-f990-7d9a-a1485cae9c5c">
      <Execution id="f93dcae8-598a-4b50-aafd-c5f5cd45117a" />
      <TestMethod codeBase="/home/JP777/sillar-qa-m04/backend/Sillar.Shared.Tests/bin/Debug/net10.0/Sillar.Shared.Tests.dll" adapterTypeName="executor://xunit/VsTestRunner3/netcore/" className="Sillar.Shared.Tests.ModuleGraphTests" name="Declarar_la_misma_dependencia_dura_y_blanda_avisa_y_manda_la_dura" />
    </UnitTest>
    <UnitTest name="Sillar.Shared.Tests.ModuleActivationSafetyTests.Desactivar_un_modulo_del_que_otro_activo_depende_duro_no_esta_permitido" storage="/home/jp777/sillar-qa-m04/backend/sillar.shared.tests/bin/debug/net10.0/sillar.shared.tests.dll" id="1a00dd40-0eea-8390-16a3-799cc01f2e14">
      <Execution id="b41bec44-2ce5-41d3-9c84-c5d75072195e" />
      <TestMethod codeBase="/home/JP777/sillar-qa-m04/backend/Sillar.Shared.Tests/bin/Debug/net10.0/Sillar.Shared.Tests.dll" adapterTypeName="executor://xunit/VsTestRunner3/netcore/" className="Sillar.Shared.Tests.ModuleActivationSafetyTests" name="Desactivar_un_modulo_del_que_otro_activo_depende_duro_no_esta_permitido" />
    </UnitTest>
    <UnitTest name="Sillar.Shared.Tests.ModuleActivationTests.Se_reportan_todas_las_dependencias_que_faltan_no_solo_la_primera" storage="/home/jp777/sillar-qa-m04/backend/sillar.shared.tests/bin/debug/net10.0/sillar.shared.tests.dll" id="36c08052-21fb-fb3f-5666-dd1ef9abb299">
      <Execution id="7026f96b-aeee-4400-9de5-d8aada362b9d" />
      <TestMethod codeBase="/home/JP777/sillar-qa-m04/backend/Sillar.Shared.Tests/bin/Debug/net10.0/Sillar.Shared.Tests.dll" adapterTypeName="executor://xunit/VsTestRunner3/netcore/" className="Sillar.Shared.Tests.ModuleActivationTests" name="Se_reportan_todas_las_dependencias_que_faltan_no_solo_la_primera" />
    </UnitTest>
    <UnitTest name="Sillar.Shared.Tests.PagingTests.Sin_pedir_nada_se_devuelve_la_primera_pagina_de_cincuenta" storage="/home/jp777/sillar-qa-m04/backend/sillar.shared.tests/bin/debug/net10.0/sillar.shared.tests.dll" id="5240cc20-edff-569d-49c7-eaf48c16b3fb">
      <Execution id="2cae2145-8c87-4d54-88bf-47f1a705134b" />
      <TestMethod codeBase="/home/JP777/sillar-qa-m04/backend/Sillar.Shared.Tests/bin/Debug/net10.0/Sillar.Shared.Tests.dll" adapterTypeName="executor://xunit/VsTestRunner3/netcore/" className="Sillar.Shared.Tests.PagingTests" name="Sin_pedir_nada_se_devuelve_la_primera_pagina_de_cincuenta" />
    </UnitTest>
    <UnitTest name="Sillar.Shared.Tests.ModuleActivationTests.Una_dependencia_blanda_apagada_no_es_un_problema" storage="/home/jp777/sillar-qa-m04/backend/sillar.shared.tests/bin/debug/net10.0/sillar.shared.tests.dll" id="897e1a2f-1fbc-6666-3981-9a607e9c2bea">
      <Execution id="8af737bf-4796-47b2-815e-a728cd53b7ba" />
      <TestMethod codeBase="/home/JP777/sillar-qa-m04/backend/Sillar.Shared.Tests/bin/Debug/net10.0/Sillar.Shared.Tests.dll" adapterTypeName="executor://xunit/VsTestRunner3/netcore/" className="Sillar.Shared.Tests.ModuleActivationTests" name="Una_dependencia_blanda_apagada_no_es_un_problema" />
    </UnitTest>
    <UnitTest name="Sillar.Shared.Tests.ModuleGraphTests.Un_grafo_correcto_es_valido" storage="/home/jp777/sillar-qa-m04/backend/sillar.shared.tests/bin/debug/net10.0/sillar.shared.tests.dll" id="b0b443d1-5b18-3356-1a14-f2a90360e039">
      <Execution id="0efffc91-f1ba-4570-a343-b3574eea0c15" />
      <TestMethod codeBase="/home/JP777/sillar-qa-m04/backend/Sillar.Shared.Tests/bin/Debug/net10.0/Sillar.Shared.Tests.dll" adapterTypeName="executor://xunit/VsTestRunner3/netcore/" className="Sillar.Shared.Tests.ModuleGraphTests" name="Un_grafo_correcto_es_valido" />
    </UnitTest>
    <UnitTest name="Sillar.Shared.Tests.PagingTests.Sin_resultados_no_hay_paginas_ni_siguiente" storage="/home/jp777/sillar-qa-m04/backend/sillar.shared.tests/bin/debug/net10.0/sillar.shared.tests.dll" id="4e3c92d7-4031-a1e8-2541-d6c846a63e24">
      <Execution id="ac035ded-a9b9-4dd1-a71a-029fc095a41d" />
      <TestMethod codeBase="/home/JP777/sillar-qa-m04/backend/Sillar.Shared.Tests/bin/Debug/net10.0/Sillar.Shared.Tests.dll" adapterTypeName="executor://xunit/VsTestRunner3/netcore/" className="Sillar.Shared.Tests.PagingTests" name="Sin_resultados_no_hay_paginas_ni_siguiente" />
    </UnitTest>
    <UnitTest name="Sillar.Shared.Tests.ModuleGraphTests.Sin_ningun_modulo_no_se_puede_arrancar" storage="/home/jp777/sillar-qa-m04/backend/sillar.shared.tests/bin/debug/net10.0/sillar.shared.tests.dll" id="44c2d245-0f45-6b37-6a40-169c76931e9d">
      <Execution id="faaeca95-6970-4d13-a904-319e6d3777a7" />
      <TestMethod codeBase="/home/JP777/sillar-qa-m04/backend/Sillar.Shared.Tests/bin/Debug/net10.0/Sillar.Shared.Tests.dll" adapterTypeName="executor://xunit/VsTestRunner3/netcore/" className="Sillar.Shared.Tests.ModuleGraphTests" name="Sin_ningun_modulo_no_se_puede_arrancar" />
    </UnitTest>
    <UnitTest name="Sillar.Shared.Tests.ModuleGraphTests.El_orden_deja_cada_modulo_detras_de_sus_dependencias" storage="/home/jp777/sillar-qa-m04/backend/sillar.shared.tests/bin/debug/net10.0/sillar.shared.tests.dll" id="6d6a9c16-62d6-bc5c-dc66-749a867666e6">
      <Execution id="d94275c7-339c-401e-a0ad-bc604ffff954" />
      <TestMethod codeBase="/home/JP777/sillar-qa-m04/backend/Sillar.Shared.Tests/bin/Debug/net10.0/Sillar.Shared.Tests.dll" adapterTypeName="executor://xunit/VsTestRunner3/netcore/" className="Sillar.Shared.Tests.ModuleGraphTests" name="El_orden_deja_cada_modulo_detras_de_sus_dependencias" />
    </UnitTest>
    <UnitTest name="Sillar.Shared.Tests.ModuleGraphTests.Una_dependencia_dura_hacia_un_modulo_inexistente_aborta" storage="/home/jp777/sillar-qa-m04/backend/sillar.shared.tests/bin/debug/net10.0/sillar.shared.tests.dll" id="59443519-e3d6-8473-6e54-824209896f76">
      <Execution id="4f98a502-0bdb-4a7d-98e3-8c65f2fc3d83" />
      <TestMethod codeBase="/home/JP777/sillar-qa-m04/backend/Sillar.Shared.Tests/bin/Debug/net10.0/Sillar.Shared.Tests.dll" adapterTypeName="executor://xunit/VsTestRunner3/netcore/" className="Sillar.Shared.Tests.ModuleGraphTests" name="Una_dependencia_dura_hacia_un_modulo_inexistente_aborta" />
    </UnitTest>
    <UnitTest name="Sillar.Shared.Tests.ModuleGraphTests.Un_modulo_sin_descripcion_aborta(descripcion: &quot;&quot;)" storage="/home/jp777/sillar-qa-m04/backend/sillar.shared.tests/bin/debug/net10.0/sillar.shared.tests.dll" id="b1197f37-13b4-8011-6c53-87893a7268d2">
      <Execution id="4c0baa68-3bf6-46d9-8056-2c0856e9fc36" />
      <TestMethod codeBase="/home/JP777/sillar-qa-m04/backend/Sillar.Shared.Tests/bin/Debug/net10.0/Sillar.Shared.Tests.dll" adapterTypeName="executor://xunit/VsTestRunner3/netcore/" className="Sillar.Shared.Tests.ModuleGraphTests" name="Un_modulo_sin_descripcion_aborta" />
    </UnitTest>
    <UnitTest name="Sillar.Shared.Tests.ModuleGraphTests.Sin_CORE_no_se_puede_arrancar" storage="/home/jp777/sillar-qa-m04/backend/sillar.shared.tests/bin/debug/net10.0/sillar.shared.tests.dll" id="5e41e984-39a5-b636-ff5c-5bbd9223c593">
      <Execution id="39a16cfa-c7b4-4f4d-8ea5-32f6053dc3b7" />
      <TestMethod codeBase="/home/JP777/sillar-qa-m04/backend/Sillar.Shared.Tests/bin/Debug/net10.0/Sillar.Shared.Tests.dll" adapterTypeName="executor://xunit/VsTestRunner3/netcore/" className="Sillar.Shared.Tests.ModuleGraphTests" name="Sin_CORE_no_se_puede_arrancar" />
    </UnitTest>
    <UnitTest name="Sillar.Shared.Tests.ModuleGraphTests.Dos_modulos_con_el_mismo_codigo_abortan" storage="/home/jp777/sillar-qa-m04/backend/sillar.shared.tests/bin/debug/net10.0/sillar.shared.tests.dll" id="93f28bcf-55da-1d4b-7b32-f48e3788b8d2">
      <Execution id="fbe33065-6bab-481c-adf7-1ef69dace6df" />
      <TestMethod codeBase="/home/JP777/sillar-qa-m04/backend/Sillar.Shared.Tests/bin/Debug/net10.0/Sillar.Shared.Tests.dll" adapterTypeName="executor://xunit/VsTestRunner3/netcore/" className="Sillar.Shared.Tests.ModuleGraphTests" name="Dos_modulos_con_el_mismo_codigo_abortan" />
    </UnitTest>
    <UnitTest name="Sillar.Shared.Tests.ModuleGraphTests.Un_ciclo_aborta_e_indica_el_camino" storage="/home/jp777/sillar-qa-m04/backend/sillar.shared.tests/bin/debug/net10.0/sillar.shared.tests.dll" id="cfa60d82-97a8-e5fe-b46e-daaf6fa9a6e1">
      <Execution id="85550d3e-4127-46a2-9ef9-43cb5fb56d8a" />
      <TestMethod codeBase="/home/JP777/sillar-qa-m04/backend/Sillar.Shared.Tests/bin/Debug/net10.0/Sillar.Shared.Tests.dll" adapterTypeName="executor://xunit/VsTestRunner3/netcore/" className="Sillar.Shared.Tests.ModuleGraphTests" name="Un_ciclo_aborta_e_indica_el_camino" />
    </UnitTest>
    <UnitTest name="Sillar.Shared.Tests.ModuleGraphTests.Una_version_mal_formada_aborta(version: &quot;&quot;)" storage="/home/jp777/sillar-qa-m04/backend/sillar.shared.tests/bin/debug/net10.0/sillar.shared.tests.dll" id="78d08b58-8e7f-078b-ba83-c37ca244e85f">
      <Execution id="9aeee029-93f4-4824-bb22-43f17d0d37e1" />
      <TestMethod codeBase="/home/JP777/sillar-qa-m04/backend/Sillar.Shared.Tests/bin/Debug/net10.0/Sillar.Shared.Tests.dll" adapterTypeName="executor://xunit/VsTestRunner3/netcore/" className="Sillar.Shared.Tests.ModuleGraphTests" name="Una_version_mal_formada_aborta" />
    </UnitTest>
    <UnitTest name="Sillar.Shared.Tests.ModuleActiveButUndeclaredTests.Un_codigo_activo_que_el_binario_no_trae_se_nombra" storage="/home/jp777/sillar-qa-m04/backend/sillar.shared.tests/bin/debug/net10.0/sillar.shared.tests.dll" id="94f5a452-f888-9e47-df0b-74088622f9f7">
      <Execution id="4671a896-0695-4490-afda-c2528898c367" />
      <TestMethod codeBase="/home/JP777/sillar-qa-m04/backend/Sillar.Shared.Tests/bin/Debug/net10.0/Sillar.Shared.Tests.dll" adapterTypeName="executor://xunit/VsTestRunner3/netcore/" className="Sillar.Shared.Tests.ModuleActiveButUndeclaredTests" name="Un_codigo_activo_que_el_binario_no_trae_se_nombra" />
    </UnitTest>
    <UnitTest name="Sillar.Shared.Tests.ModuleActivationSafetyTests.Desactivar_en_orden_inverso_a_las_dependencias_si_esta_permitido" storage="/home/jp777/sillar-qa-m04/backend/sillar.shared.tests/bin/debug/net10.0/sillar.shared.tests.dll" id="488ccede-2195-cf9d-1c41-dfb7e2c92386">
      <Execution id="24294913-2014-4da3-b332-ebf6ed4fd9a1" />
      <TestMethod codeBase="/home/JP777/sillar-qa-m04/backend/Sillar.Shared.Tests/bin/Debug/net10.0/Sillar.Shared.Tests.dll" adapterTypeName="executor://xunit/VsTestRunner3/netcore/" className="Sillar.Shared.Tests.ModuleActivationSafetyTests" name="Desactivar_en_orden_inverso_a_las_dependencias_si_esta_permitido" />
    </UnitTest>
    <UnitTest name="Sillar.Shared.Tests.ModuleGraphTests.Un_codigo_que_no_sirve_como_schema_aborta(codigo: &quot;catalogo_con_un_nombre_larguisimo_que_pasa_de_cuar&quot;···)" storage="/home/jp777/sillar-qa-m04/backend/sillar.shared.tests/bin/debug/net10.0/sillar.shared.tests.dll" id="550abe88-116b-48d6-b766-0782b689b6fd">
      <Execution id="878d74e7-8442-4ba8-9b46-cac4de559d7f" />
      <TestMethod codeBase="/home/JP777/sillar-qa-m04/backend/Sillar.Shared.Tests/bin/Debug/net10.0/Sillar.Shared.Tests.dll" adapterTypeName="executor://xunit/VsTestRunner3/netcore/" className="Sillar.Shared.Tests.ModuleGraphTests" name="Un_codigo_que_no_sirve_como_schema_aborta" />
    </UnitTest>
    <UnitTest name="Sillar.Shared.Tests.ModuleActivationSafetyTests.Desactivar_CORE_dejaria_a_todos_los_activos_sin_su_dependencia_dura" storage="/home/jp777/sillar-qa-m04/backend/sillar.shared.tests/bin/debug/net10.0/sillar.shared.tests.dll" id="736b37b7-cacf-0607-5289-a85dc6ae5d18">
      <Execution id="7ee32469-432e-40db-affe-c978382b0e3f" />
      <TestMethod codeBase="/home/JP777/sillar-qa-m04/backend/Sillar.Shared.Tests/bin/Debug/net10.0/Sillar.Shared.Tests.dll" adapterTypeName="executor://xunit/VsTestRunner3/netcore/" className="Sillar.Shared.Tests.ModuleActivationSafetyTests" name="Desactivar_CORE_dejaria_a_todos_los_activos_sin_su_dependencia_dura" />
    </UnitTest>
    <UnitTest name="Sillar.Shared.Tests.ModuleActivationSafetyTests.Ninguna_secuencia_de_operaciones_permitidas_deja_el_sistema_sin_arrancar" storage="/home/jp777/sillar-qa-m04/backend/sillar.shared.tests/bin/debug/net10.0/sillar.shared.tests.dll" id="1b0db285-facc-fc45-a4b7-b194de82760f">
      <Execution id="afc3e4d4-8f81-4f4e-b260-e7ab1f403772" />
      <TestMethod codeBase="/home/JP777/sillar-qa-m04/backend/Sillar.Shared.Tests/bin/Debug/net10.0/Sillar.Shared.Tests.dll" adapterTypeName="executor://xunit/VsTestRunner3/netcore/" className="Sillar.Shared.Tests.ModuleActivationSafetyTests" name="Ninguna_secuencia_de_operaciones_permitidas_deja_el_sistema_sin_arrancar" />
    </UnitTest>
    <UnitTest name="Sillar.Shared.Tests.ModuleGraphTests.Una_descripcion_que_no_cabe_en_la_columna_aborta" storage="/home/jp777/sillar-qa-m04/backend/sillar.shared.tests/bin/debug/net10.0/sillar.shared.tests.dll" id="dcfe20ed-1a29-fb82-3d96-b24d3cd26adc">
      <Execution id="d5049989-269e-43ea-8951-07df483094c8" />
      <TestMethod codeBase="/home/JP777/sillar-qa-m04/backend/Sillar.Shared.Tests/bin/Debug/net10.0/Sillar.Shared.Tests.dll" adapterTypeName="executor://xunit/VsTestRunner3/netcore/" className="Sillar.Shared.Tests.ModuleGraphTests" name="Una_descripcion_que_no_cabe_en_la_columna_aborta" />
    </UnitTest>
    <UnitTest name="Sillar.Shared.Tests.PagingTests.No_se_puede_pedir_mas_del_maximo" storage="/home/jp777/sillar-qa-m04/backend/sillar.shared.tests/bin/debug/net10.0/sillar.shared.tests.dll" id="84990c2a-9af3-9ee2-607c-0fd6a2fd79d0">
      <Execution id="f0162abd-0731-48cc-9005-e497603c609c" />
      <TestMethod codeBase="/home/JP777/sillar-qa-m04/backend/Sillar.Shared.Tests/bin/Debug/net10.0/Sillar.Shared.Tests.dll" adapterTypeName="executor://xunit/VsTestRunner3/netcore/" className="Sillar.Shared.Tests.PagingTests" name="No_se_puede_pedir_mas_del_maximo" />
    </UnitTest>
    <UnitTest name="Sillar.Shared.Tests.ModuleActivationTests.Un_modulo_activo_con_su_dependencia_dura_apagada_es_un_problema" storage="/home/jp777/sillar-qa-m04/backend/sillar.shared.tests/bin/debug/net10.0/sillar.shared.tests.dll" id="ef81a0aa-892a-4bb1-1b20-0a6d896b1d42">
      <Execution id="f06ebefa-3a39-4904-bed3-32287dbf9db6" />
      <TestMethod codeBase="/home/JP777/sillar-qa-m04/backend/Sillar.Shared.Tests/bin/Debug/net10.0/Sillar.Shared.Tests.dll" adapterTypeName="executor://xunit/VsTestRunner3/netcore/" className="Sillar.Shared.Tests.ModuleActivationTests" name="Un_modulo_activo_con_su_dependencia_dura_apagada_es_un_problema" />
    </UnitTest>
    <UnitTest name="Sillar.Shared.Tests.ModuleGraphTests.Un_codigo_que_no_sirve_como_schema_aborta(codigo: &quot;1catalog&quot;)" storage="/home/jp777/sillar-qa-m04/backend/sillar.shared.tests/bin/debug/net10.0/sillar.shared.tests.dll" id="b8859730-9205-8415-fcd4-b320fd8306e8">
      <Execution id="f37d07a4-3568-4a49-8cb3-9dbfda48e935" />
      <TestMethod codeBase="/home/JP777/sillar-qa-m04/backend/Sillar.Shared.Tests/bin/Debug/net10.0/Sillar.Shared.Tests.dll" adapterTypeName="executor://xunit/VsTestRunner3/netcore/" className="Sillar.Shared.Tests.ModuleGraphTests" name="Un_codigo_que_no_sirve_como_schema_aborta" />
    </UnitTest>
    <UnitTest name="Sillar.Shared.Tests.ModuleGraphTests.Un_codigo_que_no_sirve_como_schema_aborta(codigo: &quot;Catalog&quot;)" storage="/home/jp777/sillar-qa-m04/backend/sillar.shared.tests/bin/debug/net10.0/sillar.shared.tests.dll" id="cec57de5-0193-5644-f9c6-d015f7bfb1d6">
      <Execution id="4f9ba752-206c-422d-abc5-225f57a60e81" />
      <TestMethod codeBase="/home/JP777/sillar-qa-m04/backend/Sillar.Shared.Tests/bin/Debug/net10.0/Sillar.Shared.Tests.dll" adapterTypeName="executor://xunit/VsTestRunner3/netcore/" className="Sillar.Shared.Tests.ModuleGraphTests" name="Un_codigo_que_no_sirve_como_schema_aborta" />
    </UnitTest>
    <UnitTest name="Sillar.Shared.Tests.PagingTests.Un_tamano_de_cero_o_negativo_se_lleva_al_minimo" storage="/home/jp777/sillar-qa-m04/backend/sillar.shared.tests/bin/debug/net10.0/sillar.shared.tests.dll" id="d8044fd6-ef55-eafe-e2fb-7b9e9295a55b">
      <Execution id="a9b91117-7e2b-4042-9551-84dcdb8a2383" />
      <TestMethod codeBase="/home/JP777/sillar-qa-m04/backend/Sillar.Shared.Tests/bin/Debug/net10.0/Sillar.Shared.Tests.dll" adapterTypeName="executor://xunit/VsTestRunner3/netcore/" className="Sillar.Shared.Tests.PagingTests" name="Un_tamano_de_cero_o_negativo_se_lleva_al_minimo" />
    </UnitTest>
    <UnitTest name="Sillar.Shared.Tests.ModuleActiveButUndeclaredTests.Sin_ningun_codigo_activo_no_hay_nada_que_reportar" storage="/home/jp777/sillar-qa-m04/backend/sillar.shared.tests/bin/debug/net10.0/sillar.shared.tests.dll" id="3822b417-8217-1330-ebc7-23c1f17c1f5d">
      <Execution id="aed14729-6c70-414d-9f41-aff12146d419" />
      <TestMethod codeBase="/home/JP777/sillar-qa-m04/backend/Sillar.Shared.Tests/bin/Debug/net10.0/Sillar.Shared.Tests.dll" adapterTypeName="executor://xunit/VsTestRunner3/netcore/" className="Sillar.Shared.Tests.ModuleActiveButUndeclaredTests" name="Sin_ningun_codigo_activo_no_hay_nada_que_reportar" />
    </UnitTest>
    <UnitTest name="Sillar.Shared.Tests.ModuleGraphTests.Un_modulo_que_depende_de_si_mismo_aborta" storage="/home/jp777/sillar-qa-m04/backend/sillar.shared.tests/bin/debug/net10.0/sillar.shared.tests.dll" id="fc9bf48e-3821-a5da-088c-6b572082bb29">
      <Execution id="24a69a0b-403c-45dd-8a68-fb16d43c4635" />
      <TestMethod codeBase="/home/JP777/sillar-qa-m04/backend/Sillar.Shared.Tests/bin/Debug/net10.0/Sillar.Shared.Tests.dll" adapterTypeName="executor://xunit/VsTestRunner3/netcore/" className="Sillar.Shared.Tests.ModuleGraphTests" name="Un_modulo_que_depende_de_si_mismo_aborta" />
    </UnitTest>
    <UnitTest name="Sillar.Shared.Tests.ModuleGraphTests.Una_version_mal_formada_aborta(version: &quot;1.0&quot;)" storage="/home/jp777/sillar-qa-m04/backend/sillar.shared.tests/bin/debug/net10.0/sillar.shared.tests.dll" id="ccce94a3-36a5-4767-e0e7-4da062b73f88">
      <Execution id="9dd4ec65-3b1f-46ee-9d70-cff96a3f5a9e" />
      <TestMethod codeBase="/home/JP777/sillar-qa-m04/backend/Sillar.Shared.Tests/bin/Debug/net10.0/Sillar.Shared.Tests.dll" adapterTypeName="executor://xunit/VsTestRunner3/netcore/" className="Sillar.Shared.Tests.ModuleGraphTests" name="Una_version_mal_formada_aborta" />
    </UnitTest>
    <UnitTest name="Sillar.Shared.Tests.ModuleActiveButUndeclaredTests.Se_nombran_todos_los_que_faltan_no_solo_el_primero" storage="/home/jp777/sillar-qa-m04/backend/sillar.shared.tests/bin/debug/net10.0/sillar.shared.tests.dll" id="8881ef95-2e1f-3540-310c-de8c6ff458e7">
      <Execution id="470e2eef-a001-4611-98fc-b691d501e777" />
      <TestMethod codeBase="/home/JP777/sillar-qa-m04/backend/Sillar.Shared.Tests/bin/Debug/net10.0/Sillar.Shared.Tests.dll" adapterTypeName="executor://xunit/VsTestRunner3/netcore/" className="Sillar.Shared.Tests.ModuleActiveButUndeclaredTests" name="Se_nombran_todos_los_que_faltan_no_solo_el_primero" />
    </UnitTest>
    <UnitTest name="Sillar.Shared.Tests.ModuleGraphTests.El_orden_no_depende_de_como_lleguen_los_modulos" storage="/home/jp777/sillar-qa-m04/backend/sillar.shared.tests/bin/debug/net10.0/sillar.shared.tests.dll" id="12cc2df7-4072-fe76-e69a-db3d62aad2d1">
      <Execution id="2070e413-27a5-448d-9cec-e11d0104c825" />
      <TestMethod codeBase="/home/JP777/sillar-qa-m04/backend/Sillar.Shared.Tests/bin/Debug/net10.0/Sillar.Shared.Tests.dll" adapterTypeName="executor://xunit/VsTestRunner3/netcore/" className="Sillar.Shared.Tests.ModuleGraphTests" name="El_orden_no_depende_de_como_lleguen_los_modulos" />
    </UnitTest>
    <UnitTest name="Sillar.Shared.Tests.ModuleActiveButUndeclaredTests.Lo_inactivo_y_ausente_no_es_un_problema" storage="/home/jp777/sillar-qa-m04/backend/sillar.shared.tests/bin/debug/net10.0/sillar.shared.tests.dll" id="590d9aa4-f46d-c561-144d-fba1f483dde5">
      <Execution id="e2d743ef-5268-4793-bf56-8cf0bc83cf63" />
      <TestMethod codeBase="/home/JP777/sillar-qa-m04/backend/Sillar.Shared.Tests/bin/Debug/net10.0/Sillar.Shared.Tests.dll" adapterTypeName="executor://xunit/VsTestRunner3/netcore/" className="Sillar.Shared.Tests.ModuleActiveButUndeclaredTests" name="Lo_inactivo_y_ausente_no_es_un_problema" />
    </UnitTest>
    <UnitTest name="Sillar.Shared.Tests.ModuleActivationSafetyTests.Una_dependencia_blanda_inactiva_no_impide_activar" storage="/home/jp777/sillar-qa-m04/backend/sillar.shared.tests/bin/debug/net10.0/sillar.shared.tests.dll" id="2f61a5d3-b229-ac57-7f79-9bb245aa06f9">
      <Execution id="3b9c321c-c3af-4591-8993-153abfb7e947" />
      <TestMethod codeBase="/home/JP777/sillar-qa-m04/backend/Sillar.Shared.Tests/bin/Debug/net10.0/Sillar.Shared.Tests.dll" adapterTypeName="executor://xunit/VsTestRunner3/netcore/" className="Sillar.Shared.Tests.ModuleActivationSafetyTests" name="Una_dependencia_blanda_inactiva_no_impide_activar" />
    </UnitTest>
    <UnitTest name="Sillar.Shared.Tests.ModuleGraphTests.Un_codigo_que_no_sirve_como_schema_aborta(codigo: &quot;c&quot;)" storage="/home/jp777/sillar-qa-m04/backend/sillar.shared.tests/bin/debug/net10.0/sillar.shared.tests.dll" id="81ebc2f9-29ef-bba7-9397-a8f1ca3136bb">
      <Execution id="14b46e3f-3d17-483f-ad73-7b1a1a60a7f7" />
      <TestMethod codeBase="/home/JP777/sillar-qa-m04/backend/Sillar.Shared.Tests/bin/Debug/net10.0/Sillar.Shared.Tests.dll" adapterTypeName="executor://xunit/VsTestRunner3/netcore/" className="Sillar.Shared.Tests.ModuleGraphTests" name="Un_codigo_que_no_sirve_como_schema_aborta" />
    </UnitTest>
    <UnitTest name="Sillar.Shared.Tests.ModuleGraphTests.Un_codigo_que_no_sirve_como_schema_aborta(codigo: &quot;cata-logo&quot;)" storage="/home/jp777/sillar-qa-m04/backend/sillar.shared.tests/bin/debug/net10.0/sillar.shared.tests.dll" id="8a433eff-0a41-1548-3a9f-a54b7456975a">
      <Execution id="40b0b473-1dde-4dc5-8d3d-d752493faff5" />
      <TestMethod codeBase="/home/JP777/sillar-qa-m04/backend/Sillar.Shared.Tests/bin/Debug/net10.0/Sillar.Shared.Tests.dll" adapterTypeName="executor://xunit/VsTestRunner3/netcore/" className="Sillar.Shared.Tests.ModuleGraphTests" name="Un_codigo_que_no_sirve_como_schema_aborta" />
    </UnitTest>
    <UnitTest name="Sillar.Shared.Tests.ModuleGraphTests.Un_modulo_que_no_declara_CORE_aborta" storage="/home/jp777/sillar-qa-m04/backend/sillar.shared.tests/bin/debug/net10.0/sillar.shared.tests.dll" id="e4f97c39-115a-8132-9f74-15dd134bfc1a">
      <Execution id="f35c8efa-27bf-4ff4-93ba-e1e6a1877d04" />
      <TestMethod codeBase="/home/JP777/sillar-qa-m04/backend/Sillar.Shared.Tests/bin/Debug/net10.0/Sillar.Shared.Tests.dll" adapterTypeName="executor://xunit/VsTestRunner3/netcore/" className="Sillar.Shared.Tests.ModuleGraphTests" name="Un_modulo_que_no_declara_CORE_aborta" />
    </UnitTest>
    <UnitTest name="Sillar.Shared.Tests.ModuleGraphTests.Un_ciclo_a_traves_de_una_dependencia_blanda_tambien_aborta" storage="/home/jp777/sillar-qa-m04/backend/sillar.shared.tests/bin/debug/net10.0/sillar.shared.tests.dll" id="ac4595a4-a821-fd57-ad01-7dd75804bf6f">
      <Execution id="48ba95b8-c0f1-4065-97c6-394881433470" />
      <TestMethod codeBase="/home/JP777/sillar-qa-m04/backend/Sillar.Shared.Tests/bin/Debug/net10.0/Sillar.Shared.Tests.dll" adapterTypeName="executor://xunit/VsTestRunner3/netcore/" className="Sillar.Shared.Tests.ModuleGraphTests" name="Un_ciclo_a_traves_de_una_dependencia_blanda_tambien_aborta" />
    </UnitTest>
    <UnitTest name="Sillar.Shared.Tests.PagingTests.Una_pagina_por_debajo_de_uno_se_trata_como_la_primera(pedida: -3)" storage="/home/jp777/sillar-qa-m04/backend/sillar.shared.tests/bin/debug/net10.0/sillar.shared.tests.dll" id="1319230a-6437-d2cf-666c-31ddd7692db5">
      <Execution id="786fff38-4a4e-42bf-a241-e03a097c94f2" />
      <TestMethod codeBase="/home/JP777/sillar-qa-m04/backend/Sillar.Shared.Tests/bin/Debug/net10.0/Sillar.Shared.Tests.dll" adapterTypeName="executor://xunit/VsTestRunner3/netcore/" className="Sillar.Shared.Tests.PagingTests" name="Una_pagina_por_debajo_de_uno_se_trata_como_la_primera" />
    </UnitTest>
    <UnitTest name="Sillar.Shared.Tests.PagingTests.La_ultima_pagina_no_tiene_siguiente" storage="/home/jp777/sillar-qa-m04/backend/sillar.shared.tests/bin/debug/net10.0/sillar.shared.tests.dll" id="97c5dbc6-ca35-410a-b003-27a8abd686b1">
      <Execution id="d751c53d-0e6e-4c01-a13e-939a616a17ba" />
      <TestMethod codeBase="/home/JP777/sillar-qa-m04/backend/Sillar.Shared.Tests/bin/Debug/net10.0/Sillar.Shared.Tests.dll" adapterTypeName="executor://xunit/VsTestRunner3/netcore/" className="Sillar.Shared.Tests.PagingTests" name="La_ultima_pagina_no_tiene_siguiente" />
    </UnitTest>
    <UnitTest name="Sillar.Shared.Tests.ModuleActivationTests.Lo_que_esta_apagado_no_se_juzga" storage="/home/jp777/sillar-qa-m04/backend/sillar.shared.tests/bin/debug/net10.0/sillar.shared.tests.dll" id="a2a28616-0682-f4ad-36ed-49b699157dd3">
      <Execution id="e02c5b17-3b0e-4b59-8041-56831519d516" />
      <TestMethod codeBase="/home/JP777/sillar-qa-m04/backend/Sillar.Shared.Tests/bin/Debug/net10.0/Sillar.Shared.Tests.dll" adapterTypeName="executor://xunit/VsTestRunner3/netcore/" className="Sillar.Shared.Tests.ModuleActivationTests" name="Lo_que_esta_apagado_no_se_juzga" />
    </UnitTest>
    <UnitTest name="Sillar.Shared.Tests.ModuleGraphTests.Una_dependencia_blanda_inexistente_solo_avisa" storage="/home/jp777/sillar-qa-m04/backend/sillar.shared.tests/bin/debug/net10.0/sillar.shared.tests.dll" id="68bc265c-6377-17e5-58d5-1c504a28887c">
      <Execution id="5e0eeb5d-a2d8-459c-ae4d-e4baccf583d3" />
      <TestMethod codeBase="/home/JP777/sillar-qa-m04/backend/Sillar.Shared.Tests/bin/Debug/net10.0/Sillar.Shared.Tests.dll" adapterTypeName="executor://xunit/VsTestRunner3/netcore/" className="Sillar.Shared.Tests.ModuleGraphTests" name="Una_dependencia_blanda_inexistente_solo_avisa" />
    </UnitTest>
  </TestDefinitions>
  <TestEntries>
    <TestEntry testId="84990c2a-9af3-9ee2-607c-0fd6a2fd79d0" executionId="f0162abd-0731-48cc-9005-e497603c609c" testListId="8c84fa94-04c1-424b-9868-57a2d4851a1d" />
    <TestEntry testId="5e41e984-39a5-b636-ff5c-5bbd9223c593" executionId="39a16cfa-c7b4-4f4d-8ea5-32f6053dc3b7" testListId="8c84fa94-04c1-424b-9868-57a2d4851a1d" />
    <TestEntry testId="b8859730-9205-8415-fcd4-b320fd8306e8" executionId="f37d07a4-3568-4a49-8cb3-9dbfda48e935" testListId="8c84fa94-04c1-424b-9868-57a2d4851a1d" />
    <TestEntry testId="93f28bcf-55da-1d4b-7b32-f48e3788b8d2" executionId="fbe33065-6bab-481c-adf7-1ef69dace6df" testListId="8c84fa94-04c1-424b-9868-57a2d4851a1d" />
    <TestEntry testId="8a433eff-0a41-1548-3a9f-a54b7456975a" executionId="40b0b473-1dde-4dc5-8d3d-d752493faff5" testListId="8c84fa94-04c1-424b-9868-57a2d4851a1d" />
    <TestEntry testId="ac4595a4-a821-fd57-ad01-7dd75804bf6f" executionId="48ba95b8-c0f1-4065-97c6-394881433470" testListId="8c84fa94-04c1-424b-9868-57a2d4851a1d" />
    <TestEntry testId="b0b443d1-5b18-3356-1a14-f2a90360e039" executionId="0efffc91-f1ba-4570-a343-b3574eea0c15" testListId="8c84fa94-04c1-424b-9868-57a2d4851a1d" />
    <TestEntry testId="dcfe20ed-1a29-fb82-3d96-b24d3cd26adc" executionId="d5049989-269e-43ea-8951-07df483094c8" testListId="8c84fa94-04c1-424b-9868-57a2d4851a1d" />
    <TestEntry testId="97c5dbc6-ca35-410a-b003-27a8abd686b1" executionId="d751c53d-0e6e-4c01-a13e-939a616a17ba" testListId="8c84fa94-04c1-424b-9868-57a2d4851a1d" />
    <TestEntry testId="68536210-3ccf-339f-c081-a0bae768f131" executionId="589cb266-9cbb-4e86-bfbb-d6900b7be1e9" testListId="8c84fa94-04c1-424b-9868-57a2d4851a1d" />
    <TestEntry testId="d8044fd6-ef55-eafe-e2fb-7b9e9295a55b" executionId="a9b91117-7e2b-4042-9551-84dcdb8a2383" testListId="8c84fa94-04c1-424b-9868-57a2d4851a1d" />
    <TestEntry testId="44c2d245-0f45-6b37-6a40-169c76931e9d" executionId="faaeca95-6970-4d13-a904-319e6d3777a7" testListId="8c84fa94-04c1-424b-9868-57a2d4851a1d" />
    <TestEntry testId="12cc2df7-4072-fe76-e69a-db3d62aad2d1" executionId="2070e413-27a5-448d-9cec-e11d0104c825" testListId="8c84fa94-04c1-424b-9868-57a2d4851a1d" />
    <TestEntry testId="59443519-e3d6-8473-6e54-824209896f76" executionId="4f98a502-0bdb-4a7d-98e3-8c65f2fc3d83" testListId="8c84fa94-04c1-424b-9868-57a2d4851a1d" />
    <TestEntry testId="b1197f37-13b4-8011-6c53-87893a7268d2" executionId="4c0baa68-3bf6-46d9-8056-2c0856e9fc36" testListId="8c84fa94-04c1-424b-9868-57a2d4851a1d" />
    <TestEntry testId="3782fb3b-3ee0-5cf1-60b8-8a9600a94e83" executionId="3f6c8881-b9df-40d5-ba0b-d8ad28da4555" testListId="8c84fa94-04c1-424b-9868-57a2d4851a1d" />
    <TestEntry testId="1a00dd40-0eea-8390-16a3-799cc01f2e14" executionId="b41bec44-2ce5-41d3-9c84-c5d75072195e" testListId="8c84fa94-04c1-424b-9868-57a2d4851a1d" />
    <TestEntry testId="b0515811-2006-9b1d-9ffe-c026c6b1eb25" executionId="ad4994da-701b-46dc-a272-268e46c4dd9e" testListId="8c84fa94-04c1-424b-9868-57a2d4851a1d" />
    <TestEntry testId="8da20823-6df2-1cb7-f77d-da02bfebdd7c" executionId="5c92e351-1191-4c51-8ee0-b06523869467" testListId="8c84fa94-04c1-424b-9868-57a2d4851a1d" />
    <TestEntry testId="ef81a0aa-892a-4bb1-1b20-0a6d896b1d42" executionId="f06ebefa-3a39-4904-bed3-32287dbf9db6" testListId="8c84fa94-04c1-424b-9868-57a2d4851a1d" />
    <TestEntry testId="94f5a452-f888-9e47-df0b-74088622f9f7" executionId="4671a896-0695-4490-afda-c2528898c367" testListId="8c84fa94-04c1-424b-9868-57a2d4851a1d" />
    <TestEntry testId="68bc265c-6377-17e5-58d5-1c504a28887c" executionId="5e0eeb5d-a2d8-459c-ae4d-e4baccf583d3" testListId="8c84fa94-04c1-424b-9868-57a2d4851a1d" />
    <TestEntry testId="d37e74f9-080f-6c69-48f4-cc6d2cd8ac1a" executionId="07d3742a-955c-437f-9033-24452da62953" testListId="8c84fa94-04c1-424b-9868-57a2d4851a1d" />
    <TestEntry testId="a2a28616-0682-f4ad-36ed-49b699157dd3" executionId="e02c5b17-3b0e-4b59-8041-56831519d516" testListId="8c84fa94-04c1-424b-9868-57a2d4851a1d" />
    <TestEntry testId="e7e70748-e0a9-a819-6080-ed02f4f95840" executionId="65b907af-1384-4729-8013-7ce52b3e6c53" testListId="8c84fa94-04c1-424b-9868-57a2d4851a1d" />
    <TestEntry testId="52c9bf4b-979e-e930-21d2-7bf6ed1d0b24" executionId="f5850f2a-69d5-431b-aab1-f0a972ca7e4b" testListId="8c84fa94-04c1-424b-9868-57a2d4851a1d" />
    <TestEntry testId="0965a50e-e2d1-f990-7d9a-a1485cae9c5c" executionId="f93dcae8-598a-4b50-aafd-c5f5cd45117a" testListId="8c84fa94-04c1-424b-9868-57a2d4851a1d" />
    <TestEntry testId="78d08b58-8e7f-078b-ba83-c37ca244e85f" executionId="9aeee029-93f4-4824-bb22-43f17d0d37e1" testListId="8c84fa94-04c1-424b-9868-57a2d4851a1d" />
    <TestEntry testId="5240cc20-edff-569d-49c7-eaf48c16b3fb" executionId="2cae2145-8c87-4d54-88bf-47f1a705134b" testListId="8c84fa94-04c1-424b-9868-57a2d4851a1d" />
    <TestEntry testId="1b0db285-facc-fc45-a4b7-b194de82760f" executionId="afc3e4d4-8f81-4f4e-b260-e7ab1f403772" testListId="8c84fa94-04c1-424b-9868-57a2d4851a1d" />
    <TestEntry testId="bea816d5-7965-172a-e09c-6311699c3fff" executionId="1c9d793f-d37e-4978-b152-63599073c769" testListId="8c84fa94-04c1-424b-9868-57a2d4851a1d" />
    <TestEntry testId="897e1a2f-1fbc-6666-3981-9a607e9c2bea" executionId="8af737bf-4796-47b2-815e-a728cd53b7ba" testListId="8c84fa94-04c1-424b-9868-57a2d4851a1d" />
    <TestEntry testId="10e0b6fb-6e9d-d7b0-2f79-7a715ec05845" executionId="c2b23407-506b-49cf-b92d-fc90b68de602" testListId="8c84fa94-04c1-424b-9868-57a2d4851a1d" />
    <TestEntry testId="2f61a5d3-b229-ac57-7f79-9bb245aa06f9" executionId="3b9c321c-c3af-4591-8993-153abfb7e947" testListId="8c84fa94-04c1-424b-9868-57a2d4851a1d" />
    <TestEntry testId="4e3c92d7-4031-a1e8-2541-d6c846a63e24" executionId="ac035ded-a9b9-4dd1-a71a-029fc095a41d" testListId="8c84fa94-04c1-424b-9868-57a2d4851a1d" />
    <TestEntry testId="98b8381d-aa05-770b-25a1-0ee936632906" executionId="00b25e00-7a87-47d7-84d6-b7084386d808" testListId="8c84fa94-04c1-424b-9868-57a2d4851a1d" />
    <TestEntry testId="81ebc2f9-29ef-bba7-9397-a8f1ca3136bb" executionId="14b46e3f-3d17-483f-ad73-7b1a1a60a7f7" testListId="8c84fa94-04c1-424b-9868-57a2d4851a1d" />
    <TestEntry testId="04837b08-f478-981f-c9f9-7932546ce824" executionId="580a1e9a-738a-445d-b3f0-feac29ce71a9" testListId="8c84fa94-04c1-424b-9868-57a2d4851a1d" />
    <TestEntry testId="d467bf78-a629-0aff-b47e-49b55ed8f267" executionId="3b626f11-717c-4e66-9743-00b43b86d1cb" testListId="8c84fa94-04c1-424b-9868-57a2d4851a1d" />
    <TestEntry testId="8881ef95-2e1f-3540-310c-de8c6ff458e7" executionId="470e2eef-a001-4611-98fc-b691d501e777" testListId="8c84fa94-04c1-424b-9868-57a2d4851a1d" />
    <TestEntry testId="ccce94a3-36a5-4767-e0e7-4da062b73f88" executionId="9dd4ec65-3b1f-46ee-9d70-cff96a3f5a9e" testListId="8c84fa94-04c1-424b-9868-57a2d4851a1d" />
    <TestEntry testId="736b37b7-cacf-0607-5289-a85dc6ae5d18" executionId="7ee32469-432e-40db-affe-c978382b0e3f" testListId="8c84fa94-04c1-424b-9868-57a2d4851a1d" />
    <TestEntry testId="1319230a-6437-d2cf-666c-31ddd7692db5" executionId="786fff38-4a4e-42bf-a241-e03a097c94f2" testListId="8c84fa94-04c1-424b-9868-57a2d4851a1d" />
    <TestEntry testId="488ccede-2195-cf9d-1c41-dfb7e2c92386" executionId="24294913-2014-4da3-b332-ebf6ed4fd9a1" testListId="8c84fa94-04c1-424b-9868-57a2d4851a1d" />
    <TestEntry testId="cfa60d82-97a8-e5fe-b46e-daaf6fa9a6e1" executionId="85550d3e-4127-46a2-9ef9-43cb5fb56d8a" testListId="8c84fa94-04c1-424b-9868-57a2d4851a1d" />
    <TestEntry testId="36c08052-21fb-fb3f-5666-dd1ef9abb299" executionId="7026f96b-aeee-4400-9de5-d8aada362b9d" testListId="8c84fa94-04c1-424b-9868-57a2d4851a1d" />
    <TestEntry testId="590d9aa4-f46d-c561-144d-fba1f483dde5" executionId="e2d743ef-5268-4793-bf56-8cf0bc83cf63" testListId="8c84fa94-04c1-424b-9868-57a2d4851a1d" />
    <TestEntry testId="3822b417-8217-1330-ebc7-23c1f17c1f5d" executionId="aed14729-6c70-414d-9f41-aff12146d419" testListId="8c84fa94-04c1-424b-9868-57a2d4851a1d" />
    <TestEntry testId="6d6a9c16-62d6-bc5c-dc66-749a867666e6" executionId="d94275c7-339c-401e-a0ad-bc604ffff954" testListId="8c84fa94-04c1-424b-9868-57a2d4851a1d" />
    <TestEntry testId="e4f97c39-115a-8132-9f74-15dd134bfc1a" executionId="f35c8efa-27bf-4ff4-93ba-e1e6a1877d04" testListId="8c84fa94-04c1-424b-9868-57a2d4851a1d" />
    <TestEntry testId="fc9bf48e-3821-a5da-088c-6b572082bb29" executionId="24a69a0b-403c-45dd-8a68-fb16d43c4635" testListId="8c84fa94-04c1-424b-9868-57a2d4851a1d" />
    <TestEntry testId="cec57de5-0193-5644-f9c6-d015f7bfb1d6" executionId="4f9ba752-206c-422d-abc5-225f57a60e81" testListId="8c84fa94-04c1-424b-9868-57a2d4851a1d" />
    <TestEntry testId="550abe88-116b-48d6-b766-0782b689b6fd" executionId="878d74e7-8442-4ba8-9b46-cac4de559d7f" testListId="8c84fa94-04c1-424b-9868-57a2d4851a1d" />
    <TestEntry testId="6b8fd69c-6025-42c6-d04d-28eca2cbd6e1" executionId="b8678fbb-0c91-4275-acac-26d7e954caa9" testListId="8c84fa94-04c1-424b-9868-57a2d4851a1d" />
  </TestEntries>
  <TestLists>
    <TestList name="Results Not in a List" id="8c84fa94-04c1-424b-9868-57a2d4851a1d" />
    <TestList name="All Loaded Results" id="19431567-8539-422a-85d7-44ee4e166bda" />
  </TestLists>
  <ResultSummary outcome="Completed">
    <Counters total="54" executed="54" passed="54" failed="0" error="0" timeout="0" aborted="0" inconclusive="0" passedButRunAborted="0" notRunnable="0" notExecuted="0" disconnected="0" warning="0" completed="0" inProgress="0" pending="0" />
    <Output>
      <StdOut>[xUnit.net 00:00:00.02] xUnit.net VSTest Adapter v3.1.5+1b188a7b0a (64-bit .NET 10.0.10)
[xUnit.net 00:00:02.59]   Discovering: Sillar.Shared.Tests
[xUnit.net 00:00:04.93]   Discovered:  Sillar.Shared.Tests
[xUnit.net 00:00:06.75]   Starting:    Sillar.Shared.Tests
[xUnit.net 00:00:08.21]   Finished:    Sillar.Shared.Tests (ID = '626cfb4e88ee111816ea30def419c0d200221f900cd3a78f84394fe601f535e5')
</StdOut>
    </Output>
  </ResultSummary>
</TestRun>