<?xml version="1.0" encoding="utf-8"?>
<TestRun id="3082b2b8-7c5b-4366-abd1-3e6249731046" name="@archlinux 2026-10-04 12:46:57" xmlns="http://microsoft.com/schemas/VisualStudio/TeamTest/2010">
  <Times creation="2026-10-04T12:46:57.9350870-05:00" queuing="2026-10-04T12:46:57.9350872-05:00" start="2026-10-04T12:46:42.6073586-05:00" finish="2026-10-04T12:47:15.5133788-05:00" />
  <TestSettings name="default" id="ed9fb1bd-051a-4d26-a6e6-cf3e31809b28">
    <Deployment runDeploymentRoot="_archlinux_2026-10-04_12_46_57" />
  </TestSettings>
  <Results>
    <UnitTestResult executionId="589969aa-c646-4af1-b8f6-399cfe727bac" testId="3959c9a5-83ac-84cf-86aa-c0ff845c1e65" testName="Sillar.Modules.Cms.Tests.VigenciaPublicacionTests.Empieza_exactamente_ahora_y_esta_vigente" computerName="archlinux" duration="00:00:00.0143106" startTime="2026-10-04T12:46:57.9969755-05:00" endTime="2026-10-04T12:46:58.0116181-05:00" testType="13cdc9d9-ddb5-4fa4-a97d-d965ccfc6d4b" outcome="Passed" testListId="8c84fa94-04c1-424b-9868-57a2d4851a1d" relativeResultsDirectory="589969aa-c646-4af1-b8f6-399cfe727bac" />
    <UnitTestResult executionId="c3a6a885-c219-4b94-a263-656526c057c8" testId="599e23e0-26c2-b6c9-6ae2-34c6a11a0db9" testName="Sillar.Modules.Cms.Tests.ReglasContenidoTests.Ruta_interna_y_https_con_etiqueta_se_aceptan(url: &quot;https://sillar.example/catalogo&quot;)" computerName="archlinux" duration="00:00:00.0961306" startTime="2026-10-04T12:46:57.6229914-05:00" endTime="2026-10-04T12:46:57.7192626-05:00" testType="13cdc9d9-ddb5-4fa4-a97d-d965ccfc6d4b" outcome="Passed" testListId="8c84fa94-04c1-424b-9868-57a2d4851a1d" relativeResultsDirectory="c3a6a885-c219-4b94-a263-656526c057c8" />
    <UnitTestResult executionId="c43ef323-d650-4766-8072-c829bfd3080a" testId="fb4cf75c-796e-92ea-9b53-6d00ac464e87" testName="Sillar.Modules.Cms.Tests.ProductoDestacadoTests.Producto_dado_de_baja_no_puede_publicarse_aunque_siga_publico" computerName="archlinux" duration="00:00:00.0098038" startTime="2026-10-04T12:46:58.2656162-05:00" endTime="2026-10-04T12:46:58.2755353-05:00" testType="13cdc9d9-ddb5-4fa4-a97d-d965ccfc6d4b" outcome="Passed" testListId="8c84fa94-04c1-424b-9868-57a2d4851a1d" relativeResultsDirectory="c43ef323-d650-4766-8072-c829bfd3080a" />
    <UnitTestResult executionId="daf55664-deaf-48b3-85f6-21b2952567bd" testId="d5637bfd-2d0f-6bf9-1490-a6979263ef33" testName="Sillar.Modules.Cms.Tests.ContratosHttpTests.Editar_no_permite_desactivar_ni_reordenar_por_un_campo_suelto" computerName="archlinux" duration="00:00:00.2407650" startTime="2026-10-04T12:46:57.1003334-05:00" endTime="2026-10-04T12:46:57.4758651-05:00" testType="13cdc9d9-ddb5-4fa4-a97d-d965ccfc6d4b" outcome="Passed" testListId="8c84fa94-04c1-424b-9868-57a2d4851a1d" relativeResultsDirectory="daf55664-deaf-48b3-85f6-21b2952567bd" />
    <UnitTestResult executionId="32612205-8982-402c-9321-f3bb248c884a" testId="38755c71-3779-47ac-a133-5b72a361c969" testName="Sillar.Modules.Cms.Tests.VigenciaPublicacionTests.Programado_para_despues_no_esta_vigente" computerName="archlinux" duration="00:00:00.0113072" startTime="2026-10-04T12:46:57.7691936-05:00" endTime="2026-10-04T12:46:57.7806222-05:00" testType="13cdc9d9-ddb5-4fa4-a97d-d965ccfc6d4b" outcome="Passed" testListId="8c84fa94-04c1-424b-9868-57a2d4851a1d" relativeResultsDirectory="32612205-8982-402c-9321-f3bb248c884a" />
    <UnitTestResult executionId="bffbe8e2-f020-4a36-b6c2-799496b8bf45" testId="7fdcbdfc-761e-bd12-f7ad-ec7daa65e5d4" testName="Sillar.Modules.Cms.Tests.ContratosHttpTests.Administracion_distingue_el_estado_del_producto_del_estado_del_destacado" computerName="archlinux" duration="00:00:00.0009601" startTime="2026-10-04T12:46:58.6510290-05:00" endTime="2026-10-04T12:46:58.6521281-05:00" testType="13cdc9d9-ddb5-4fa4-a97d-d965ccfc6d4b" outcome="Passed" testListId="8c84fa94-04c1-424b-9868-57a2d4851a1d" relativeResultsDirectory="bffbe8e2-f020-4a36-b6c2-799496b8bf45" />
    <UnitTestResult executionId="6a5328b1-2154-484b-9d43-38b69dbf1312" testId="8a601945-33dc-67e6-f1e2-05218e68f3ad" testName="Sillar.Modules.Cms.Tests.VigenciaPublicacionTests.Inactivo_no_esta_vigente_aunque_no_tenga_fechas" computerName="archlinux" duration="00:00:00.3901819" startTime="2026-10-04T12:46:57.1038354-05:00" endTime="2026-10-04T12:46:57.5753180-05:00" testType="13cdc9d9-ddb5-4fa4-a97d-d965ccfc6d4b" outcome="Passed" testListId="8c84fa94-04c1-424b-9868-57a2d4851a1d" relativeResultsDirectory="6a5328b1-2154-484b-9d43-38b69dbf1312" />
    <UnitTestResult executionId="f7b4de6a-290b-4810-a882-82b2d3bd2710" testId="757b5d0c-e17f-b266-9c78-04b2d85e761e" testName="Sillar.Modules.Cms.Tests.VigenciaPublicacionTests.Estado_administrativo_respeta_la_misma_ventana(isActive: True, startMinutes: -2, endMinutes: -1, expected: Expired)" computerName="archlinux" duration="00:00:00.0136807" startTime="2026-10-04T12:46:57.7541533-05:00" endTime="2026-10-04T12:46:57.7679632-05:00" testType="13cdc9d9-ddb5-4fa4-a97d-d965ccfc6d4b" outcome="Passed" testListId="8c84fa94-04c1-424b-9868-57a2d4851a1d" relativeResultsDirectory="f7b4de6a-290b-4810-a882-82b2d3bd2710" />
    <UnitTestResult executionId="9e6e1636-d8cd-469e-97d2-bd37aad910a8" testId="aed02722-cdb8-9e6c-49c7-869e433ac834" testName="Sillar.Modules.Cms.Tests.ReglasContenidoTests.Sin_imagen_el_texto_alternativo_puede_ser_nulo" computerName="archlinux" duration="00:00:00.0376214" startTime="2026-10-04T12:46:57.7903959-05:00" endTime="2026-10-04T12:46:57.8281746-05:00" testType="13cdc9d9-ddb5-4fa4-a97d-d965ccfc6d4b" outcome="Passed" testListId="8c84fa94-04c1-424b-9868-57a2d4851a1d" relativeResultsDirectory="9e6e1636-d8cd-469e-97d2-bd37aad910a8" />
    <UnitTestResult executionId="e7fb332d-ed87-4538-a0a0-90563c7af2dd" testId="5b09e2ef-3e67-de45-7b7e-74e94adbdbc1" testName="Sillar.Modules.Cms.Tests.VigenciaPublicacionTests.Estado_administrativo_respeta_la_misma_ventana(isActive: True, startMinutes: -1, endMinutes: 1, expected: Current)" computerName="archlinux" duration="00:00:00.0082700" startTime="2026-10-04T12:46:57.7446259-05:00" endTime="2026-10-04T12:46:57.7530320-05:00" testType="13cdc9d9-ddb5-4fa4-a97d-d965ccfc6d4b" outcome="Passed" testListId="8c84fa94-04c1-424b-9868-57a2d4851a1d" relativeResultsDirectory="e7fb332d-ed87-4538-a0a0-90563c7af2dd" />
    <UnitTestResult executionId="5f36dc94-2c2a-4fc9-a1d0-99e2f313fd51" testId="c39daa2d-2df6-3b49-25e0-6fcd3dd9e8a9" testName="Sillar.Modules.Cms.Tests.VigenciaPublicacionTests.Dentro_del_intervalo_esta_vigente" computerName="archlinux" duration="00:00:00.0077389" startTime="2026-10-04T12:46:57.5767337-05:00" endTime="2026-10-04T12:46:57.5845810-05:00" testType="13cdc9d9-ddb5-4fa4-a97d-d965ccfc6d4b" outcome="Passed" testListId="8c84fa94-04c1-424b-9868-57a2d4851a1d" relativeResultsDirectory="5f36dc94-2c2a-4fc9-a1d0-99e2f313fd51" />
    <UnitTestResult executionId="a53dfa08-d653-4c5d-aa47-d688dc837723" testId="bbb2927a-52e6-f9cb-9e11-9f5d4855a928" testName="Sillar.Modules.Cms.Tests.TrabajoDestacadoTests.Con_medio_inactivo_el_trabajo_esta_incompleto" computerName="archlinux" duration="00:00:00.0012772" startTime="2026-10-04T12:46:57.5754756-05:00" endTime="2026-10-04T12:46:57.5768423-05:00" testType="13cdc9d9-ddb5-4fa4-a97d-d965ccfc6d4b" outcome="Passed" testListId="8c84fa94-04c1-424b-9868-57a2d4851a1d" relativeResultsDirectory="a53dfa08-d653-4c5d-aa47-d688dc837723" />
    <UnitTestResult executionId="45668106-def6-44b5-8bb7-f3c758818494" testId="169ffcf8-840f-1002-7f8a-ec4423846237" testName="Sillar.Modules.Cms.Tests.ReactivacionRedSocialTests.Crear_desactivar_y_reactivar_instagram_recupera_la_misma_fila" computerName="archlinux" duration="00:00:15.7382096" startTime="2026-10-04T12:46:57.1040135-05:00" endTime="2026-10-04T12:47:12.9365333-05:00" testType="13cdc9d9-ddb5-4fa4-a97d-d965ccfc6d4b" outcome="Passed" testListId="8c84fa94-04c1-424b-9868-57a2d4851a1d" relativeResultsDirectory="45668106-def6-44b5-8bb7-f3c758818494" />
    <UnitTestResult executionId="8e3f3101-ab7a-4020-a523-5f19aa49cdb3" testId="7ee8d4d6-43a7-6b5f-17de-8afd26c2e99e" testName="Sillar.Modules.Cms.Tests.VigenciaPublicacionTests.Activo_sin_fechas_esta_vigente" computerName="archlinux" duration="00:00:00.0233267" startTime="2026-10-04T12:46:58.0158010-05:00" endTime="2026-10-04T12:46:58.0392571-05:00" testType="13cdc9d9-ddb5-4fa4-a97d-d965ccfc6d4b" outcome="Passed" testListId="8c84fa94-04c1-424b-9868-57a2d4851a1d" relativeResultsDirectory="8e3f3101-ab7a-4020-a523-5f19aa49cdb3" />
    <UnitTestResult executionId="18703eaf-2644-4a22-9af4-fbedc7667e7c" testId="32e1971e-446a-2642-6c1a-46a2bf37a1d7" testName="Sillar.Modules.Cms.Tests.ReordenamientoTests.Un_identificador_inexistente_invalida_el_plan_entero" computerName="archlinux" duration="00:00:00.0089258" startTime="2026-10-04T12:46:57.9785927-05:00" endTime="2026-10-04T12:46:57.9876374-05:00" testType="13cdc9d9-ddb5-4fa4-a97d-d965ccfc6d4b" outcome="Passed" testListId="8c84fa94-04c1-424b-9868-57a2d4851a1d" relativeResultsDirectory="18703eaf-2644-4a22-9af4-fbedc7667e7c" />
    <UnitTestResult executionId="0baf295f-784a-4c2e-a7c8-0d3eb45afc3c" testId="ba40eb42-5d3f-3831-6443-55d7bf53cd40" testName="Sillar.Modules.Cms.Tests.TrabajoDestacadoTests.Sin_imagen_el_trabajo_esta_incompleto" computerName="archlinux" duration="00:00:00.2441262" startTime="2026-10-04T12:46:57.1039840-05:00" endTime="2026-10-04T12:46:57.4719335-05:00" testType="13cdc9d9-ddb5-4fa4-a97d-d965ccfc6d4b" outcome="Passed" testListId="8c84fa94-04c1-424b-9868-57a2d4851a1d" relativeResultsDirectory="0baf295f-784a-4c2e-a7c8-0d3eb45afc3c" />
    <UnitTestResult executionId="b0b8bdb5-5744-4efd-a44c-bb538646c498" testId="9a0ba9e1-4985-13b4-72fc-e53d814baa81" testName="Sillar.Modules.Cms.Tests.VigenciaPublicacionTests.Estado_administrativo_respeta_la_misma_ventana(isActive: True, startMinutes: 1, endMinutes: null, expected: Scheduled)" computerName="archlinux" duration="00:00:00.0131327" startTime="2026-10-04T12:46:57.7303039-05:00" endTime="2026-10-04T12:46:57.7435791-05:00" testType="13cdc9d9-ddb5-4fa4-a97d-d965ccfc6d4b" outcome="Passed" testListId="8c84fa94-04c1-424b-9868-57a2d4851a1d" relativeResultsDirectory="b0b8bdb5-5744-4efd-a44c-bb538646c498" />
    <UnitTestResult executionId="2c975bb4-1278-4f57-8891-5a4dc3178c54" testId="d45286f7-7abb-f02e-94b2-bfcac5476f6e" testName="Sillar.Modules.Cms.Tests.ContratosHttpTests.Destacados_exponen_el_snapshot_sin_precio_formateado" computerName="archlinux" duration="00:00:00.0210820" startTime="2026-10-04T12:46:58.6146191-05:00" endTime="2026-10-04T12:46:58.6358184-05:00" testType="13cdc9d9-ddb5-4fa4-a97d-d965ccfc6d4b" outcome="Passed" testListId="8c84fa94-04c1-424b-9868-57a2d4851a1d" relativeResultsDirectory="2c975bb4-1278-4f57-8891-5a4dc3178c54" />
    <UnitTestResult executionId="6f6c9683-a679-4c48-8d85-2b89e99165ed" testId="26fc2f0a-013a-025d-9280-8692c9ac9f61" testName="Sillar.Modules.Cms.Tests.ProductoDestacadoTests.Releer_el_snapshot_sobrescribe_el_estado_del_producto_y_es_idempotente" computerName="archlinux" duration="00:00:00.0492173" startTime="2026-10-04T12:46:58.1976157-05:00" endTime="2026-10-04T12:46:58.2470084-05:00" testType="13cdc9d9-ddb5-4fa4-a97d-d965ccfc6d4b" outcome="Passed" testListId="8c84fa94-04c1-424b-9868-57a2d4851a1d" relativeResultsDirectory="6f6c9683-a679-4c48-8d85-2b89e99165ed" />
    <UnitTestResult executionId="1eaa6fd3-bb61-4f93-a2d0-8f815e6b7c65" testId="4eea0ad0-53b9-967e-2a0f-04ced988a2fb" testName="Sillar.Modules.Cms.Tests.ContratosHttpTests.Las_tres_respuestas_programables_exponen_un_estado_controlado" computerName="archlinux" duration="00:00:00.9843700" startTime="2026-10-04T12:46:57.6013366-05:00" endTime="2026-10-04T12:46:58.5858319-05:00" testType="13cdc9d9-ddb5-4fa4-a97d-d965ccfc6d4b" outcome="Passed" testListId="8c84fa94-04c1-424b-9868-57a2d4851a1d" relativeResultsDirectory="1eaa6fd3-bb61-4f93-a2d0-8f815e6b7c65" />
    <UnitTestResult executionId="0baa14f8-133c-4242-8400-159ca9cd2b04" testId="ae752757-12de-159e-e35d-ed5af30161fc" testName="Sillar.Modules.Cms.Tests.VigenciaPublicacionTests.Termina_exactamente_ahora_y_ya_no_esta_vigente" computerName="archlinux" duration="00:00:00.0250527" startTime="2026-10-04T12:46:57.9652248-05:00" endTime="2026-10-04T12:46:57.9904127-05:00" testType="13cdc9d9-ddb5-4fa4-a97d-d965ccfc6d4b" outcome="Passed" testListId="8c84fa94-04c1-424b-9868-57a2d4851a1d" relativeResultsDirectory="0baa14f8-133c-4242-8400-159ca9cd2b04" />
    <UnitTestResult executionId="c488565f-caf2-49ee-b0a8-d9fae8234c47" testId="92b340f3-9214-4604-e3e7-168e985a784a" testName="Sillar.Modules.Cms.Tests.ReglasContenidoTests.Enlace_sin_texto_visible_se_rechaza" computerName="archlinux" duration="00:00:00.0073155" startTime="2026-10-04T12:46:57.7814205-05:00" endTime="2026-10-04T12:46:57.7888580-05:00" testType="13cdc9d9-ddb5-4fa4-a97d-d965ccfc6d4b" outcome="Passed" testListId="8c84fa94-04c1-424b-9868-57a2d4851a1d" relativeResultsDirectory="c488565f-caf2-49ee-b0a8-d9fae8234c47" />
    <UnitTestResult executionId="028ae202-669b-489d-9f56-26bfae6426a1" testId="f7eb6ac8-8fb0-7525-e01d-46c0b5cba93f" testName="Sillar.Modules.Cms.Tests.ProductoDestacadoTests.Producto_publico_y_enlazado_puede_publicarse" computerName="archlinux" duration="00:00:00.0081675" startTime="2026-10-04T12:46:58.2794479-05:00" endTime="2026-10-04T12:46:58.2877357-05:00" testType="13cdc9d9-ddb5-4fa4-a97d-d965ccfc6d4b" outcome="Passed" testListId="8c84fa94-04c1-424b-9868-57a2d4851a1d" relativeResultsDirectory="028ae202-669b-489d-9f56-26bfae6426a1" />
    <UnitTestResult executionId="3f9c4d51-12f0-4ea3-99ed-2925c6ad4a5e" testId="ae1e1ea8-1ec8-f0f0-fbeb-24f389aaa015" testName="Sillar.Modules.Cms.Tests.ReglasContenidoTests.Plataforma_social_se_normaliza(original: &quot;Instagram&quot;, expected: &quot;instagram&quot;)" computerName="archlinux" duration="00:00:00.0231023" startTime="2026-10-04T12:46:57.7250762-05:00" endTime="2026-10-04T12:46:57.7483290-05:00" testType="13cdc9d9-ddb5-4fa4-a97d-d965ccfc6d4b" outcome="Passed" testListId="8c84fa94-04c1-424b-9868-57a2d4851a1d" relativeResultsDirectory="3f9c4d51-12f0-4ea3-99ed-2925c6ad4a5e" />
    <UnitTestResult executionId="ed0a480b-3724-4b43-8d62-ea04dcc2a0a6" testId="40e1b59a-74dc-a9cc-8ec6-0b2a8d63ebe5" testName="Sillar.Modules.Cms.Tests.ProductoDestacadoTests.Snapshot_con_producto_no_esta_pendiente_de_volver_a_enlazar" computerName="archlinux" duration="00:00:00.0011587" startTime="2026-10-04T12:46:58.2591754-05:00" endTime="2026-10-04T12:46:58.2604622-05:00" testType="13cdc9d9-ddb5-4fa4-a97d-d965ccfc6d4b" outcome="Passed" testListId="8c84fa94-04c1-424b-9868-57a2d4851a1d" relativeResultsDirectory="ed0a480b-3724-4b43-8d62-ea04dcc2a0a6" />
    <UnitTestResult executionId="a373efa5-0bff-4f46-86fd-4ef0faa97102" testId="1c8fc005-8044-a696-d66f-4e23f38964b5" testName="Sillar.Modules.Cms.Tests.ReglasContenidoTests.Imagen_sin_texto_alternativo_se_rechaza" computerName="archlinux" duration="00:00:00.2346808" startTime="2026-10-04T12:46:57.1040634-05:00" endTime="2026-10-04T12:46:57.4712198-05:00" testType="13cdc9d9-ddb5-4fa4-a97d-d965ccfc6d4b" outcome="Passed" testListId="8c84fa94-04c1-424b-9868-57a2d4851a1d" relativeResultsDirectory="a373efa5-0bff-4f46-86fd-4ef0faa97102" />
    <UnitTestResult executionId="18c6a55e-7d55-4a6c-8f17-70d729a96bd8" testId="dac88155-904c-9d43-1fc8-a561bf39c1c0" testName="Sillar.Modules.Cms.Tests.ReglasContenidoTests.Fecha_de_fin_anterior_nombra_la_fecha_que_hay_que_corregir" computerName="archlinux" duration="00:00:00.0131036" startTime="2026-10-04T12:46:57.8556978-05:00" endTime="2026-10-04T12:46:57.8689530-05:00" testType="13cdc9d9-ddb5-4fa4-a97d-d965ccfc6d4b" outcome="Passed" testListId="8c84fa94-04c1-424b-9868-57a2d4851a1d" relativeResultsDirectory="18c6a55e-7d55-4a6c-8f17-70d729a96bd8" />
    <UnitTestResult executionId="39b7290d-f2c0-4046-9014-0cb857d0ecb7" testId="108af5c5-b3c6-7c09-3805-e972a56df983" testName="Sillar.Modules.Cms.Tests.ProductoDestacadoTests.Respuesta_conserva_precio_nulo_cero_y_positivo_como_estados_distintos" computerName="archlinux" duration="00:00:01.0093500" startTime="2026-10-04T12:46:57.1039241-05:00" endTime="2026-10-04T12:46:58.1946037-05:00" testType="13cdc9d9-ddb5-4fa4-a97d-d965ccfc6d4b" outcome="Passed" testListId="8c84fa94-04c1-424b-9868-57a2d4851a1d" relativeResultsDirectory="39b7290d-f2c0-4046-9014-0cb857d0ecb7" />
    <UnitTestResult executionId="d23ca167-8c0a-4225-8e0e-90a3053e4e79" testId="d58d6dcf-08c5-bb13-5167-0a4afebe610c" testName="Sillar.Modules.Cms.Tests.ProductoDestacadoTests.Producto_no_publico_no_puede_publicarse" computerName="archlinux" duration="00:00:00.0066435" startTime="2026-10-04T12:46:58.2907366-05:00" endTime="2026-10-04T12:46:58.2980494-05:00" testType="13cdc9d9-ddb5-4fa4-a97d-d965ccfc6d4b" outcome="Passed" testListId="8c84fa94-04c1-424b-9868-57a2d4851a1d" relativeResultsDirectory="d23ca167-8c0a-4225-8e0e-90a3053e4e79" />
    <UnitTestResult executionId="1c24d10e-89ae-44f8-8abe-62a4035e029a" testId="c46a7e98-3e73-27cc-b33f-fc8bd4501781" testName="Sillar.Modules.Cms.Tests.ProductoDestacadoTests.Snapshot_sin_producto_esta_pendiente_de_volver_a_enlazar" computerName="archlinux" duration="00:00:00.0067050" startTime="2026-10-04T12:46:58.3126482-05:00" endTime="2026-10-04T12:46:58.3194665-05:00" testType="13cdc9d9-ddb5-4fa4-a97d-d965ccfc6d4b" outcome="Passed" testListId="8c84fa94-04c1-424b-9868-57a2d4851a1d" relativeResultsDirectory="1c24d10e-89ae-44f8-8abe-62a4035e029a" />
    <UnitTestResult executionId="3e3ac50c-f6c7-424d-b92b-fb7835245234" testId="2f24a5cc-285e-47cd-be99-2f414a2952be" testName="Sillar.Modules.Cms.Tests.ReglasContenidoTests.Plataforma_social_fuera_de_la_lista_se_rechaza" computerName="archlinux" duration="00:00:00.0016218" startTime="2026-10-04T12:46:57.8405948-05:00" endTime="2026-10-04T12:46:57.8423659-05:00" testType="13cdc9d9-ddb5-4fa4-a97d-d965ccfc6d4b" outcome="Passed" testListId="8c84fa94-04c1-424b-9868-57a2d4851a1d" relativeResultsDirectory="3e3ac50c-f6c7-424d-b92b-fb7835245234" />
    <UnitTestResult executionId="f3f05116-b80e-43ae-a09f-685602f54c67" testId="d8e7afb4-534c-45a6-534f-15cefbbd9af0" testName="Sillar.Modules.Cms.Tests.ContratosHttpTests.Administracion_de_trabajos_distingue_los_incompletos" computerName="archlinux" duration="00:00:00.0123646" startTime="2026-10-04T12:46:57.5716057-05:00" endTime="2026-10-04T12:46:57.5841190-05:00" testType="13cdc9d9-ddb5-4fa4-a97d-d965ccfc6d4b" outcome="Passed" testListId="8c84fa94-04c1-424b-9868-57a2d4851a1d" relativeResultsDirectory="f3f05116-b80e-43ae-a09f-685602f54c67" />
    <UnitTestResult executionId="85cf275c-3026-4acb-9933-c7d72755f944" testId="e9707448-f02e-cfdd-57d7-b3c6599f880e" testName="Sillar.Modules.Cms.Tests.ReglasContenidoTests.Plataforma_social_se_normaliza(original: &quot; WHATSAPP &quot;, expected: &quot;whatsapp&quot;)" computerName="archlinux" duration="00:00:00.0008909" startTime="2026-10-04T12:46:57.7492465-05:00" endTime="2026-10-04T12:46:57.7502724-05:00" testType="13cdc9d9-ddb5-4fa4-a97d-d965ccfc6d4b" outcome="Passed" testListId="8c84fa94-04c1-424b-9868-57a2d4851a1d" relativeResultsDirectory="85cf275c-3026-4acb-9933-c7d72755f944" />
    <UnitTestResult executionId="5fceebe5-a454-4713-9dd4-af5499e16b4d" testId="679f9131-28d1-8593-f0f0-85e385b88773" testName="Sillar.Modules.Cms.Tests.VigenciaPublicacionTests.Estado_administrativo_respeta_la_misma_ventana(isActive: True, startMinutes: -1, endMinutes: null, expected: Current)" computerName="archlinux" duration="00:00:00.0244869" startTime="2026-10-04T12:46:57.6899959-05:00" endTime="2026-10-04T12:46:57.7146003-05:00" testType="13cdc9d9-ddb5-4fa4-a97d-d965ccfc6d4b" outcome="Passed" testListId="8c84fa94-04c1-424b-9868-57a2d4851a1d" relativeResultsDirectory="5fceebe5-a454-4713-9dd4-af5499e16b4d" />
    <UnitTestResult executionId="dca02e8f-09d8-4d59-bb35-60bee88335ca" testId="dada8ca8-4b93-2576-7dc2-24ad301081c5" testName="Sillar.Modules.Cms.Tests.VigenciaPublicacionTests.Banners_promociones_y_destacados_usan_la_misma_clasificacion" computerName="archlinux" duration="00:00:00.0679353" startTime="2026-10-04T12:46:57.8956538-05:00" endTime="2026-10-04T12:46:57.9637713-05:00" testType="13cdc9d9-ddb5-4fa4-a97d-d965ccfc6d4b" outcome="Passed" testListId="8c84fa94-04c1-424b-9868-57a2d4851a1d" relativeResultsDirectory="dca02e8f-09d8-4d59-bb35-60bee88335ca" />
    <UnitTestResult executionId="d81009bb-d27e-4347-9cf5-d7151d2322c5" testId="7a326ffb-1619-09b8-57b3-ecbcf3aa5a27" testName="Sillar.Modules.Cms.Tests.ReactivacionRedSocialTests.Reactivar_una_activa_es_idempotente_y_un_id_inexistente_no_se_inventa" computerName="archlinux" duration="00:00:00.4056505" startTime="2026-10-04T12:47:12.9649515-05:00" endTime="2026-10-04T12:47:13.3711574-05:00" testType="13cdc9d9-ddb5-4fa4-a97d-d965ccfc6d4b" outcome="Passed" testListId="8c84fa94-04c1-424b-9868-57a2d4851a1d" relativeResultsDirectory="d81009bb-d27e-4347-9cf5-d7151d2322c5" />
    <UnitTestResult executionId="bc54b2ca-9965-4ab6-bed1-b2e732136257" testId="f8a5ec4b-5c6e-5e77-49e2-4283b545d0f8" testName="Sillar.Modules.Cms.Tests.ContratosHttpTests.Ninguna_respuesta_publica_expone_identificadores_de_medios" computerName="archlinux" duration="00:00:00.0192513" startTime="2026-10-04T12:46:58.5894960-05:00" endTime="2026-10-04T12:46:58.6132064-05:00" testType="13cdc9d9-ddb5-4fa4-a97d-d965ccfc6d4b" outcome="Passed" testListId="8c84fa94-04c1-424b-9868-57a2d4851a1d" relativeResultsDirectory="bc54b2ca-9965-4ab6-bed1-b2e732136257" />
    <UnitTestResult executionId="d0f6ef5d-c504-430c-b33d-95014caea3f7" testId="f4ad1f79-869d-1cd7-30db-6fe774713aca" testName="Sillar.Modules.Cms.Tests.ReglasContenidoTests.Ruta_interna_y_https_con_etiqueta_se_aceptan(url: &quot;/catalogo&quot;)" computerName="archlinux" duration="00:00:00.0186823" startTime="2026-10-04T12:46:57.6032309-05:00" endTime="2026-10-04T12:46:57.6220843-05:00" testType="13cdc9d9-ddb5-4fa4-a97d-d965ccfc6d4b" outcome="Passed" testListId="8c84fa94-04c1-424b-9868-57a2d4851a1d" relativeResultsDirectory="d0f6ef5d-c504-430c-b33d-95014caea3f7" />
    <UnitTestResult executionId="929125b8-735c-4de5-8d43-e79511c7adf7" testId="0aef47ae-88ca-2448-586e-ae6e6f8233bc" testName="Sillar.Modules.Cms.Tests.ReglasContenidoTests.Fecha_de_fin_igual_al_inicio_tambien_se_rechaza" computerName="archlinux" duration="00:00:00.0083871" startTime="2026-10-04T12:46:57.7682970-05:00" endTime="2026-10-04T12:46:57.7767936-05:00" testType="13cdc9d9-ddb5-4fa4-a97d-d965ccfc6d4b" outcome="Passed" testListId="8c84fa94-04c1-424b-9868-57a2d4851a1d" relativeResultsDirectory="929125b8-735c-4de5-8d43-e79511c7adf7" />
    <UnitTestResult executionId="e63afc9b-4eb6-4904-939f-fd9654f49039" testId="501469e5-a4e3-8677-c644-947ad2a6aeca" testName="Sillar.Modules.Cms.Tests.VigenciaPublicacionTests.Estado_administrativo_respeta_la_misma_ventana(isActive: True, startMinutes: 0, endMinutes: 1, expected: Current)" computerName="archlinux" duration="00:00:00.0871920" startTime="2026-10-04T12:46:57.5932561-05:00" endTime="2026-10-04T12:46:57.6805656-05:00" testType="13cdc9d9-ddb5-4fa4-a97d-d965ccfc6d4b" outcome="Passed" testListId="8c84fa94-04c1-424b-9868-57a2d4851a1d" relativeResultsDirectory="e63afc9b-4eb6-4904-939f-fd9654f49039" />
    <UnitTestResult executionId="5257432e-552e-4a9f-b7be-9175ad04be3a" testId="2064bd9e-2263-d198-da3d-0db71bf41511" testName="Sillar.Modules.Cms.Tests.ReactivacionRedSocialTests.Reactivar_exige_editor_y_admin_para_aplicar_la_jerarquia_existente" computerName="archlinux" duration="00:00:00.8146051" startTime="2026-10-04T12:47:13.3888629-05:00" endTime="2026-10-04T12:47:14.2036745-05:00" testType="13cdc9d9-ddb5-4fa4-a97d-d965ccfc6d4b" outcome="Passed" testListId="8c84fa94-04c1-424b-9868-57a2d4851a1d" relativeResultsDirectory="5257432e-552e-4a9f-b7be-9175ad04be3a" />
    <UnitTestResult executionId="2fa852c6-8b4c-452e-b8e8-366b5bc596cd" testId="6de6ef29-c0da-5ad4-3808-520a2a6247cd" testName="Sillar.Modules.Cms.Tests.ReordenamientoTests.Omitir_un_elemento_invalida_la_lista_completa" computerName="archlinux" duration="00:00:00.0049788" startTime="2026-10-04T12:46:57.6436720-05:00" endTime="2026-10-04T12:46:57.6487592-05:00" testType="13cdc9d9-ddb5-4fa4-a97d-d965ccfc6d4b" outcome="Passed" testListId="8c84fa94-04c1-424b-9868-57a2d4851a1d" relativeResultsDirectory="2fa852c6-8b4c-452e-b8e8-366b5bc596cd" />
    <UnitTestResult executionId="cb2cbb00-ac56-46e4-a508-92d185139324" testId="f2c32d36-8148-bd45-2c13-0b833d7963d4" testName="Sillar.Modules.Cms.Tests.VigenciaPublicacionTests.Banners_promociones_y_destacados_usan_la_misma_expresion" computerName="archlinux" duration="00:00:00.1038996" startTime="2026-10-04T12:46:57.7832915-05:00" endTime="2026-10-04T12:46:57.8873029-05:00" testType="13cdc9d9-ddb5-4fa4-a97d-d965ccfc6d4b" outcome="Passed" testListId="8c84fa94-04c1-424b-9868-57a2d4851a1d" relativeResultsDirectory="cb2cbb00-ac56-46e4-a508-92d185139324" />
    <UnitTestResult executionId="532326a2-9dd3-4c40-b31f-d82b6002bb47" testId="4c7b8df8-75dd-6575-b7f2-cc9d400be737" testName="Sillar.Modules.Cms.Tests.ReglasContenidoTests.Texto_alternativo_de_espacios_se_rechaza_aunque_no_haya_imagen" computerName="archlinux" duration="00:00:00.0004040" startTime="2026-10-04T12:46:57.7596415-05:00" endTime="2026-10-04T12:46:57.7601554-05:00" testType="13cdc9d9-ddb5-4fa4-a97d-d965ccfc6d4b" outcome="Passed" testListId="8c84fa94-04c1-424b-9868-57a2d4851a1d" relativeResultsDirectory="532326a2-9dd3-4c40-b31f-d82b6002bb47" />
    <UnitTestResult executionId="c4fc578b-066a-4ca9-b359-cd594c89644f" testId="c77916d6-1ad2-a193-7f37-d09ae813d2a8" testName="Sillar.Modules.Cms.Tests.ProductoDestacadoTests.Precio_negativo_se_rechaza" computerName="archlinux" duration="00:00:00.0110003" startTime="2026-10-04T12:46:58.2994232-05:00" endTime="2026-10-04T12:46:58.3105384-05:00" testType="13cdc9d9-ddb5-4fa4-a97d-d965ccfc6d4b" outcome="Passed" testListId="8c84fa94-04c1-424b-9868-57a2d4851a1d" relativeResultsDirectory="c4fc578b-066a-4ca9-b359-cd594c89644f" />
    <UnitTestResult executionId="225645cf-3c4b-459f-9835-1680a53364d7" testId="1cd7d2f5-d083-ce86-adaf-db2f9e0b5008" testName="Sillar.Modules.Cms.Tests.ContratosHttpTests.Trabajos_y_redes_no_exponen_estado_de_ventana" computerName="archlinux" duration="00:00:00.0006546" startTime="2026-10-04T12:46:58.6367808-05:00" endTime="2026-10-04T12:46:58.6446694-05:00" testType="13cdc9d9-ddb5-4fa4-a97d-d965ccfc6d4b" outcome="Passed" testListId="8c84fa94-04c1-424b-9868-57a2d4851a1d" relativeResultsDirectory="225645cf-3c4b-459f-9835-1680a53364d7" />
    <UnitTestResult executionId="52058df9-87e1-40ef-9d8e-cbf85b7125ed" testId="8257b719-3ef5-439c-d9a9-9a2366d2e1be" testName="Sillar.Modules.Cms.Tests.ProductoDestacadoTests.Precio_a_consultar_gratis_y_positivo_son_validos" computerName="archlinux" duration="00:00:00.0064108" startTime="2026-10-04T12:46:58.2484669-05:00" endTime="2026-10-04T12:46:58.2550210-05:00" testType="13cdc9d9-ddb5-4fa4-a97d-d965ccfc6d4b" outcome="Passed" testListId="8c84fa94-04c1-424b-9868-57a2d4851a1d" relativeResultsDirectory="52058df9-87e1-40ef-9d8e-cbf85b7125ed" />
    <UnitTestResult executionId="16716d2e-7af6-4fe3-ab02-108b3a05ad1f" testId="ef5f9c2b-1ed7-834d-37fd-a17dedefb406" testName="Sillar.Modules.Cms.Tests.VigenciaPublicacionTests.Estado_administrativo_respeta_la_misma_ventana(isActive: True, startMinutes: -1, endMinutes: 0, expected: Expired)" computerName="archlinux" duration="00:00:00.0136584" startTime="2026-10-04T12:46:57.7155749-05:00" endTime="2026-10-04T12:46:57.7293500-05:00" testType="13cdc9d9-ddb5-4fa4-a97d-d965ccfc6d4b" outcome="Passed" testListId="8c84fa94-04c1-424b-9868-57a2d4851a1d" relativeResultsDirectory="16716d2e-7af6-4fe3-ab02-108b3a05ad1f" />
    <UnitTestResult executionId="cc8eb7e5-0f41-494e-8f32-b89553554a30" testId="dac30810-fbfb-2322-8292-3168f4a77b3a" testName="Sillar.Modules.Cms.Tests.ReordenamientoTests.Una_seccion_vacia_acepta_una_lista_vacia" computerName="archlinux" duration="00:00:00.0617519" startTime="2026-10-04T12:46:57.5775692-05:00" endTime="2026-10-04T12:46:57.6394442-05:00" testType="13cdc9d9-ddb5-4fa4-a97d-d965ccfc6d4b" outcome="Passed" testListId="8c84fa94-04c1-424b-9868-57a2d4851a1d" relativeResultsDirectory="cc8eb7e5-0f41-494e-8f32-b89553554a30" />
    <UnitTestResult executionId="51710399-f79f-455d-80ac-34c42a7400a4" testId="8d31f899-55d4-eb51-ed69-f1dc9b109b6b" testName="Sillar.Modules.Cms.Tests.ReordenamientoTests.Cinco_elementos_reciben_exactamente_el_orden_solicitado" computerName="archlinux" duration="00:00:00.3145003" startTime="2026-10-04T12:46:57.6592594-05:00" endTime="2026-10-04T12:46:57.9772780-05:00" testType="13cdc9d9-ddb5-4fa4-a97d-d965ccfc6d4b" outcome="Passed" testListId="8c84fa94-04c1-424b-9868-57a2d4851a1d" relativeResultsDirectory="51710399-f79f-455d-80ac-34c42a7400a4" />
    <UnitTestResult executionId="975f7a59-fd58-4a4c-9237-ddb440b07548" testId="3d36ab32-1d17-631d-c047-bb0c5e331769" testName="Sillar.Modules.Cms.Tests.VigenciaPublicacionTests.Estado_administrativo_respeta_la_misma_ventana(isActive: False, startMinutes: null, endMinutes: null, expected: Inactive)" computerName="archlinux" duration="00:00:00.0072409" startTime="2026-10-04T12:46:57.6814787-05:00" endTime="2026-10-04T12:46:57.6888412-05:00" testType="13cdc9d9-ddb5-4fa4-a97d-d965ccfc6d4b" outcome="Passed" testListId="8c84fa94-04c1-424b-9868-57a2d4851a1d" relativeResultsDirectory="975f7a59-fd58-4a4c-9237-ddb440b07548" />
    <UnitTestResult executionId="69018341-5c75-42ba-ad50-8e4042f18bdb" testId="81340934-287f-2a44-464a-666781d8d82c" testName="Sillar.Modules.Cms.Tests.EventosCatalogoTests.Los_tres_manejadores_se_registran_como_singleton_para_el_bus_raiz" computerName="archlinux" duration="00:00:00.3512769" startTime="2026-10-04T12:46:57.1040425-05:00" endTime="2026-10-04T12:46:57.5376592-05:00" testType="13cdc9d9-ddb5-4fa4-a97d-d965ccfc6d4b" outcome="Passed" testListId="8c84fa94-04c1-424b-9868-57a2d4851a1d" relativeResultsDirectory="69018341-5c75-42ba-ad50-8e4042f18bdb" />
    <UnitTestResult executionId="0ef8a3bb-2127-468f-8b76-8265a8ef5bc0" testId="bd48907b-13cd-4cd1-9a0f-5105d31d3f5c" testName="Sillar.Modules.Cms.Tests.ReordenamientoTests.Un_identificador_repetido_no_produce_asignaciones_parciales" computerName="archlinux" duration="00:00:00.2966279" startTime="2026-10-04T12:46:57.1039555-05:00" endTime="2026-10-04T12:46:57.4846671-05:00" testType="13cdc9d9-ddb5-4fa4-a97d-d965ccfc6d4b" outcome="Passed" testListId="8c84fa94-04c1-424b-9868-57a2d4851a1d" relativeResultsDirectory="0ef8a3bb-2127-468f-8b76-8265a8ef5bc0" />
    <UnitTestResult executionId="aa3ee416-835b-4288-96b1-3b07da36db40" testId="0383b86f-4dd4-df49-eda7-f3f22c92c4e4" testName="Sillar.Modules.Cms.Tests.TrabajoDestacadoTests.Con_imagen_activa_y_texto_alternativo_el_trabajo_esta_completo" computerName="archlinux" duration="00:00:00.0043207" startTime="2026-10-04T12:46:57.5938540-05:00" endTime="2026-10-04T12:46:57.5983298-05:00" testType="13cdc9d9-ddb5-4fa4-a97d-d965ccfc6d4b" outcome="Passed" testListId="8c84fa94-04c1-424b-9868-57a2d4851a1d" relativeResultsDirectory="aa3ee416-835b-4288-96b1-3b07da36db40" />
  </Results>
  <TestDefinitions>
    <UnitTest name="Sillar.Modules.Cms.Tests.ProductoDestacadoTests.Releer_el_snapshot_sobrescribe_el_estado_del_producto_y_es_idempotente" storage="/home/jp777/sillar-qa-m04/backend/sillar.modules.cms.tests/bin/debug/net10.0/sillar.modules.cms.tests.dll" id="26fc2f0a-013a-025d-9280-8692c9ac9f61">
      <Execution id="6f6c9683-a679-4c48-8d85-2b89e99165ed" />
      <TestMethod codeBase="/home/JP777/sillar-qa-m04/backend/Sillar.Modules.Cms.Tests/bin/Debug/net10.0/Sillar.Modules.Cms.Tests.dll" adapterTypeName="executor://xunit/VsTestRunner3/netcore/" className="Sillar.Modules.Cms.Tests.ProductoDestacadoTests" name="Releer_el_snapshot_sobrescribe_el_estado_del_producto_y_es_idempotente" />
    </UnitTest>
    <UnitTest name="Sillar.Modules.Cms.Tests.VigenciaPublicacionTests.Estado_administrativo_respeta_la_misma_ventana(isActive: True, startMinutes: -1, endMinutes: null, expected: Current)" storage="/home/jp777/sillar-qa-m04/backend/sillar.modules.cms.tests/bin/debug/net10.0/sillar.modules.cms.tests.dll" id="679f9131-28d1-8593-f0f0-85e385b88773">
      <Execution id="5fceebe5-a454-4713-9dd4-af5499e16b4d" />
      <TestMethod codeBase="/home/JP777/sillar-qa-m04/backend/Sillar.Modules.Cms.Tests/bin/Debug/net10.0/Sillar.Modules.Cms.Tests.dll" adapterTypeName="executor://xunit/VsTestRunner3/netcore/" className="Sillar.Modules.Cms.Tests.VigenciaPublicacionTests" name="Estado_administrativo_respeta_la_misma_ventana" />
    </UnitTest>
    <UnitTest name="Sillar.Modules.Cms.Tests.ReglasContenidoTests.Fecha_de_fin_igual_al_inicio_tambien_se_rechaza" storage="/home/jp777/sillar-qa-m04/backend/sillar.modules.cms.tests/bin/debug/net10.0/sillar.modules.cms.tests.dll" id="0aef47ae-88ca-2448-586e-ae6e6f8233bc">
      <Execution id="929125b8-735c-4de5-8d43-e79511c7adf7" />
      <TestMethod codeBase="/home/JP777/sillar-qa-m04/backend/Sillar.Modules.Cms.Tests/bin/Debug/net10.0/Sillar.Modules.Cms.Tests.dll" adapterTypeName="executor://xunit/VsTestRunner3/netcore/" className="Sillar.Modules.Cms.Tests.ReglasContenidoTests" name="Fecha_de_fin_igual_al_inicio_tambien_se_rechaza" />
    </UnitTest>
    <UnitTest name="Sillar.Modules.Cms.Tests.ContratosHttpTests.Las_tres_respuestas_programables_exponen_un_estado_controlado" storage="/home/jp777/sillar-qa-m04/backend/sillar.modules.cms.tests/bin/debug/net10.0/sillar.modules.cms.tests.dll" id="4eea0ad0-53b9-967e-2a0f-04ced988a2fb">
      <Execution id="1eaa6fd3-bb61-4f93-a2d0-8f815e6b7c65" />
      <TestMethod codeBase="/home/JP777/sillar-qa-m04/backend/Sillar.Modules.Cms.Tests/bin/Debug/net10.0/Sillar.Modules.Cms.Tests.dll" adapterTypeName="executor://xunit/VsTestRunner3/netcore/" className="Sillar.Modules.Cms.Tests.ContratosHttpTests" name="Las_tres_respuestas_programables_exponen_un_estado_controlado" />
    </UnitTest>
    <UnitTest name="Sillar.Modules.Cms.Tests.VigenciaPublicacionTests.Banners_promociones_y_destacados_usan_la_misma_expresion" storage="/home/jp777/sillar-qa-m04/backend/sillar.modules.cms.tests/bin/debug/net10.0/sillar.modules.cms.tests.dll" id="f2c32d36-8148-bd45-2c13-0b833d7963d4">
      <Execution id="cb2cbb00-ac56-46e4-a508-92d185139324" />
      <TestMethod codeBase="/home/JP777/sillar-qa-m04/backend/Sillar.Modules.Cms.Tests/bin/Debug/net10.0/Sillar.Modules.Cms.Tests.dll" adapterTypeName="executor://xunit/VsTestRunner3/netcore/" className="Sillar.Modules.Cms.Tests.VigenciaPublicacionTests" name="Banners_promociones_y_destacados_usan_la_misma_expresion" />
    </UnitTest>
    <UnitTest name="Sillar.Modules.Cms.Tests.TrabajoDestacadoTests.Con_medio_inactivo_el_trabajo_esta_incompleto" storage="/home/jp777/sillar-qa-m04/backend/sillar.modules.cms.tests/bin/debug/net10.0/sillar.modules.cms.tests.dll" id="bbb2927a-52e6-f9cb-9e11-9f5d4855a928">
      <Execution id="a53dfa08-d653-4c5d-aa47-d688dc837723" />
      <TestMethod codeBase="/home/JP777/sillar-qa-m04/backend/Sillar.Modules.Cms.Tests/bin/Debug/net10.0/Sillar.Modules.Cms.Tests.dll" adapterTypeName="executor://xunit/VsTestRunner3/netcore/" className="Sillar.Modules.Cms.Tests.TrabajoDestacadoTests" name="Con_medio_inactivo_el_trabajo_esta_incompleto" />
    </UnitTest>
    <UnitTest name="Sillar.Modules.Cms.Tests.VigenciaPublicacionTests.Estado_administrativo_respeta_la_misma_ventana(isActive: True, startMinutes: 0, endMinutes: 1, expected: Current)" storage="/home/jp777/sillar-qa-m04/backend/sillar.modules.cms.tests/bin/debug/net10.0/sillar.modules.cms.tests.dll" id="501469e5-a4e3-8677-c644-947ad2a6aeca">
      <Execution id="e63afc9b-4eb6-4904-939f-fd9654f49039" />
      <TestMethod codeBase="/home/JP777/sillar-qa-m04/backend/Sillar.Modules.Cms.Tests/bin/Debug/net10.0/Sillar.Modules.Cms.Tests.dll" adapterTypeName="executor://xunit/VsTestRunner3/netcore/" className="Sillar.Modules.Cms.Tests.VigenciaPublicacionTests" name="Estado_administrativo_respeta_la_misma_ventana" />
    </UnitTest>
    <UnitTest name="Sillar.Modules.Cms.Tests.ReordenamientoTests.Un_identificador_inexistente_invalida_el_plan_entero" storage="/home/jp777/sillar-qa-m04/backend/sillar.modules.cms.tests/bin/debug/net10.0/sillar.modules.cms.tests.dll" id="32e1971e-446a-2642-6c1a-46a2bf37a1d7">
      <Execution id="18703eaf-2644-4a22-9af4-fbedc7667e7c" />
      <TestMethod codeBase="/home/JP777/sillar-qa-m04/backend/Sillar.Modules.Cms.Tests/bin/Debug/net10.0/Sillar.Modules.Cms.Tests.dll" adapterTypeName="executor://xunit/VsTestRunner3/netcore/" className="Sillar.Modules.Cms.Tests.ReordenamientoTests" name="Un_identificador_inexistente_invalida_el_plan_entero" />
    </UnitTest>
    <UnitTest name="Sillar.Modules.Cms.Tests.ReactivacionRedSocialTests.Reactivar_exige_editor_y_admin_para_aplicar_la_jerarquia_existente" storage="/home/jp777/sillar-qa-m04/backend/sillar.modules.cms.tests/bin/debug/net10.0/sillar.modules.cms.tests.dll" id="2064bd9e-2263-d198-da3d-0db71bf41511">
      <Execution id="5257432e-552e-4a9f-b7be-9175ad04be3a" />
      <TestMethod codeBase="/home/JP777/sillar-qa-m04/backend/Sillar.Modules.Cms.Tests/bin/Debug/net10.0/Sillar.Modules.Cms.Tests.dll" adapterTypeName="executor://xunit/VsTestRunner3/netcore/" className="Sillar.Modules.Cms.Tests.ReactivacionRedSocialTests" name="Reactivar_exige_editor_y_admin_para_aplicar_la_jerarquia_existente" />
    </UnitTest>
    <UnitTest name="Sillar.Modules.Cms.Tests.ContratosHttpTests.Administracion_distingue_el_estado_del_producto_del_estado_del_destacado" storage="/home/jp777/sillar-qa-m04/backend/sillar.modules.cms.tests/bin/debug/net10.0/sillar.modules.cms.tests.dll" id="7fdcbdfc-761e-bd12-f7ad-ec7daa65e5d4">
      <Execution id="bffbe8e2-f020-4a36-b6c2-799496b8bf45" />
      <TestMethod codeBase="/home/JP777/sillar-qa-m04/backend/Sillar.Modules.Cms.Tests/bin/Debug/net10.0/Sillar.Modules.Cms.Tests.dll" adapterTypeName="executor://xunit/VsTestRunner3/netcore/" className="Sillar.Modules.Cms.Tests.ContratosHttpTests" name="Administracion_distingue_el_estado_del_producto_del_estado_del_destacado" />
    </UnitTest>
    <UnitTest name="Sillar.Modules.Cms.Tests.ProductoDestacadoTests.Producto_publico_y_enlazado_puede_publicarse" storage="/home/jp777/sillar-qa-m04/backend/sillar.modules.cms.tests/bin/debug/net10.0/sillar.modules.cms.tests.dll" id="f7eb6ac8-8fb0-7525-e01d-46c0b5cba93f">
      <Execution id="028ae202-669b-489d-9f56-26bfae6426a1" />
      <TestMethod codeBase="/home/JP777/sillar-qa-m04/backend/Sillar.Modules.Cms.Tests/bin/Debug/net10.0/Sillar.Modules.Cms.Tests.dll" adapterTypeName="executor://xunit/VsTestRunner3/netcore/" className="Sillar.Modules.Cms.Tests.ProductoDestacadoTests" name="Producto_publico_y_enlazado_puede_publicarse" />
    </UnitTest>
    <UnitTest name="Sillar.Modules.Cms.Tests.ContratosHttpTests.Editar_no_permite_desactivar_ni_reordenar_por_un_campo_suelto" storage="/home/jp777/sillar-qa-m04/backend/sillar.modules.cms.tests/bin/debug/net10.0/sillar.modules.cms.tests.dll" id="d5637bfd-2d0f-6bf9-1490-a6979263ef33">
      <Execution id="daf55664-deaf-48b3-85f6-21b2952567bd" />
      <TestMethod codeBase="/home/JP777/sillar-qa-m04/backend/Sillar.Modules.Cms.Tests/bin/Debug/net10.0/Sillar.Modules.Cms.Tests.dll" adapterTypeName="executor://xunit/VsTestRunner3/netcore/" className="Sillar.Modules.Cms.Tests.ContratosHttpTests" name="Editar_no_permite_desactivar_ni_reordenar_por_un_campo_suelto" />
    </UnitTest>
    <UnitTest name="Sillar.Modules.Cms.Tests.VigenciaPublicacionTests.Estado_administrativo_respeta_la_misma_ventana(isActive: True, startMinutes: -1, endMinutes: 0, expected: Expired)" storage="/home/jp777/sillar-qa-m04/backend/sillar.modules.cms.tests/bin/debug/net10.0/sillar.modules.cms.tests.dll" id="ef5f9c2b-1ed7-834d-37fd-a17dedefb406">
      <Execution id="16716d2e-7af6-4fe3-ab02-108b3a05ad1f" />
      <TestMethod codeBase="/home/JP777/sillar-qa-m04/backend/Sillar.Modules.Cms.Tests/bin/Debug/net10.0/Sillar.Modules.Cms.Tests.dll" adapterTypeName="executor://xunit/VsTestRunner3/netcore/" className="Sillar.Modules.Cms.Tests.VigenciaPublicacionTests" name="Estado_administrativo_respeta_la_misma_ventana" />
    </UnitTest>
    <UnitTest name="Sillar.Modules.Cms.Tests.ReactivacionRedSocialTests.Crear_desactivar_y_reactivar_instagram_recupera_la_misma_fila" storage="/home/jp777/sillar-qa-m04/backend/sillar.modules.cms.tests/bin/debug/net10.0/sillar.modules.cms.tests.dll" id="169ffcf8-840f-1002-7f8a-ec4423846237">
      <Execution id="45668106-def6-44b5-8bb7-f3c758818494" />
      <TestMethod codeBase="/home/JP777/sillar-qa-m04/backend/Sillar.Modules.Cms.Tests/bin/Debug/net10.0/Sillar.Modules.Cms.Tests.dll" adapterTypeName="executor://xunit/VsTestRunner3/netcore/" className="Sillar.Modules.Cms.Tests.ReactivacionRedSocialTests" name="Crear_desactivar_y_reactivar_instagram_recupera_la_misma_fila" />
    </UnitTest>
    <UnitTest name="Sillar.Modules.Cms.Tests.TrabajoDestacadoTests.Con_imagen_activa_y_texto_alternativo_el_trabajo_esta_completo" storage="/home/jp777/sillar-qa-m04/backend/sillar.modules.cms.tests/bin/debug/net10.0/sillar.modules.cms.tests.dll" id="0383b86f-4dd4-df49-eda7-f3f22c92c4e4">
      <Execution id="aa3ee416-835b-4288-96b1-3b07da36db40" />
      <TestMethod codeBase="/home/JP777/sillar-qa-m04/backend/Sillar.Modules.Cms.Tests/bin/Debug/net10.0/Sillar.Modules.Cms.Tests.dll" adapterTypeName="executor://xunit/VsTestRunner3/netcore/" className="Sillar.Modules.Cms.Tests.TrabajoDestacadoTests" name="Con_imagen_activa_y_texto_alternativo_el_trabajo_esta_completo" />
    </UnitTest>
    <UnitTest name="Sillar.Modules.Cms.Tests.ContratosHttpTests.Destacados_exponen_el_snapshot_sin_precio_formateado" storage="/home/jp777/sillar-qa-m04/backend/sillar.modules.cms.tests/bin/debug/net10.0/sillar.modules.cms.tests.dll" id="d45286f7-7abb-f02e-94b2-bfcac5476f6e">
      <Execution id="2c975bb4-1278-4f57-8891-5a4dc3178c54" />
      <TestMethod codeBase="/home/JP777/sillar-qa-m04/backend/Sillar.Modules.Cms.Tests/bin/Debug/net10.0/Sillar.Modules.Cms.Tests.dll" adapterTypeName="executor://xunit/VsTestRunner3/netcore/" className="Sillar.Modules.Cms.Tests.ContratosHttpTests" name="Destacados_exponen_el_snapshot_sin_precio_formateado" />
    </UnitTest>
    <UnitTest name="Sillar.Modules.Cms.Tests.VigenciaPublicacionTests.Empieza_exactamente_ahora_y_esta_vigente" storage="/home/jp777/sillar-qa-m04/backend/sillar.modules.cms.tests/bin/debug/net10.0/sillar.modules.cms.tests.dll" id="3959c9a5-83ac-84cf-86aa-c0ff845c1e65">
      <Execution id="589969aa-c646-4af1-b8f6-399cfe727bac" />
      <TestMethod codeBase="/home/JP777/sillar-qa-m04/backend/Sillar.Modules.Cms.Tests/bin/Debug/net10.0/Sillar.Modules.Cms.Tests.dll" adapterTypeName="executor://xunit/VsTestRunner3/netcore/" className="Sillar.Modules.Cms.Tests.VigenciaPublicacionTests" name="Empieza_exactamente_ahora_y_esta_vigente" />
    </UnitTest>
    <UnitTest name="Sillar.Modules.Cms.Tests.VigenciaPublicacionTests.Banners_promociones_y_destacados_usan_la_misma_clasificacion" storage="/home/jp777/sillar-qa-m04/backend/sillar.modules.cms.tests/bin/debug/net10.0/sillar.modules.cms.tests.dll" id="dada8ca8-4b93-2576-7dc2-24ad301081c5">
      <Execution id="dca02e8f-09d8-4d59-bb35-60bee88335ca" />
      <TestMethod codeBase="/home/JP777/sillar-qa-m04/backend/Sillar.Modules.Cms.Tests/bin/Debug/net10.0/Sillar.Modules.Cms.Tests.dll" adapterTypeName="executor://xunit/VsTestRunner3/netcore/" className="Sillar.Modules.Cms.Tests.VigenciaPublicacionTests" name="Banners_promociones_y_destacados_usan_la_misma_clasificacion" />
    </UnitTest>
    <UnitTest name="Sillar.Modules.Cms.Tests.ReglasContenidoTests.Ruta_interna_y_https_con_etiqueta_se_aceptan(url: &quot;https://sillar.example/catalogo&quot;)" storage="/home/jp777/sillar-qa-m04/backend/sillar.modules.cms.tests/bin/debug/net10.0/sillar.modules.cms.tests.dll" id="599e23e0-26c2-b6c9-6ae2-34c6a11a0db9">
      <Execution id="c3a6a885-c219-4b94-a263-656526c057c8" />
      <TestMethod codeBase="/home/JP777/sillar-qa-m04/backend/Sillar.Modules.Cms.Tests/bin/Debug/net10.0/Sillar.Modules.Cms.Tests.dll" adapterTypeName="executor://xunit/VsTestRunner3/netcore/" className="Sillar.Modules.Cms.Tests.ReglasContenidoTests" name="Ruta_interna_y_https_con_etiqueta_se_aceptan" />
    </UnitTest>
    <UnitTest name="Sillar.Modules.Cms.Tests.ProductoDestacadoTests.Producto_dado_de_baja_no_puede_publicarse_aunque_siga_publico" storage="/home/jp777/sillar-qa-m04/backend/sillar.modules.cms.tests/bin/debug/net10.0/sillar.modules.cms.tests.dll" id="fb4cf75c-796e-92ea-9b53-6d00ac464e87">
      <Execution id="c43ef323-d650-4766-8072-c829bfd3080a" />
      <TestMethod codeBase="/home/JP777/sillar-qa-m04/backend/Sillar.Modules.Cms.Tests/bin/Debug/net10.0/Sillar.Modules.Cms.Tests.dll" adapterTypeName="executor://xunit/VsTestRunner3/netcore/" className="Sillar.Modules.Cms.Tests.ProductoDestacadoTests" name="Producto_dado_de_baja_no_puede_publicarse_aunque_siga_publico" />
    </UnitTest>
    <UnitTest name="Sillar.Modules.Cms.Tests.ReglasContenidoTests.Plataforma_social_fuera_de_la_lista_se_rechaza" storage="/home/jp777/sillar-qa-m04/backend/sillar.modules.cms.tests/bin/debug/net10.0/sillar.modules.cms.tests.dll" id="2f24a5cc-285e-47cd-be99-2f414a2952be">
      <Execution id="3e3ac50c-f6c7-424d-b92b-fb7835245234" />
      <TestMethod codeBase="/home/JP777/sillar-qa-m04/backend/Sillar.Modules.Cms.Tests/bin/Debug/net10.0/Sillar.Modules.Cms.Tests.dll" adapterTypeName="executor://xunit/VsTestRunner3/netcore/" className="Sillar.Modules.Cms.Tests.ReglasContenidoTests" name="Plataforma_social_fuera_de_la_lista_se_rechaza" />
    </UnitTest>
    <UnitTest name="Sillar.Modules.Cms.Tests.VigenciaPublicacionTests.Estado_administrativo_respeta_la_misma_ventana(isActive: True, startMinutes: -1, endMinutes: 1, expected: Current)" storage="/home/jp777/sillar-qa-m04/backend/sillar.modules.cms.tests/bin/debug/net10.0/sillar.modules.cms.tests.dll" id="5b09e2ef-3e67-de45-7b7e-74e94adbdbc1">
      <Execution id="e7fb332d-ed87-4538-a0a0-90563c7af2dd" />
      <TestMethod codeBase="/home/JP777/sillar-qa-m04/backend/Sillar.Modules.Cms.Tests/bin/Debug/net10.0/Sillar.Modules.Cms.Tests.dll" adapterTypeName="executor://xunit/VsTestRunner3/netcore/" className="Sillar.Modules.Cms.Tests.VigenciaPublicacionTests" name="Estado_administrativo_respeta_la_misma_ventana" />
    </UnitTest>
    <UnitTest name="Sillar.Modules.Cms.Tests.ContratosHttpTests.Administracion_de_trabajos_distingue_los_incompletos" storage="/home/jp777/sillar-qa-m04/backend/sillar.modules.cms.tests/bin/debug/net10.0/sillar.modules.cms.tests.dll" id="d8e7afb4-534c-45a6-534f-15cefbbd9af0">
      <Execution id="f3f05116-b80e-43ae-a09f-685602f54c67" />
      <TestMethod codeBase="/home/JP777/sillar-qa-m04/backend/Sillar.Modules.Cms.Tests/bin/Debug/net10.0/Sillar.Modules.Cms.Tests.dll" adapterTypeName="executor://xunit/VsTestRunner3/netcore/" className="Sillar.Modules.Cms.Tests.ContratosHttpTests" name="Administracion_de_trabajos_distingue_los_incompletos" />
    </UnitTest>
    <UnitTest name="Sillar.Modules.Cms.Tests.ProductoDestacadoTests.Snapshot_sin_producto_esta_pendiente_de_volver_a_enlazar" storage="/home/jp777/sillar-qa-m04/backend/sillar.modules.cms.tests/bin/debug/net10.0/sillar.modules.cms.tests.dll" id="c46a7e98-3e73-27cc-b33f-fc8bd4501781">
      <Execution id="1c24d10e-89ae-44f8-8abe-62a4035e029a" />
      <TestMethod codeBase="/home/JP777/sillar-qa-m04/backend/Sillar.Modules.Cms.Tests/bin/Debug/net10.0/Sillar.Modules.Cms.Tests.dll" adapterTypeName="executor://xunit/VsTestRunner3/netcore/" className="Sillar.Modules.Cms.Tests.ProductoDestacadoTests" name="Snapshot_sin_producto_esta_pendiente_de_volver_a_enlazar" />
    </UnitTest>
    <UnitTest name="Sillar.Modules.Cms.Tests.ReglasContenidoTests.Ruta_interna_y_https_con_etiqueta_se_aceptan(url: &quot;/catalogo&quot;)" storage="/home/jp777/sillar-qa-m04/backend/sillar.modules.cms.tests/bin/debug/net10.0/sillar.modules.cms.tests.dll" id="f4ad1f79-869d-1cd7-30db-6fe774713aca">
      <Execution id="d0f6ef5d-c504-430c-b33d-95014caea3f7" />
      <TestMethod codeBase="/home/JP777/sillar-qa-m04/backend/Sillar.Modules.Cms.Tests/bin/Debug/net10.0/Sillar.Modules.Cms.Tests.dll" adapterTypeName="executor://xunit/VsTestRunner3/netcore/" className="Sillar.Modules.Cms.Tests.ReglasContenidoTests" name="Ruta_interna_y_https_con_etiqueta_se_aceptan" />
    </UnitTest>
    <UnitTest name="Sillar.Modules.Cms.Tests.ProductoDestacadoTests.Producto_no_publico_no_puede_publicarse" storage="/home/jp777/sillar-qa-m04/backend/sillar.modules.cms.tests/bin/debug/net10.0/sillar.modules.cms.tests.dll" id="d58d6dcf-08c5-bb13-5167-0a4afebe610c">
      <Execution id="d23ca167-8c0a-4225-8e0e-90a3053e4e79" />
      <TestMethod codeBase="/home/JP777/sillar-qa-m04/backend/Sillar.Modules.Cms.Tests/bin/Debug/net10.0/Sillar.Modules.Cms.Tests.dll" adapterTypeName="executor://xunit/VsTestRunner3/netcore/" className="Sillar.Modules.Cms.Tests.ProductoDestacadoTests" name="Producto_no_publico_no_puede_publicarse" />
    </UnitTest>
    <UnitTest name="Sillar.Modules.Cms.Tests.VigenciaPublicacionTests.Dentro_del_intervalo_esta_vigente" storage="/home/jp777/sillar-qa-m04/backend/sillar.modules.cms.tests/bin/debug/net10.0/sillar.modules.cms.tests.dll" id="c39daa2d-2df6-3b49-25e0-6fcd3dd9e8a9">
      <Execution id="5f36dc94-2c2a-4fc9-a1d0-99e2f313fd51" />
      <TestMethod codeBase="/home/JP777/sillar-qa-m04/backend/Sillar.Modules.Cms.Tests/bin/Debug/net10.0/Sillar.Modules.Cms.Tests.dll" adapterTypeName="executor://xunit/VsTestRunner3/netcore/" className="Sillar.Modules.Cms.Tests.VigenciaPublicacionTests" name="Dentro_del_intervalo_esta_vigente" />
    </UnitTest>
    <UnitTest name="Sillar.Modules.Cms.Tests.ReglasContenidoTests.Plataforma_social_se_normaliza(original: &quot;Instagram&quot;, expected: &quot;instagram&quot;)" storage="/home/jp777/sillar-qa-m04/backend/sillar.modules.cms.tests/bin/debug/net10.0/sillar.modules.cms.tests.dll" id="ae1e1ea8-1ec8-f0f0-fbeb-24f389aaa015">
      <Execution id="3f9c4d51-12f0-4ea3-99ed-2925c6ad4a5e" />
      <TestMethod codeBase="/home/JP777/sillar-qa-m04/backend/Sillar.Modules.Cms.Tests/bin/Debug/net10.0/Sillar.Modules.Cms.Tests.dll" adapterTypeName="executor://xunit/VsTestRunner3/netcore/" className="Sillar.Modules.Cms.Tests.ReglasContenidoTests" name="Plataforma_social_se_normaliza" />
    </UnitTest>
    <UnitTest name="Sillar.Modules.Cms.Tests.ContratosHttpTests.Ninguna_respuesta_publica_expone_identificadores_de_medios" storage="/home/jp777/sillar-qa-m04/backend/sillar.modules.cms.tests/bin/debug/net10.0/sillar.modules.cms.tests.dll" id="f8a5ec4b-5c6e-5e77-49e2-4283b545d0f8">
      <Execution id="bc54b2ca-9965-4ab6-bed1-b2e732136257" />
      <TestMethod codeBase="/home/JP777/sillar-qa-m04/backend/Sillar.Modules.Cms.Tests/bin/Debug/net10.0/Sillar.Modules.Cms.Tests.dll" adapterTypeName="executor://xunit/VsTestRunner3/netcore/" className="Sillar.Modules.Cms.Tests.ContratosHttpTests" name="Ninguna_respuesta_publica_expone_identificadores_de_medios" />
    </UnitTest>
    <UnitTest name="Sillar.Modules.Cms.Tests.VigenciaPublicacionTests.Programado_para_despues_no_esta_vigente" storage="/home/jp777/sillar-qa-m04/backend/sillar.modules.cms.tests/bin/debug/net10.0/sillar.modules.cms.tests.dll" id="38755c71-3779-47ac-a133-5b72a361c969">
      <Execution id="32612205-8982-402c-9321-f3bb248c884a" />
      <TestMethod codeBase="/home/JP777/sillar-qa-m04/backend/Sillar.Modules.Cms.Tests/bin/Debug/net10.0/Sillar.Modules.Cms.Tests.dll" adapterTypeName="executor://xunit/VsTestRunner3/netcore/" className="Sillar.Modules.Cms.Tests.VigenciaPublicacionTests" name="Programado_para_despues_no_esta_vigente" />
    </UnitTest>
    <UnitTest name="Sillar.Modules.Cms.Tests.VigenciaPublicacionTests.Termina_exactamente_ahora_y_ya_no_esta_vigente" storage="/home/jp777/sillar-qa-m04/backend/sillar.modules.cms.tests/bin/debug/net10.0/sillar.modules.cms.tests.dll" id="ae752757-12de-159e-e35d-ed5af30161fc">
      <Execution id="0baa14f8-133c-4242-8400-159ca9cd2b04" />
      <TestMethod codeBase="/home/JP777/sillar-qa-m04/backend/Sillar.Modules.Cms.Tests/bin/Debug/net10.0/Sillar.Modules.Cms.Tests.dll" adapterTypeName="executor://xunit/VsTestRunner3/netcore/" className="Sillar.Modules.Cms.Tests.VigenciaPublicacionTests" name="Termina_exactamente_ahora_y_ya_no_esta_vigente" />
    </UnitTest>
    <UnitTest name="Sillar.Modules.Cms.Tests.ContratosHttpTests.Trabajos_y_redes_no_exponen_estado_de_ventana" storage="/home/jp777/sillar-qa-m04/backend/sillar.modules.cms.tests/bin/debug/net10.0/sillar.modules.cms.tests.dll" id="1cd7d2f5-d083-ce86-adaf-db2f9e0b5008">
      <Execution id="225645cf-3c4b-459f-9835-1680a53364d7" />
      <TestMethod codeBase="/home/JP777/sillar-qa-m04/backend/Sillar.Modules.Cms.Tests/bin/Debug/net10.0/Sillar.Modules.Cms.Tests.dll" adapterTypeName="executor://xunit/VsTestRunner3/netcore/" className="Sillar.Modules.Cms.Tests.ContratosHttpTests" name="Trabajos_y_redes_no_exponen_estado_de_ventana" />
    </UnitTest>
    <UnitTest name="Sillar.Modules.Cms.Tests.EventosCatalogoTests.Los_tres_manejadores_se_registran_como_singleton_para_el_bus_raiz" storage="/home/jp777/sillar-qa-m04/backend/sillar.modules.cms.tests/bin/debug/net10.0/sillar.modules.cms.tests.dll" id="81340934-287f-2a44-464a-666781d8d82c">
      <Execution id="69018341-5c75-42ba-ad50-8e4042f18bdb" />
      <TestMethod codeBase="/home/JP777/sillar-qa-m04/backend/Sillar.Modules.Cms.Tests/bin/Debug/net10.0/Sillar.Modules.Cms.Tests.dll" adapterTypeName="executor://xunit/VsTestRunner3/netcore/" className="Sillar.Modules.Cms.Tests.EventosCatalogoTests" name="Los_tres_manejadores_se_registran_como_singleton_para_el_bus_raiz" />
    </UnitTest>
    <UnitTest name="Sillar.Modules.Cms.Tests.ProductoDestacadoTests.Respuesta_conserva_precio_nulo_cero_y_positivo_como_estados_distintos" storage="/home/jp777/sillar-qa-m04/backend/sillar.modules.cms.tests/bin/debug/net10.0/sillar.modules.cms.tests.dll" id="108af5c5-b3c6-7c09-3805-e972a56df983">
      <Execution id="39b7290d-f2c0-4046-9014-0cb857d0ecb7" />
      <TestMethod codeBase="/home/JP777/sillar-qa-m04/backend/Sillar.Modules.Cms.Tests/bin/Debug/net10.0/Sillar.Modules.Cms.Tests.dll" adapterTypeName="executor://xunit/VsTestRunner3/netcore/" className="Sillar.Modules.Cms.Tests.ProductoDestacadoTests" name="Respuesta_conserva_precio_nulo_cero_y_positivo_como_estados_distintos" />
    </UnitTest>
    <UnitTest name="Sillar.Modules.Cms.Tests.ReglasContenidoTests.Fecha_de_fin_anterior_nombra_la_fecha_que_hay_que_corregir" storage="/home/jp777/sillar-qa-m04/backend/sillar.modules.cms.tests/bin/debug/net10.0/sillar.modules.cms.tests.dll" id="dac88155-904c-9d43-1fc8-a561bf39c1c0">
      <Execution id="18c6a55e-7d55-4a6c-8f17-70d729a96bd8" />
      <TestMethod codeBase="/home/JP777/sillar-qa-m04/backend/Sillar.Modules.Cms.Tests/bin/Debug/net10.0/Sillar.Modules.Cms.Tests.dll" adapterTypeName="executor://xunit/VsTestRunner3/netcore/" className="Sillar.Modules.Cms.Tests.ReglasContenidoTests" name="Fecha_de_fin_anterior_nombra_la_fecha_que_hay_que_corregir" />
    </UnitTest>
    <UnitTest name="Sillar.Modules.Cms.Tests.ReordenamientoTests.Un_identificador_repetido_no_produce_asignaciones_parciales" storage="/home/jp777/sillar-qa-m04/backend/sillar.modules.cms.tests/bin/debug/net10.0/sillar.modules.cms.tests.dll" id="bd48907b-13cd-4cd1-9a0f-5105d31d3f5c">
      <Execution id="0ef8a3bb-2127-468f-8b76-8265a8ef5bc0" />
      <TestMethod codeBase="/home/JP777/sillar-qa-m04/backend/Sillar.Modules.Cms.Tests/bin/Debug/net10.0/Sillar.Modules.Cms.Tests.dll" adapterTypeName="executor://xunit/VsTestRunner3/netcore/" className="Sillar.Modules.Cms.Tests.ReordenamientoTests" name="Un_identificador_repetido_no_produce_asignaciones_parciales" />
    </UnitTest>
    <UnitTest name="Sillar.Modules.Cms.Tests.VigenciaPublicacionTests.Estado_administrativo_respeta_la_misma_ventana(isActive: True, startMinutes: -2, endMinutes: -1, expected: Expired)" storage="/home/jp777/sillar-qa-m04/backend/sillar.modules.cms.tests/bin/debug/net10.0/sillar.modules.cms.tests.dll" id="757b5d0c-e17f-b266-9c78-04b2d85e761e">
      <Execution id="f7b4de6a-290b-4810-a882-82b2d3bd2710" />
      <TestMethod codeBase="/home/JP777/sillar-qa-m04/backend/Sillar.Modules.Cms.Tests/bin/Debug/net10.0/Sillar.Modules.Cms.Tests.dll" adapterTypeName="executor://xunit/VsTestRunner3/netcore/" className="Sillar.Modules.Cms.Tests.VigenciaPublicacionTests" name="Estado_administrativo_respeta_la_misma_ventana" />
    </UnitTest>
    <UnitTest name="Sillar.Modules.Cms.Tests.ReordenamientoTests.Una_seccion_vacia_acepta_una_lista_vacia" storage="/home/jp777/sillar-qa-m04/backend/sillar.modules.cms.tests/bin/debug/net10.0/sillar.modules.cms.tests.dll" id="dac30810-fbfb-2322-8292-3168f4a77b3a">
      <Execution id="cc8eb7e5-0f41-494e-8f32-b89553554a30" />
      <TestMethod codeBase="/home/JP777/sillar-qa-m04/backend/Sillar.Modules.Cms.Tests/bin/Debug/net10.0/Sillar.Modules.Cms.Tests.dll" adapterTypeName="executor://xunit/VsTestRunner3/netcore/" className="Sillar.Modules.Cms.Tests.ReordenamientoTests" name="Una_seccion_vacia_acepta_una_lista_vacia" />
    </UnitTest>
    <UnitTest name="Sillar.Modules.Cms.Tests.VigenciaPublicacionTests.Inactivo_no_esta_vigente_aunque_no_tenga_fechas" storage="/home/jp777/sillar-qa-m04/backend/sillar.modules.cms.tests/bin/debug/net10.0/sillar.modules.cms.tests.dll" id="8a601945-33dc-67e6-f1e2-05218e68f3ad">
      <Execution id="6a5328b1-2154-484b-9d43-38b69dbf1312" />
      <TestMethod codeBase="/home/JP777/sillar-qa-m04/backend/Sillar.Modules.Cms.Tests/bin/Debug/net10.0/Sillar.Modules.Cms.Tests.dll" adapterTypeName="executor://xunit/VsTestRunner3/netcore/" className="Sillar.Modules.Cms.Tests.VigenciaPublicacionTests" name="Inactivo_no_esta_vigente_aunque_no_tenga_fechas" />
    </UnitTest>
    <UnitTest name="Sillar.Modules.Cms.Tests.ReglasContenidoTests.Imagen_sin_texto_alternativo_se_rechaza" storage="/home/jp777/sillar-qa-m04/backend/sillar.modules.cms.tests/bin/debug/net10.0/sillar.modules.cms.tests.dll" id="1c8fc005-8044-a696-d66f-4e23f38964b5">
      <Execution id="a373efa5-0bff-4f46-86fd-4ef0faa97102" />
      <TestMethod codeBase="/home/JP777/sillar-qa-m04/backend/Sillar.Modules.Cms.Tests/bin/Debug/net10.0/Sillar.Modules.Cms.Tests.dll" adapterTypeName="executor://xunit/VsTestRunner3/netcore/" className="Sillar.Modules.Cms.Tests.ReglasContenidoTests" name="Imagen_sin_texto_alternativo_se_rechaza" />
    </UnitTest>
    <UnitTest name="Sillar.Modules.Cms.Tests.ReglasContenidoTests.Sin_imagen_el_texto_alternativo_puede_ser_nulo" storage="/home/jp777/sillar-qa-m04/backend/sillar.modules.cms.tests/bin/debug/net10.0/sillar.modules.cms.tests.dll" id="aed02722-cdb8-9e6c-49c7-869e433ac834">
      <Execution id="9e6e1636-d8cd-469e-97d2-bd37aad910a8" />
      <TestMethod codeBase="/home/JP777/sillar-qa-m04/backend/Sillar.Modules.Cms.Tests/bin/Debug/net10.0/Sillar.Modules.Cms.Tests.dll" adapterTypeName="executor://xunit/VsTestRunner3/netcore/" className="Sillar.Modules.Cms.Tests.ReglasContenidoTests" name="Sin_imagen_el_texto_alternativo_puede_ser_nulo" />
    </UnitTest>
    <UnitTest name="Sillar.Modules.Cms.Tests.ReordenamientoTests.Omitir_un_elemento_invalida_la_lista_completa" storage="/home/jp777/sillar-qa-m04/backend/sillar.modules.cms.tests/bin/debug/net10.0/sillar.modules.cms.tests.dll" id="6de6ef29-c0da-5ad4-3808-520a2a6247cd">
      <Execution id="2fa852c6-8b4c-452e-b8e8-366b5bc596cd" />
      <TestMethod codeBase="/home/JP777/sillar-qa-m04/backend/Sillar.Modules.Cms.Tests/bin/Debug/net10.0/Sillar.Modules.Cms.Tests.dll" adapterTypeName="executor://xunit/VsTestRunner3/netcore/" className="Sillar.Modules.Cms.Tests.ReordenamientoTests" name="Omitir_un_elemento_invalida_la_lista_completa" />
    </UnitTest>
    <UnitTest name="Sillar.Modules.Cms.Tests.ProductoDestacadoTests.Precio_a_consultar_gratis_y_positivo_son_validos" storage="/home/jp777/sillar-qa-m04/backend/sillar.modules.cms.tests/bin/debug/net10.0/sillar.modules.cms.tests.dll" id="8257b719-3ef5-439c-d9a9-9a2366d2e1be">
      <Execution id="52058df9-87e1-40ef-9d8e-cbf85b7125ed" />
      <TestMethod codeBase="/home/JP777/sillar-qa-m04/backend/Sillar.Modules.Cms.Tests/bin/Debug/net10.0/Sillar.Modules.Cms.Tests.dll" adapterTypeName="executor://xunit/VsTestRunner3/netcore/" className="Sillar.Modules.Cms.Tests.ProductoDestacadoTests" name="Precio_a_consultar_gratis_y_positivo_son_validos" />
    </UnitTest>
    <UnitTest name="Sillar.Modules.Cms.Tests.TrabajoDestacadoTests.Sin_imagen_el_trabajo_esta_incompleto" storage="/home/jp777/sillar-qa-m04/backend/sillar.modules.cms.tests/bin/debug/net10.0/sillar.modules.cms.tests.dll" id="ba40eb42-5d3f-3831-6443-55d7bf53cd40">
      <Execution id="0baf295f-784a-4c2e-a7c8-0d3eb45afc3c" />
      <TestMethod codeBase="/home/JP777/sillar-qa-m04/backend/Sillar.Modules.Cms.Tests/bin/Debug/net10.0/Sillar.Modules.Cms.Tests.dll" adapterTypeName="executor://xunit/VsTestRunner3/netcore/" className="Sillar.Modules.Cms.Tests.TrabajoDestacadoTests" name="Sin_imagen_el_trabajo_esta_incompleto" />
    </UnitTest>
    <UnitTest name="Sillar.Modules.Cms.Tests.VigenciaPublicacionTests.Estado_administrativo_respeta_la_misma_ventana(isActive: True, startMinutes: 1, endMinutes: null, expected: Scheduled)" storage="/home/jp777/sillar-qa-m04/backend/sillar.modules.cms.tests/bin/debug/net10.0/sillar.modules.cms.tests.dll" id="9a0ba9e1-4985-13b4-72fc-e53d814baa81">
      <Execution id="b0b8bdb5-5744-4efd-a44c-bb538646c498" />
      <TestMethod codeBase="/home/JP777/sillar-qa-m04/backend/Sillar.Modules.Cms.Tests/bin/Debug/net10.0/Sillar.Modules.Cms.Tests.dll" adapterTypeName="executor://xunit/VsTestRunner3/netcore/" className="Sillar.Modules.Cms.Tests.VigenciaPublicacionTests" name="Estado_administrativo_respeta_la_misma_ventana" />
    </UnitTest>
    <UnitTest name="Sillar.Modules.Cms.Tests.ReordenamientoTests.Cinco_elementos_reciben_exactamente_el_orden_solicitado" storage="/home/jp777/sillar-qa-m04/backend/sillar.modules.cms.tests/bin/debug/net10.0/sillar.modules.cms.tests.dll" id="8d31f899-55d4-eb51-ed69-f1dc9b109b6b">
      <Execution id="51710399-f79f-455d-80ac-34c42a7400a4" />
      <TestMethod codeBase="/home/JP777/sillar-qa-m04/backend/Sillar.Modules.Cms.Tests/bin/Debug/net10.0/Sillar.Modules.Cms.Tests.dll" adapterTypeName="executor://xunit/VsTestRunner3/netcore/" className="Sillar.Modules.Cms.Tests.ReordenamientoTests" name="Cinco_elementos_reciben_exactamente_el_orden_solicitado" />
    </UnitTest>
    <UnitTest name="Sillar.Modules.Cms.Tests.VigenciaPublicacionTests.Activo_sin_fechas_esta_vigente" storage="/home/jp777/sillar-qa-m04/backend/sillar.modules.cms.tests/bin/debug/net10.0/sillar.modules.cms.tests.dll" id="7ee8d4d6-43a7-6b5f-17de-8afd26c2e99e">
      <Execution id="8e3f3101-ab7a-4020-a523-5f19aa49cdb3" />
      <TestMethod codeBase="/home/JP777/sillar-qa-m04/backend/Sillar.Modules.Cms.Tests/bin/Debug/net10.0/Sillar.Modules.Cms.Tests.dll" adapterTypeName="executor://xunit/VsTestRunner3/netcore/" className="Sillar.Modules.Cms.Tests.VigenciaPublicacionTests" name="Activo_sin_fechas_esta_vigente" />
    </UnitTest>
    <UnitTest name="Sillar.Modules.Cms.Tests.ProductoDestacadoTests.Snapshot_con_producto_no_esta_pendiente_de_volver_a_enlazar" storage="/home/jp777/sillar-qa-m04/backend/sillar.modules.cms.tests/bin/debug/net10.0/sillar.modules.cms.tests.dll" id="40e1b59a-74dc-a9cc-8ec6-0b2a8d63ebe5">
      <Execution id="ed0a480b-3724-4b43-8d62-ea04dcc2a0a6" />
      <TestMethod codeBase="/home/JP777/sillar-qa-m04/backend/Sillar.Modules.Cms.Tests/bin/Debug/net10.0/Sillar.Modules.Cms.Tests.dll" adapterTypeName="executor://xunit/VsTestRunner3/netcore/" className="Sillar.Modules.Cms.Tests.ProductoDestacadoTests" name="Snapshot_con_producto_no_esta_pendiente_de_volver_a_enlazar" />
    </UnitTest>
    <UnitTest name="Sillar.Modules.Cms.Tests.ProductoDestacadoTests.Precio_negativo_se_rechaza" storage="/home/jp777/sillar-qa-m04/backend/sillar.modules.cms.tests/bin/debug/net10.0/sillar.modules.cms.tests.dll" id="c77916d6-1ad2-a193-7f37-d09ae813d2a8">
      <Execution id="c4fc578b-066a-4ca9-b359-cd594c89644f" />
      <TestMethod codeBase="/home/JP777/sillar-qa-m04/backend/Sillar.Modules.Cms.Tests/bin/Debug/net10.0/Sillar.Modules.Cms.Tests.dll" adapterTypeName="executor://xunit/VsTestRunner3/netcore/" className="Sillar.Modules.Cms.Tests.ProductoDestacadoTests" name="Precio_negativo_se_rechaza" />
    </UnitTest>
    <UnitTest name="Sillar.Modules.Cms.Tests.VigenciaPublicacionTests.Estado_administrativo_respeta_la_misma_ventana(isActive: False, startMinutes: null, endMinutes: null, expected: Inactive)" storage="/home/jp777/sillar-qa-m04/backend/sillar.modules.cms.tests/bin/debug/net10.0/sillar.modules.cms.tests.dll" id="3d36ab32-1d17-631d-c047-bb0c5e331769">
      <Execution id="975f7a59-fd58-4a4c-9237-ddb440b07548" />
      <TestMethod codeBase="/home/JP777/sillar-qa-m04/backend/Sillar.Modules.Cms.Tests/bin/Debug/net10.0/Sillar.Modules.Cms.Tests.dll" adapterTypeName="executor://xunit/VsTestRunner3/netcore/" className="Sillar.Modules.Cms.Tests.VigenciaPublicacionTests" name="Estado_administrativo_respeta_la_misma_ventana" />
    </UnitTest>
    <UnitTest name="Sillar.Modules.Cms.Tests.ReactivacionRedSocialTests.Reactivar_una_activa_es_idempotente_y_un_id_inexistente_no_se_inventa" storage="/home/jp777/sillar-qa-m04/backend/sillar.modules.cms.tests/bin/debug/net10.0/sillar.modules.cms.tests.dll" id="7a326ffb-1619-09b8-57b3-ecbcf3aa5a27">
      <Execution id="d81009bb-d27e-4347-9cf5-d7151d2322c5" />
      <TestMethod codeBase="/home/JP777/sillar-qa-m04/backend/Sillar.Modules.Cms.Tests/bin/Debug/net10.0/Sillar.Modules.Cms.Tests.dll" adapterTypeName="executor://xunit/VsTestRunner3/netcore/" className="Sillar.Modules.Cms.Tests.ReactivacionRedSocialTests" name="Reactivar_una_activa_es_idempotente_y_un_id_inexistente_no_se_inventa" />
    </UnitTest>
    <UnitTest name="Sillar.Modules.Cms.Tests.ReglasContenidoTests.Enlace_sin_texto_visible_se_rechaza" storage="/home/jp777/sillar-qa-m04/backend/sillar.modules.cms.tests/bin/debug/net10.0/sillar.modules.cms.tests.dll" id="92b340f3-9214-4604-e3e7-168e985a784a">
      <Execution id="c488565f-caf2-49ee-b0a8-d9fae8234c47" />
      <TestMethod codeBase="/home/JP777/sillar-qa-m04/backend/Sillar.Modules.Cms.Tests/bin/Debug/net10.0/Sillar.Modules.Cms.Tests.dll" adapterTypeName="executor://xunit/VsTestRunner3/netcore/" className="Sillar.Modules.Cms.Tests.ReglasContenidoTests" name="Enlace_sin_texto_visible_se_rechaza" />
    </UnitTest>
    <UnitTest name="Sillar.Modules.Cms.Tests.ReglasContenidoTests.Texto_alternativo_de_espacios_se_rechaza_aunque_no_haya_imagen" storage="/home/jp777/sillar-qa-m04/backend/sillar.modules.cms.tests/bin/debug/net10.0/sillar.modules.cms.tests.dll" id="4c7b8df8-75dd-6575-b7f2-cc9d400be737">
      <Execution id="532326a2-9dd3-4c40-b31f-d82b6002bb47" />
      <TestMethod codeBase="/home/JP777/sillar-qa-m04/backend/Sillar.Modules.Cms.Tests/bin/Debug/net10.0/Sillar.Modules.Cms.Tests.dll" adapterTypeName="executor://xunit/VsTestRunner3/netcore/" className="Sillar.Modules.Cms.Tests.ReglasContenidoTests" name="Texto_alternativo_de_espacios_se_rechaza_aunque_no_haya_imagen" />
    </UnitTest>
    <UnitTest name="Sillar.Modules.Cms.Tests.ReglasContenidoTests.Plataforma_social_se_normaliza(original: &quot; WHATSAPP &quot;, expected: &quot;whatsapp&quot;)" storage="/home/jp777/sillar-qa-m04/backend/sillar.modules.cms.tests/bin/debug/net10.0/sillar.modules.cms.tests.dll" id="e9707448-f02e-cfdd-57d7-b3c6599f880e">
      <Execution id="85cf275c-3026-4acb-9933-c7d72755f944" />
      <TestMethod codeBase="/home/JP777/sillar-qa-m04/backend/Sillar.Modules.Cms.Tests/bin/Debug/net10.0/Sillar.Modules.Cms.Tests.dll" adapterTypeName="executor://xunit/VsTestRunner3/netcore/" className="Sillar.Modules.Cms.Tests.ReglasContenidoTests" name="Plataforma_social_se_normaliza" />
    </UnitTest>
  </TestDefinitions>
  <TestEntries>
    <TestEntry testId="3959c9a5-83ac-84cf-86aa-c0ff845c1e65" executionId="589969aa-c646-4af1-b8f6-399cfe727bac" testListId="8c84fa94-04c1-424b-9868-57a2d4851a1d" />
    <TestEntry testId="599e23e0-26c2-b6c9-6ae2-34c6a11a0db9" executionId="c3a6a885-c219-4b94-a263-656526c057c8" testListId="8c84fa94-04c1-424b-9868-57a2d4851a1d" />
    <TestEntry testId="fb4cf75c-796e-92ea-9b53-6d00ac464e87" executionId="c43ef323-d650-4766-8072-c829bfd3080a" testListId="8c84fa94-04c1-424b-9868-57a2d4851a1d" />
    <TestEntry testId="d5637bfd-2d0f-6bf9-1490-a6979263ef33" executionId="daf55664-deaf-48b3-85f6-21b2952567bd" testListId="8c84fa94-04c1-424b-9868-57a2d4851a1d" />
    <TestEntry testId="38755c71-3779-47ac-a133-5b72a361c969" executionId="32612205-8982-402c-9321-f3bb248c884a" testListId="8c84fa94-04c1-424b-9868-57a2d4851a1d" />
    <TestEntry testId="7fdcbdfc-761e-bd12-f7ad-ec7daa65e5d4" executionId="bffbe8e2-f020-4a36-b6c2-799496b8bf45" testListId="8c84fa94-04c1-424b-9868-57a2d4851a1d" />
    <TestEntry testId="8a601945-33dc-67e6-f1e2-05218e68f3ad" executionId="6a5328b1-2154-484b-9d43-38b69dbf1312" testListId="8c84fa94-04c1-424b-9868-57a2d4851a1d" />
    <TestEntry testId="757b5d0c-e17f-b266-9c78-04b2d85e761e" executionId="f7b4de6a-290b-4810-a882-82b2d3bd2710" testListId="8c84fa94-04c1-424b-9868-57a2d4851a1d" />
    <TestEntry testId="aed02722-cdb8-9e6c-49c7-869e433ac834" executionId="9e6e1636-d8cd-469e-97d2-bd37aad910a8" testListId="8c84fa94-04c1-424b-9868-57a2d4851a1d" />
    <TestEntry testId="5b09e2ef-3e67-de45-7b7e-74e94adbdbc1" executionId="e7fb332d-ed87-4538-a0a0-90563c7af2dd" testListId="8c84fa94-04c1-424b-9868-57a2d4851a1d" />
    <TestEntry testId="c39daa2d-2df6-3b49-25e0-6fcd3dd9e8a9" executionId="5f36dc94-2c2a-4fc9-a1d0-99e2f313fd51" testListId="8c84fa94-04c1-424b-9868-57a2d4851a1d" />
    <TestEntry testId="bbb2927a-52e6-f9cb-9e11-9f5d4855a928" executionId="a53dfa08-d653-4c5d-aa47-d688dc837723" testListId="8c84fa94-04c1-424b-9868-57a2d4851a1d" />
    <TestEntry testId="169ffcf8-840f-1002-7f8a-ec4423846237" executionId="45668106-def6-44b5-8bb7-f3c758818494" testListId="8c84fa94-04c1-424b-9868-57a2d4851a1d" />
    <TestEntry testId="7ee8d4d6-43a7-6b5f-17de-8afd26c2e99e" executionId="8e3f3101-ab7a-4020-a523-5f19aa49cdb3" testListId="8c84fa94-04c1-424b-9868-57a2d4851a1d" />
    <TestEntry testId="32e1971e-446a-2642-6c1a-46a2bf37a1d7" executionId="18703eaf-2644-4a22-9af4-fbedc7667e7c" testListId="8c84fa94-04c1-424b-9868-57a2d4851a1d" />
    <TestEntry testId="ba40eb42-5d3f-3831-6443-55d7bf53cd40" executionId="0baf295f-784a-4c2e-a7c8-0d3eb45afc3c" testListId="8c84fa94-04c1-424b-9868-57a2d4851a1d" />
    <TestEntry testId="9a0ba9e1-4985-13b4-72fc-e53d814baa81" executionId="b0b8bdb5-5744-4efd-a44c-bb538646c498" testListId="8c84fa94-04c1-424b-9868-57a2d4851a1d" />
    <TestEntry testId="d45286f7-7abb-f02e-94b2-bfcac5476f6e" executionId="2c975bb4-1278-4f57-8891-5a4dc3178c54" testListId="8c84fa94-04c1-424b-9868-57a2d4851a1d" />
    <TestEntry testId="26fc2f0a-013a-025d-9280-8692c9ac9f61" executionId="6f6c9683-a679-4c48-8d85-2b89e99165ed" testListId="8c84fa94-04c1-424b-9868-57a2d4851a1d" />
    <TestEntry testId="4eea0ad0-53b9-967e-2a0f-04ced988a2fb" executionId="1eaa6fd3-bb61-4f93-a2d0-8f815e6b7c65" testListId="8c84fa94-04c1-424b-9868-57a2d4851a1d" />
    <TestEntry testId="ae752757-12de-159e-e35d-ed5af30161fc" executionId="0baa14f8-133c-4242-8400-159ca9cd2b04" testListId="8c84fa94-04c1-424b-9868-57a2d4851a1d" />
    <TestEntry testId="92b340f3-9214-4604-e3e7-168e985a784a" executionId="c488565f-caf2-49ee-b0a8-d9fae8234c47" testListId="8c84fa94-04c1-424b-9868-57a2d4851a1d" />
    <TestEntry testId="f7eb6ac8-8fb0-7525-e01d-46c0b5cba93f" executionId="028ae202-669b-489d-9f56-26bfae6426a1" testListId="8c84fa94-04c1-424b-9868-57a2d4851a1d" />
    <TestEntry testId="ae1e1ea8-1ec8-f0f0-fbeb-24f389aaa015" executionId="3f9c4d51-12f0-4ea3-99ed-2925c6ad4a5e" testListId="8c84fa94-04c1-424b-9868-57a2d4851a1d" />
    <TestEntry testId="40e1b59a-74dc-a9cc-8ec6-0b2a8d63ebe5" executionId="ed0a480b-3724-4b43-8d62-ea04dcc2a0a6" testListId="8c84fa94-04c1-424b-9868-57a2d4851a1d" />
    <TestEntry testId="1c8fc005-8044-a696-d66f-4e23f38964b5" executionId="a373efa5-0bff-4f46-86fd-4ef0faa97102" testListId="8c84fa94-04c1-424b-9868-57a2d4851a1d" />
    <TestEntry testId="dac88155-904c-9d43-1fc8-a561bf39c1c0" executionId="18c6a55e-7d55-4a6c-8f17-70d729a96bd8" testListId="8c84fa94-04c1-424b-9868-57a2d4851a1d" />
    <TestEntry testId="108af5c5-b3c6-7c09-3805-e972a56df983" executionId="39b7290d-f2c0-4046-9014-0cb857d0ecb7" testListId="8c84fa94-04c1-424b-9868-57a2d4851a1d" />
    <TestEntry testId="d58d6dcf-08c5-bb13-5167-0a4afebe610c" executionId="d23ca167-8c0a-4225-8e0e-90a3053e4e79" testListId="8c84fa94-04c1-424b-9868-57a2d4851a1d" />
    <TestEntry testId="c46a7e98-3e73-27cc-b33f-fc8bd4501781" executionId="1c24d10e-89ae-44f8-8abe-62a4035e029a" testListId="8c84fa94-04c1-424b-9868-57a2d4851a1d" />
    <TestEntry testId="2f24a5cc-285e-47cd-be99-2f414a2952be" executionId="3e3ac50c-f6c7-424d-b92b-fb7835245234" testListId="8c84fa94-04c1-424b-9868-57a2d4851a1d" />
    <TestEntry testId="d8e7afb4-534c-45a6-534f-15cefbbd9af0" executionId="f3f05116-b80e-43ae-a09f-685602f54c67" testListId="8c84fa94-04c1-424b-9868-57a2d4851a1d" />
    <TestEntry testId="e9707448-f02e-cfdd-57d7-b3c6599f880e" executionId="85cf275c-3026-4acb-9933-c7d72755f944" testListId="8c84fa94-04c1-424b-9868-57a2d4851a1d" />
    <TestEntry testId="679f9131-28d1-8593-f0f0-85e385b88773" executionId="5fceebe5-a454-4713-9dd4-af5499e16b4d" testListId="8c84fa94-04c1-424b-9868-57a2d4851a1d" />
    <TestEntry testId="dada8ca8-4b93-2576-7dc2-24ad301081c5" executionId="dca02e8f-09d8-4d59-bb35-60bee88335ca" testListId="8c84fa94-04c1-424b-9868-57a2d4851a1d" />
    <TestEntry testId="7a326ffb-1619-09b8-57b3-ecbcf3aa5a27" executionId="d81009bb-d27e-4347-9cf5-d7151d2322c5" testListId="8c84fa94-04c1-424b-9868-57a2d4851a1d" />
    <TestEntry testId="f8a5ec4b-5c6e-5e77-49e2-4283b545d0f8" executionId="bc54b2ca-9965-4ab6-bed1-b2e732136257" testListId="8c84fa94-04c1-424b-9868-57a2d4851a1d" />
    <TestEntry testId="f4ad1f79-869d-1cd7-30db-6fe774713aca" executionId="d0f6ef5d-c504-430c-b33d-95014caea3f7" testListId="8c84fa94-04c1-424b-9868-57a2d4851a1d" />
    <TestEntry testId="0aef47ae-88ca-2448-586e-ae6e6f8233bc" executionId="929125b8-735c-4de5-8d43-e79511c7adf7" testListId="8c84fa94-04c1-424b-9868-57a2d4851a1d" />
    <TestEntry testId="501469e5-a4e3-8677-c644-947ad2a6aeca" executionId="e63afc9b-4eb6-4904-939f-fd9654f49039" testListId="8c84fa94-04c1-424b-9868-57a2d4851a1d" />
    <TestEntry testId="2064bd9e-2263-d198-da3d-0db71bf41511" executionId="5257432e-552e-4a9f-b7be-9175ad04be3a" testListId="8c84fa94-04c1-424b-9868-57a2d4851a1d" />
    <TestEntry testId="6de6ef29-c0da-5ad4-3808-520a2a6247cd" executionId="2fa852c6-8b4c-452e-b8e8-366b5bc596cd" testListId="8c84fa94-04c1-424b-9868-57a2d4851a1d" />
    <TestEntry testId="f2c32d36-8148-bd45-2c13-0b833d7963d4" executionId="cb2cbb00-ac56-46e4-a508-92d185139324" testListId="8c84fa94-04c1-424b-9868-57a2d4851a1d" />
    <TestEntry testId="4c7b8df8-75dd-6575-b7f2-cc9d400be737" executionId="532326a2-9dd3-4c40-b31f-d82b6002bb47" testListId="8c84fa94-04c1-424b-9868-57a2d4851a1d" />
    <TestEntry testId="c77916d6-1ad2-a193-7f37-d09ae813d2a8" executionId="c4fc578b-066a-4ca9-b359-cd594c89644f" testListId="8c84fa94-04c1-424b-9868-57a2d4851a1d" />
    <TestEntry testId="1cd7d2f5-d083-ce86-adaf-db2f9e0b5008" executionId="225645cf-3c4b-459f-9835-1680a53364d7" testListId="8c84fa94-04c1-424b-9868-57a2d4851a1d" />
    <TestEntry testId="8257b719-3ef5-439c-d9a9-9a2366d2e1be" executionId="52058df9-87e1-40ef-9d8e-cbf85b7125ed" testListId="8c84fa94-04c1-424b-9868-57a2d4851a1d" />
    <TestEntry testId="ef5f9c2b-1ed7-834d-37fd-a17dedefb406" executionId="16716d2e-7af6-4fe3-ab02-108b3a05ad1f" testListId="8c84fa94-04c1-424b-9868-57a2d4851a1d" />
    <TestEntry testId="dac30810-fbfb-2322-8292-3168f4a77b3a" executionId="cc8eb7e5-0f41-494e-8f32-b89553554a30" testListId="8c84fa94-04c1-424b-9868-57a2d4851a1d" />
    <TestEntry testId="8d31f899-55d4-eb51-ed69-f1dc9b109b6b" executionId="51710399-f79f-455d-80ac-34c42a7400a4" testListId="8c84fa94-04c1-424b-9868-57a2d4851a1d" />
    <TestEntry testId="3d36ab32-1d17-631d-c047-bb0c5e331769" executionId="975f7a59-fd58-4a4c-9237-ddb440b07548" testListId="8c84fa94-04c1-424b-9868-57a2d4851a1d" />
    <TestEntry testId="81340934-287f-2a44-464a-666781d8d82c" executionId="69018341-5c75-42ba-ad50-8e4042f18bdb" testListId="8c84fa94-04c1-424b-9868-57a2d4851a1d" />
    <TestEntry testId="bd48907b-13cd-4cd1-9a0f-5105d31d3f5c" executionId="0ef8a3bb-2127-468f-8b76-8265a8ef5bc0" testListId="8c84fa94-04c1-424b-9868-57a2d4851a1d" />
    <TestEntry testId="0383b86f-4dd4-df49-eda7-f3f22c92c4e4" executionId="aa3ee416-835b-4288-96b1-3b07da36db40" testListId="8c84fa94-04c1-424b-9868-57a2d4851a1d" />
  </TestEntries>
  <TestLists>
    <TestList name="Results Not in a List" id="8c84fa94-04c1-424b-9868-57a2d4851a1d" />
    <TestList name="All Loaded Results" id="19431567-8539-422a-85d7-44ee4e166bda" />
  </TestLists>
  <ResultSummary outcome="Completed">
    <Counters total="54" executed="54" passed="54" failed="0" error="0" timeout="0" aborted="0" inconclusive="0" passedButRunAborted="0" notRunnable="0" notExecuted="0" disconnected="0" warning="0" completed="0" inProgress="0" pending="0" />
    <Output>
      <StdOut>[xUnit.net 00:00:00.02] xUnit.net VSTest Adapter v3.1.5+1b188a7b0a (64-bit .NET 10.0.10)
[xUnit.net 00:00:03.87]   Discovering: Sillar.Modules.Cms.Tests
[xUnit.net 00:00:07.20]   Discovered:  Sillar.Modules.Cms.Tests
[xUnit.net 00:00:09.22]   Starting:    Sillar.Modules.Cms.Tests
[xUnit.net 00:00:27.11]   Finished:    Sillar.Modules.Cms.Tests (ID = '8edd3895d2e5e9865dbe10d66869a534c7b478e3d20dff12ab1f412a2792d9ec')
</StdOut>
    </Output>
  </ResultSummary>
</TestRun>